Component: ARM Compiler 5.05 update 2 (build 169) Tool: armlink [4d0f33]

==============================================================================

Section Cross References

    system_stm32f10x.o(.text) refers to system_stm32f10x.o(.data) for SystemCoreClock
    startup_stm32f10x_hd.o(RESET) refers to startup_stm32f10x_hd.o(STACK) for __initial_sp
    startup_stm32f10x_hd.o(RESET) refers to startup_stm32f10x_hd.o(.text) for Reset_Handler
    startup_stm32f10x_hd.o(RESET) refers to stm32f10x_it.o(.text) for NMI_Handler
    startup_stm32f10x_hd.o(RESET) refers to bsp_timer.o(.text) for TIM1_CC_IRQHandler
    startup_stm32f10x_hd.o(RESET) refers to usart.o(.text) for USART1_IRQHandler
    startup_stm32f10x_hd.o(.text) refers to system_stm32f10x.o(.text) for SystemInit
    startup_stm32f10x_hd.o(.text) refers to entry.o(.ARM.Collect$$$$00000000) for __main
    stm32f10x_gpio.o(.text) refers to stm32f10x_rcc.o(.text) for RCC_APB2PeriphResetCmd
    stm32f10x_rcc.o(.text) refers to stm32f10x_rcc.o(.data) for APBAHBPrescTable
    stm32f10x_usart.o(.text) refers to stm32f10x_rcc.o(.text) for RCC_APB2PeriphResetCmd
    stm32f10x_adc.o(.text) refers to stm32f10x_rcc.o(.text) for RCC_APB2PeriphResetCmd
    stm32f10x_bkp.o(.text) refers to stm32f10x_rcc.o(.text) for RCC_BackupResetCmd
    stm32f10x_can.o(.text) refers to stm32f10x_rcc.o(.text) for RCC_APB1PeriphResetCmd
    stm32f10x_cec.o(.text) refers to stm32f10x_rcc.o(.text) for RCC_APB1PeriphResetCmd
    stm32f10x_dac.o(.text) refers to stm32f10x_rcc.o(.text) for RCC_APB1PeriphResetCmd
    stm32f10x_i2c.o(.text) refers to stm32f10x_rcc.o(.text) for RCC_APB1PeriphResetCmd
    stm32f10x_pwr.o(.text) refers to stm32f10x_rcc.o(.text) for RCC_APB1PeriphResetCmd
    stm32f10x_spi.o(.text) refers to stm32f10x_rcc.o(.text) for RCC_APB2PeriphResetCmd
    stm32f10x_tim.o(.text) refers to stm32f10x_rcc.o(.text) for RCC_APB2PeriphResetCmd
    stm32f10x_wwdg.o(.text) refers to stm32f10x_rcc.o(.text) for RCC_APB1PeriphResetCmd
    delay.o(.text) refers to delay.o(.data) for fac_us
    sys.o(.text) refers to printfa.o(i.__0sprintf) for __2sprintf
    sys.o(.text) refers to misc.o(.text) for NVIC_PriorityGroupConfig
    sys.o(.text) refers to sys.o(.emb_text) for WFI_SET
    usart.o(.text) refers to stm32f10x_usart.o(.text) for USART_GetFlagStatus
    usart.o(.text) refers to sys.o(.text) for MY_NVIC_Init
    usart.o(.text) refers to stm32f10x_rcc.o(.text) for RCC_APB2PeriphClockCmd
    usart.o(.text) refers to stm32f10x_gpio.o(.text) for GPIO_Init
    main.o(.text) refers to stm32f10x_gpio.o(.text) for GPIO_ResetBits
    main.o(.text) refers to lapi.o(.text) for lua_tonumberx
    main.o(.text) refers to dfixi.o(.text) for __aeabi_d2iz
    main.o(.text) refers to delay.o(.text) for delay_ms
    main.o(.text) refers to dfixui.o(.text) for __aeabi_d2uiz
    main.o(.text) refers to bsp_adc.o(.text) for ADC_Manage
    main.o(.text) refers to dfltui.o(.text) for __aeabi_ui2d
    main.o(.text) refers to pro_logic.o(.text) for IO_Output_Manage
    main.o(.text) refers to d2f.o(.text) for __aeabi_d2f
    main.o(.text) refers to bsp_timer.o(.text) for PWM_OutManage
    main.o(.text) refers to lauxlib.o(.text) for luaL_setfuncs
    main.o(.text) refers to linit.o(.text) for luaL_openlibs
    main.o(.text) refers to lbaselib.o(.text) for luaopen_base
    main.o(.text) refers to lstate.o(.text) for lua_close
    main.o(.text) refers to bsp_led.o(.text) for LED_Init
    main.o(.text) refers to usart.o(.text) for USARTx_Init
    main.o(.text) refers to bsp_74h595.o(.text) for H595_Init
    main.o(.text) refers to bsp_74h165.o(.text) for H165_Init
    main.o(.text) refers to main.o(.constdata) for mylib
    main.o(.constdata) refers to main.o(.conststring) for .conststring
    main.o(.constdata) refers to main.o(.text) for lua_led_on
    pro_logic.o(.text) refers to bsp_74h595.o(.text) for H595_WriteData
    pro_logic.o(.text) refers to bsp_74h165.o(.text) for H165_ReadData
    pro_logic.o(.text) refers to pro_logic.o(.data) for hc595_test
    bsp_led.o(.text) refers to stm32f10x_rcc.o(.text) for RCC_APB2PeriphClockCmd
    bsp_led.o(.text) refers to stm32f10x_gpio.o(.text) for GPIO_Init
    bsp_led.o(.text) refers to stm32f10x_pwr.o(.text) for PWR_BackupAccessCmd
    bsp_led.o(.text) refers to stm32f10x_bkp.o(.text) for BKP_TamperPinCmd
    bsp_74h595.o(.text) refers to stm32f10x_rcc.o(.text) for RCC_APB2PeriphClockCmd
    bsp_74h595.o(.text) refers to stm32f10x_gpio.o(.text) for GPIO_Init
    bsp_74h595.o(.text) refers to delay.o(.text) for delay_us
    bsp_74h165.o(.text) refers to stm32f10x_rcc.o(.text) for RCC_APB2PeriphClockCmd
    bsp_74h165.o(.text) refers to stm32f10x_gpio.o(.text) for GPIO_Init
    bsp_74h165.o(.text) refers to delay.o(.text) for delay_us
    bsp_adc.o(.text) refers to stm32f10x_rcc.o(.text) for RCC_AHBPeriphClockCmd
    bsp_adc.o(.text) refers to stm32f10x_gpio.o(.text) for GPIO_Init
    bsp_adc.o(.text) refers to stm32f10x_dma.o(.text) for DMA_DeInit
[...]
    TIM_OC2FastConfig                        0x0800229f   Thumb Code    26  stm32f10x_tim.o(.text)
    TIM_OC3FastConfig                        0x080022b9   Thumb Code    18  stm32f10x_tim.o(.text)
    TIM_OC4FastConfig                        0x080022cb   Thumb Code    26  stm32f10x_tim.o(.text)
    TIM_ClearOC1Ref                          0x080022e5   Thumb Code    18  stm32f10x_tim.o(.text)
    TIM_ClearOC2Ref                          0x080022f7   Thumb Code    24  stm32f10x_tim.o(.text)
    TIM_ClearOC3Ref                          0x0800230f   Thumb Code    18  stm32f10x_tim.o(.text)
    TIM_ClearOC4Ref                          0x08002321   Thumb Code    24  stm32f10x_tim.o(.text)
    TIM_OC1PolarityConfig                    0x08002339   Thumb Code    18  stm32f10x_tim.o(.text)
    TIM_OC1NPolarityConfig                   0x0800234b   Thumb Code    18  stm32f10x_tim.o(.text)
    TIM_OC2PolarityConfig                    0x0800235d   Thumb Code    26  stm32f10x_tim.o(.text)
    TIM_OC2NPolarityConfig                   0x08002377   Thumb Code    26  stm32f10x_tim.o(.text)
    TIM_OC3PolarityConfig                    0x08002391   Thumb Code    26  stm32f10x_tim.o(.text)
    TIM_OC3NPolarityConfig                   0x080023ab   Thumb Code    26  stm32f10x_tim.o(.text)
    TIM_OC4PolarityConfig                    0x080023c5   Thumb Code    26  stm32f10x_tim.o(.text)
    TIM_CCxCmd                               0x080023df   Thumb Code    30  stm32f10x_tim.o(.text)
    TIM_CCxNCmd                              0x080023fd   Thumb Code    30  stm32f10x_tim.o(.text)
    TIM_SelectOCxM                           0x0800241b   Thumb Code    82  stm32f10x_tim.o(.text)
    TIM_UpdateDisableConfig                  0x0800246d   Thumb Code    24  stm32f10x_tim.o(.text)
    TIM_UpdateRequestConfig                  0x08002485   Thumb Code    24  stm32f10x_tim.o(.text)
    TIM_SelectHallSensor                     0x0800249d   Thumb Code    24  stm32f10x_tim.o(.text)
    TIM_SelectOnePulseMode                   0x080024b5   Thumb Code    18  stm32f10x_tim.o(.text)
    TIM_SelectOutputTrigger                  0x080024c7   Thumb Code    18  stm32f10x_tim.o(.text)
    TIM_SelectSlaveMode                      0x080024d9   Thumb Code    18  stm32f10x_tim.o(.text)
    TIM_SelectMasterSlaveMode                0x080024eb   Thumb Code    18  stm32f10x_tim.o(.text)
    TIM_SetCounter                           0x080024fd   Thumb Code     4  stm32f10x_tim.o(.text)
    TIM_SetAutoreload                        0x08002501   Thumb Code     4  stm32f10x_tim.o(.text)
    TIM_SetCompare1                          0x08002505   Thumb Code     4  stm32f10x_tim.o(.text)
    TIM_SetCompare2                          0x08002509   Thumb Code     4  stm32f10x_tim.o(.text)
    TIM_SetCompare3                          0x0800250d   Thumb Code     4  stm32f10x_tim.o(.text)
    TIM_SetCompare4                          0x08002511   Thumb Code     6  stm32f10x_tim.o(.text)
    TIM_SetClockDivision                     0x08002517   Thumb Code    18  stm32f10x_tim.o(.text)
    TIM_GetCapture1                          0x08002529   Thumb Code     6  stm32f10x_tim.o(.text)
    TIM_GetCapture2                          0x0800252f   Thumb Code     6  stm32f10x_tim.o(.text)
    TIM_GetCapture3                          0x08002535   Thumb Code     6  stm32f10x_tim.o(.text)
    TIM_GetCapture4                          0x0800253b   Thumb Code     8  stm32f10x_tim.o(.text)
    TIM_GetCounter                           0x08002543   Thumb Code     6  stm32f10x_tim.o(.text)
    TIM_GetPrescaler                         0x08002549   Thumb Code     6  stm32f10x_tim.o(.text)
    TIM_GetFlagStatus                        0x0800254f   Thumb Code    18  stm32f10x_tim.o(.text)
    TIM_ClearFlag                            0x08002561   Thumb Code     6  stm32f10x_tim.o(.text)
    TIM_GetITStatus                          0x08002567   Thumb Code    34  stm32f10x_tim.o(.text)
    TIM_ClearITPendingBit                    0x08002589   Thumb Code     6  stm32f10x_tim.o(.text)
    delay_init                               0x08002591   Thumb Code    56  delay.o(.text)
    delay_us                                 0x080025c9   Thumb Code    72  delay.o(.text)
    delay_ms                                 0x08002611   Thumb Code    72  delay.o(.text)
    STM32_Flash_Capacity                     0x08002661   Thumb Code   154  sys.o(.text)
    STM32_CPUID                              0x080026fb   Thumb Code    20  sys.o(.text)
    MY_NVIC_SetVectorTable                   0x0800270f   Thumb Code    14  sys.o(.text)
    MY_NVIC_PriorityGroup_Config             0x0800271d   Thumb Code    12  sys.o(.text)
    MY_NVIC_Init                             0x08002729   Thumb Code    42  sys.o(.text)
    MY_RCC_DeInit                            0x08002753   Thumb Code    90  sys.o(.text)
    SYS_Standby                              0x080027ad   Thumb Code    68  sys.o(.text)
    SYS_SoftReset                            0x080027f1   Thumb Code    10  sys.o(.text)
    STM_JTAG_Set                             0x080027fb   Thumb Code    36  sys.o(.text)
    STM_Clock_Init                           0x0800281f   Thumb Code   134  sys.o(.text)
    BCD_to_HEX                               0x080028a5   Thumb Code    26  sys.o(.text)
    HEX_to_BCD                               0x080028bf   Thumb Code    20  sys.o(.text)
    DX_to_HX                                 0x080028d3   Thumb Code    70  sys.o(.text)
    HX_to_DX                                 0x08002919   Thumb Code    48  sys.o(.text)
    fputc                                    0x0800297d   Thumb Code    24  usart.o(.text)
    fgetc                                    0x08002995   Thumb Code    26  usart.o(.text)
    USARTx_Init                              0x080029af   Thumb Code   170  usart.o(.text)
    USART1_IRQHandler                        0x08002a59   Thumb Code    30  usart.o(.text)
    time                                     0x08002a81   Thumb Code     6  main.o(.text)
    exit                                     0x08002a87   Thumb Code     2  main.o(.text)
    system                                   0x08002a89   Thumb Code     6  main.o(.text)
    luaopen_mylib                            0x08002c77   Thumb Code    26  main.o(.text)
    main                                     0x08002d1d   Thumb Code   124  main.o(.text)
    OR_LogicModule_Manage                    0x08002db5   Thumb Code    14  pro_logic.o(.text)
    AND_LogicModule_Manage                   0x08002dc3   Thumb Code    14  pro_logic.o(.text)
    NOT_LogicModule_Manage                   0x08002dd1   Thumb Code    12  pro_logic.o(.text)
    IO_Output_Manage                         0x08002ddd   Thumb Code   134  pro_logic.o(.text)
    IO_Input_Manage                          0x08002e63   Thumb Code   104  pro_logic.o(.text)
    LED_Init                                 0x08002ed5   Thumb Code    78  bsp_led.o(.text)
    H595_Init                                0x08002f29   Thumb Code   124  bsp_74h595.o(.text)
    H595_WriteData                           0x08002fa5   Thumb Code   126  bsp_74h595.o(.text)
    H595_OutputEn                            0x08003023   Thumb Code    36  bsp_74h595.o(.text)
    H165_Init                                0x0800304d   Thumb Code   124  bsp_74h165.o(.text)
    H165_ReadData                            0x080030c9   Thumb Code   130  bsp_74h165.o(.text)
    BSP_ADC_Init                             0x08003151   Thumb Code   368  bsp_adc.o(.text)
    BSP_GetAdcValue                          0x080032c1   Thumb Code   970  bsp_adc.o(.text)
    ADC_Manage                               0x0800368b   Thumb Code   258  bsp_adc.o(.text)
    TIM5_PWM_Init                            0x080037e9   Thumb Code   134  bsp_timer.o(.text)
    TIM4_PWM_Init                            0x0800386f   Thumb Code    96  bsp_timer.o(.text)
    TIM4_IRQHandler                          0x080038cf   Thumb Code   422  bsp_timer.o(.text)
    PWM_OutManage                            0x08003a75   Thumb Code   106  bsp_timer.o(.text)
    PWM_init                                 0x08003adf   Thumb Code    98  bsp_timer.o(.text)
    TIMx_Cap_Init                            0x08003b41   Thumb Code   292  bsp_timer.o(.text)
    TIM1_CC_IRQHandler                       0x08003c65   Thumb Code   306  bsp_timer.o(.text)
    TIM2_IRQHandler                          0x08003d97   Thumb Code   312  bsp_timer.o(.text)
    TIM3_IRQHandler                          0x08003ecf   Thumb Code   306  bsp_timer.o(.text)
    TIM8_CC_IRQHandler                       0x08004001   Thumb Code   382  bsp_timer.o(.text)
    PWM_InManage                             0x0800417f   Thumb Code   700  bsp_timer.o(.text)
    TIM6_Config                              0x0800443b   Thumb Code   192  bsp_timer.o(.text)
    BspTim6Close                             0x080044fb   Thumb Code    22  bsp_timer.o(.text)
    TIM6_IRQHandler                          0x08004511   Thumb Code    52  bsp_timer.o(.text)
    callbackfun                              0x08004545   Thumb Code   134  bsp_timer.o(.text)
    soft_timer_init                          0x080045cb   Thumb Code    48  bsp_timer.o(.text)
    soft_timer_registered                    0x080045fb   Thumb Code    54  bsp_timer.o(.text)
    set_timer                                0x08004631   Thumb Code    66  bsp_timer.o(.text)
    soft_timer_delete                        0x08004673   Thumb Code    18  bsp_timer.o(.text)
    soft_timer_exec                          0x08004685   Thumb Code    78  bsp_timer.o(.text)
    PWM_Out_Init                             0x080046d3   Thumb Code    96  bsp_timer.o(.text)
    lua_checkstack                           0x080047bd   Thumb Code   106  lapi.o(.text)
    lua_xmove                                0x08004827   Thumb Code    54  lapi.o(.text)
    lua_atpanic                              0x0800485d   Thumb Code    12  lapi.o(.text)
    lua_version                              0x08004869   Thumb Code    16  lapi.o(.text)
    lua_absindex                             0x08004879   Thumb Code    30  lapi.o(.text)
    lua_gettop                               0x08004897   Thumb Code    16  lapi.o(.text)
    lua_settop                               0x080048a7   Thumb Code    62  lapi.o(.text)
    lua_rotate                               0x08004917   Thumb Code    80  lapi.o(.text)
    lua_copy                                 0x08004967   Thumb Code   100  lapi.o(.text)
    lua_pushvalue                            0x080049cb   Thumb Code    36  lapi.o(.text)
    lua_type                                 0x080049ef   Thumb Code    36  lapi.o(.text)
    lua_typename                             0x08004a13   Thumb Code    12  lapi.o(.text)
    lua_iscfunction                          0x08004a1f   Thumb Code    36  lapi.o(.text)
    lua_isinteger                            0x08004a43   Thumb Code    30  lapi.o(.text)
    lua_isnumber                             0x08004a61   Thumb Code    44  lapi.o(.text)
    lua_isstring                             0x08004a8d   Thumb Code    44  lapi.o(.text)
    lua_isuserdata                           0x08004ab9   Thumb Code    36  lapi.o(.text)
    lua_rawequal                             0x08004add   Thumb Code    58  lapi.o(.text)
    lua_arith                                0x08004b17   Thumb Code   102  lapi.o(.text)
    lua_compare                              0x08004b7d   Thumb Code   110  lapi.o(.text)
    lua_stringtonumber                       0x08004beb   Thumb Code    30  lapi.o(.text)
    lua_tonumberx                            0x08004c09   Thumb Code    68  lapi.o(.text)
    lua_tointegerx                           0x08004c4d   Thumb Code    70  lapi.o(.text)
    lua_toboolean                            0x08004c93   Thumb Code    38  lapi.o(.text)
    lua_tolstring                            0x08004cb9   Thumb Code   116  lapi.o(.text)
    lua_rawlen                               0x08004d2d   Thumb Code    70  lapi.o(.text)
    lua_tocfunction                          0x08004d73   Thumb Code    42  lapi.o(.text)
    lua_touserdata                           0x08004d9d   Thumb Code    44  lapi.o(.text)
    lua_tothread                             0x08004dc9   Thumb Code    30  lapi.o(.text)
    lua_topointer                            0x08004de7   Thumb Code    90  lapi.o(.text)
    lua_pushnil                              0x08004e41   Thumb Code    14  lapi.o(.text)
    lua_pushnumber                           0x08004e4f   Thumb Code    20  lapi.o(.text)
    lua_pushinteger                          0x08004e63   Thumb Code    20  lapi.o(.text)
    lua_pushlstring                          0x08004e77   Thumb Code    78  lapi.o(.text)
    lua_pushstring                           0x08004ec5   Thumb Code    72  lapi.o(.text)
    lua_pushvfstring                         0x08004f0d   Thumb Code    38  lapi.o(.text)
    lua_pushfstring                          0x08004f33   Thumb Code    50  lapi.o(.text)
    lua_pushcclosure                         0x08004f65   Thumb Code   122  lapi.o(.text)
    lua_pushboolean                          0x08004fdf   Thumb Code    24  lapi.o(.text)
    lua_pushlightuserdata                    0x08004ff7   Thumb Code    16  lapi.o(.text)
    lua_pushthread                           0x08005007   Thumb Code    34  lapi.o(.text)
    lua_getglobal                            0x080050a5   Thumb Code    38  lapi.o(.text)
    lua_gettable                             0x080050cb   Thumb Code   100  lapi.o(.text)
    lua_getfield                             0x0800512f   Thumb Code    34  lapi.o(.text)
    lua_geti                                 0x08005151   Thumb Code   128  lapi.o(.text)
    lua_rawget                               0x080051d1   Thumb Code    62  lapi.o(.text)
    lua_rawgeti                              0x0800520f   Thumb Code    72  lapi.o(.text)
    lua_rawgetp                              0x08005257   Thumb Code    76  lapi.o(.text)
    lua_createtable                          0x080052a3   Thumb Code    74  lapi.o(.text)
    lua_getmetatable                         0x080052ed   Thumb Code    96  lapi.o(.text)
    lua_getuservalue                         0x0800534d   Thumb Code    50  lapi.o(.text)
    lua_setglobal                            0x08005431   Thumb Code    38  lapi.o(.text)
    lua_settable                             0x08005457   Thumb Code   148  lapi.o(.text)
    lua_setfield                             0x080054eb   Thumb Code    34  lapi.o(.text)
    lua_seti                                 0x0800550d   Thumb Code   178  lapi.o(.text)
    lua_rawset                               0x080055bf   Thumb Code   116  lapi.o(.text)
    lua_rawseti                              0x08005633   Thumb Code    98  lapi.o(.text)
    lua_rawsetp                              0x08005695   Thumb Code   118  lapi.o(.text)
    lua_setmetatable                         0x0800570b   Thumb Code   182  lapi.o(.text)
    lua_setuservalue                         0x080057c1   Thumb Code    98  lapi.o(.text)
    lua_callk                                0x08005823   Thumb Code    92  lapi.o(.text)
    lua_pcallk                               0x08005893   Thumb Code   192  lapi.o(.text)
    lua_load                                 0x08005953   Thumb Code   134  lapi.o(.text)
    lua_dump                                 0x080059d9   Thumb Code    58  lapi.o(.text)
    lua_status                               0x08005a13   Thumb Code     6  lapi.o(.text)
    lua_gc                                   0x08005a19   Thumb Code   222  lapi.o(.text)
    lua_error                                0x08005af7   Thumb Code    14  lapi.o(.text)
    lua_next                                 0x08005b05   Thumb Code    56  lapi.o(.text)
    lua_concat                               0x08005b3d   Thumb Code    78  lapi.o(.text)
    lua_len                                  0x08005b8b   Thumb Code    34  lapi.o(.text)
    lua_getallocf                            0x08005bad   Thumb Code    16  lapi.o(.text)
    lua_setallocf                            0x08005bbd   Thumb Code    10  lapi.o(.text)
    lua_newuserdata                          0x08005bc7   Thumb Code    54  lapi.o(.text)
    lua_getupvalue                           0x08005c83   Thumb Code    98  lapi.o(.text)
    lua_setupvalue                           0x08005ce5   Thumb Code   168  lapi.o(.text)
    lua_upvalueid                            0x08005db9   Thumb Code    72  lapi.o(.text)
    lua_upvaluejoin                          0x08005e01   Thumb Code   122  lapi.o(.text)
    luaL_where                               0x0800607f   Thumb Code    64  lauxlib.o(.text)
    luaL_error                               0x080060bf   Thumb Code    52  lauxlib.o(.text)
    luaL_checkstack                          0x080060f3   Thumb Code    42  lauxlib.o(.text)
    luaL_traceback                           0x0800611d   Thumb Code   228  lauxlib.o(.text)
    luaL_argerror                            0x08006201   Thumb Code   122  lauxlib.o(.text)
    luaL_getmetafield                        0x0800627b   Thumb Code   402  lauxlib.o(.text)
    luaL_fileresult                          0x08006495   Thumb Code    92  lauxlib.o(.text)
    luaL_execresult                          0x080064f1   Thumb Code    70  lauxlib.o(.text)
    luaL_newmetatable                        0x08006537   Thumb Code    86  lauxlib.o(.text)
    luaL_setmetatable                        0x0800658d   Thumb Code    28  lauxlib.o(.text)
    luaL_testudata                           0x080065a9   Thumb Code    78  lauxlib.o(.text)
    luaL_checkudata                          0x080065f7   Thumb Code    40  lauxlib.o(.text)
    luaL_checklstring                        0x0800661f   Thumb Code    40  lauxlib.o(.text)
    luaL_optlstring                          0x08006647   Thumb Code    58  lauxlib.o(.text)
    luaL_checkoption                         0x08006681   Thumb Code    96  lauxlib.o(.text)
    luaL_checktype                           0x080066e1   Thumb Code    32  lauxlib.o(.text)
    luaL_checkany                            0x08006701   Thumb Code    30  lauxlib.o(.text)
    luaL_checknumber                         0x0800671f   Thumb Code    40  lauxlib.o(.text)
    luaL_optnumber                           0x08006747   Thumb Code    42  lauxlib.o(.text)
    luaL_checkinteger                        0x08006799   Thumb Code    38  lauxlib.o(.text)
    luaL_optinteger                          0x080067bf   Thumb Code    42  lauxlib.o(.text)
    luaL_prepbuffsize                        0x08006921   Thumb Code   122  lauxlib.o(.text)
    luaL_addlstring                          0x0800699b   Thumb Code    44  lauxlib.o(.text)
    luaL_addstring                           0x080069c7   Thumb Code    26  lauxlib.o(.text)
    luaL_pushresult                          0x080069e1   Thumb Code    60  lauxlib.o(.text)
    luaL_pushresultsize                      0x08006a1d   Thumb Code    20  lauxlib.o(.text)
    luaL_addvalue                            0x08006a31   Thumb Code    94  lauxlib.o(.text)
    luaL_buffinit                            0x08006a8f   Thumb Code    20  lauxlib.o(.text)
    luaL_buffinitsize                        0x08006aa3   Thumb Code    26  lauxlib.o(.text)
    luaL_ref                                 0x08006abd   Thumb Code   132  lauxlib.o(.text)
    luaL_unref                               0x08006b41   Thumb Code    70  lauxlib.o(.text)
    luaL_loadfilex                           0x08006cf9   Thumb Code   264  lauxlib.o(.text)
    luaL_loadbufferx                         0x08006e1d   Thumb Code    40  lauxlib.o(.text)
    luaL_loadstring                          0x08006e45   Thumb Code    32  lauxlib.o(.text)
    luaL_callmeta                            0x08006e65   Thumb Code    62  lauxlib.o(.text)
    luaL_len                                 0x08006ea3   Thumb Code    58  lauxlib.o(.text)
    luaL_tolstring                           0x08006edd   Thumb Code   298  lauxlib.o(.text)
    luaL_setfuncs                            0x08007007   Thumb Code    84  lauxlib.o(.text)
    luaL_getsubtable                         0x0800705b   Thumb Code    80  lauxlib.o(.text)
    luaL_requiref                            0x080070ab   Thumb Code   364  lauxlib.o(.text)
    luaL_gsub                                0x08007217   Thumb Code   100  lauxlib.o(.text)
    luaL_newstate                            0x080072c3   Thumb Code    26  lauxlib.o(.text)
    luaL_checkversion_                       0x080072dd   Thumb Code    96  lauxlib.o(.text)
    luaopen_base                             0x08007eab   Thumb Code    72  lbaselib.o(.text)
    luaK_codeABC                             0x08008149   Thumb Code    38  lcode.o(.text)
    luaK_nil                                 0x0800816f   Thumb Code   144  lcode.o(.text)
    luaK_concat                              0x080081ff   Thumb Code    68  lcode.o(.text)
    luaK_codeABx                             0x08008243   Thumb Code    30  lcode.o(.text)
    luaK_jump                                0x08008261   Thumb Code    40  lcode.o(.text)
    luaK_ret                                 0x08008289   Thumb Code    26  lcode.o(.text)
    luaK_getlabel                            0x080082cd   Thumb Code    10  lcode.o(.text)
    luaK_patchtohere                         0x080082fb   Thumb Code    26  lcode.o(.text)
    luaK_patchlist                           0x08008315   Thumb Code    40  lcode.o(.text)
    luaK_patchclose                          0x0800833d   Thumb Code    50  lcode.o(.text)
    luaK_codek                               0x080083b5   Thumb Code    58  lcode.o(.text)
    luaK_checkstack                          0x080083ef   Thumb Code    38  lcode.o(.text)
    luaK_reserveregs                         0x08008415   Thumb Code    26  lcode.o(.text)
    luaK_stringK                             0x0800859f   Thumb Code    34  lcode.o(.text)
    luaK_intK                                0x080085c1   Thumb Code    42  lcode.o(.text)
    luaK_setreturns                          0x0800864b   Thumb Code    96  lcode.o(.text)
    luaK_setoneret                           0x080086ab   Thumb Code    70  lcode.o(.text)
    luaK_dischargevars                       0x080086f1   Thumb Code   130  lcode.o(.text)
    luaK_exp2nextreg                         0x080089b7   Thumb Code    46  lcode.o(.text)
    luaK_exp2anyreg                          0x080089e5   Thumb Code    68  lcode.o(.text)
    luaK_exp2anyregup                        0x08008a29   Thumb Code    30  lcode.o(.text)
    luaK_exp2val                             0x08008a47   Thumb Code    34  lcode.o(.text)
    luaK_exp2RK                              0x08008a69   Thumb Code   138  lcode.o(.text)
    luaK_storevar                            0x08008af3   Thumb Code   134  lcode.o(.text)
    luaK_self                                0x08008b79   Thumb Code    82  lcode.o(.text)
    luaK_goiftrue                            0x08008c59   Thumb Code   104  lcode.o(.text)
    luaK_goiffalse                           0x08008cc1   Thumb Code    84  lcode.o(.text)
    luaK_indexed                             0x08008da1   Thumb Code    44  lcode.o(.text)
    luaK_fixline                             0x08008eff   Thumb Code    14  lcode.o(.text)
    luaK_prefix                              0x08009031   Thumb Code    86  lcode.o(.text)
    luaK_infix                               0x08009087   Thumb Code   124  lcode.o(.text)
    luaK_posfix                              0x08009103   Thumb Code   302  lcode.o(.text)
    luaK_setlist                             0x08009231   Thumb Code   108  lcode.o(.text)
    luaopen_coroutine                        0x08009537   Thumb Code    42  lcorolib.o(.text)
    luaopen_debug                            0x0800a07d   Thumb Code    42  ldblib.o(.text)
    lua_sethook                              0x0800a10d   Thumb Code    42  ldebug.o(.text)
    lua_gethook                              0x0800a137   Thumb Code     6  ldebug.o(.text)
    lua_gethookmask                          0x0800a13d   Thumb Code     6  ldebug.o(.text)
    lua_gethookcount                         0x0800a143   Thumb Code     6  ldebug.o(.text)
    lua_getstack                             0x0800a149   Thumb Code    56  ldebug.o(.text)
    lua_getlocal                             0x0800a24d   Thumb Code   104  ldebug.o(.text)
    lua_setlocal                             0x0800a2b5   Thumb Code    70  ldebug.o(.text)
    lua_getinfo                              0x0800a8b5   Thumb Code   140  ldebug.o(.text)
    luaG_errormsg                            0x0800aa87   Thumb Code    80  ldebug.o(.text)
    luaG_addinfo                             0x0800aad7   Thumb Code    58  ldebug.o(.text)
    luaG_runerror                            0x0800ab11   Thumb Code    76  ldebug.o(.text)
    luaG_typeerror                           0x0800ab5d   Thumb Code    48  ldebug.o(.text)
    luaG_concaterror                         0x0800ab8d   Thumb Code    42  ldebug.o(.text)
    luaG_opinterror                          0x0800abb7   Thumb Code    56  ldebug.o(.text)
    luaG_tointerror                          0x0800abef   Thumb Code    66  ldebug.o(.text)
    luaG_ordererror                          0x0800ac31   Thumb Code    68  ldebug.o(.text)
    luaG_traceexec                           0x0800ac75   Thumb Code   244  ldebug.o(.text)
    luaD_throw                               0x0800ae71   Thumb Code   126  ldo.o(.text)
    luaD_rawrunprotected                     0x0800aeef   Thumb Code    54  ldo.o(.text)
    luaD_reallocstack                        0x0800af8f   Thumb Code    88  ldo.o(.text)
    luaD_growstack                           0x0800afe7   Thumb Code    96  ldo.o(.text)
    luaD_shrinkstack                         0x0800b067   Thumb Code    86  ldo.o(.text)
    luaD_inctop                              0x0800b0bd   Thumb Code    36  ldo.o(.text)
    luaD_hook                                0x0800b0e1   Thumb Code   138  ldo.o(.text)
    luaD_poscall                             0x0800b373   Thumb Code    94  ldo.o(.text)
    luaD_precall                             0x0800b3d1   Thumb Code   456  ldo.o(.text)
    luaD_call                                0x0800b5c1   Thumb Code    60  ldo.o(.text)
    luaD_callnoyield                         0x0800b5fd   Thumb Code    40  ldo.o(.text)
    lua_resume                               0x0800b7fd   Thumb Code   204  ldo.o(.text)
    lua_isyieldable                          0x0800b8c9   Thumb Code    16  ldo.o(.text)
    lua_yieldk                               0x0800b8d9   Thumb Code   108  ldo.o(.text)
    luaD_pcall                               0x0800b945   Thumb Code   108  ldo.o(.text)
    luaD_protectedparser                     0x0800ba53   Thumb Code   150  ldo.o(.text)
    luaU_dump                                0x0800bf41   Thumb Code    64  ldump.o(.text)
    luaF_newCclosure                         0x0800bf9d   Thumb Code    36  lfunc.o(.text)
    luaF_newLclosure                         0x0800bfc1   Thumb Code    60  lfunc.o(.text)
    luaF_initupvals                          0x0800bffd   Thumb Code    62  lfunc.o(.text)
    luaF_findupval                           0x0800c03b   Thumb Code    98  lfunc.o(.text)
    luaF_close                               0x0800c09d   Thumb Code    94  lfunc.o(.text)
    luaF_newproto                            0x0800c0fb   Thumb Code    62  lfunc.o(.text)
    luaF_freeproto                           0x0800c139   Thumb Code   108  lfunc.o(.text)
    luaF_getlocalname                        0x0800c1a5   Thumb Code    72  lfunc.o(.text)
    luaC_barrier_                            0x0800c31f   Thumb Code    52  lgc.o(.text)
    luaC_barrierback_                        0x0800c353   Thumb Code    18  lgc.o(.text)
    luaC_upvalbarrier_                       0x0800c365   Thumb Code    42  lgc.o(.text)
    luaC_fix                                 0x0800c38f   Thumb Code    24  lgc.o(.text)
    luaC_newobj                              0x0800c3a7   Thumb Code    52  lgc.o(.text)
    luaC_upvdeccount                         0x0800cbab   Thumb Code    40  lgc.o(.text)
    luaC_checkfinalizer                      0x0800cf57   Thumb Code   146  lgc.o(.text)
    luaC_freeallobjects                      0x0800d041   Thumb Code    74  lgc.o(.text)
    luaC_runtilstate                         0x0800d2d5   Thumb Code    32  lgc.o(.text)
    luaC_step                                0x0800d327   Thumb Code   106  lgc.o(.text)
    luaC_fullgc                              0x0800d391   Thumb Code    78  lgc.o(.text)
    luaL_openlibs                            0x0800d3e5   Thumb Code    40  linit.o(.text)
    luaopen_io                               0x0800e12d   Thumb Code    88  liolib.o(.text)
    luaX_token2str                           0x0800e225   Thumb Code    56  llex.o(.text)
    luaX_init                                0x0800e327   Thumb Code    66  llex.o(.text)
    luaX_syntaxerror                         0x0800e369   Thumb Code    18  llex.o(.text)
    luaX_newstring                           0x0800e37b   Thumb Code   106  llex.o(.text)
    luaX_setinput                            0x0800e45b   Thumb Code    86  llex.o(.text)
    luaX_next                                0x0800f2bd   Thumb Code    52  llex.o(.text)
    luaX_lookahead                           0x0800f2f1   Thumb Code    20  llex.o(.text)
    luaopen_math                             0x0800fa2d   Thumb Code   134  lmathlib.o(.text)
    luaM_realloc_                            0x0800fb55   Thumb Code   100  lmem.o(.text)
    luaM_toobig                              0x0800fbb9   Thumb Code    14  lmem.o(.text)
    luaM_growaux_                            0x0800fbc7   Thumb Code   112  lmem.o(.text)
    luaopen_package                          0x08010693   Thumb Code   192  loadlib.o(.text)
    luaO_int2fb                              0x080107b9   Thumb Code    50  lobject.o(.text)
    luaO_fb2int                              0x080107eb   Thumb Code    26  lobject.o(.text)
    luaO_ceillog2                            0x08010805   Thumb Code    24  lobject.o(.text)
    luaO_arith                               0x080109b1   Thumb Code   402  lobject.o(.text)
    luaO_hexavalue                           0x08010b43   Thumb Code    28  lobject.o(.text)
    luaO_str2num                             0x08010dbd   Thumb Code    74  lobject.o(.text)
    luaO_utf8esc                             0x08010e07   Thumb Code    62  lobject.o(.text)
    luaO_tostring                            0x08010e45   Thumb Code   126  lobject.o(.text)
    luaO_pushfstring                         0x08010eef   Thumb Code    34  lobject.o(.text)
    luaO_pushvfstring                        0x08010f11   Thumb Code   506  lobject.o(.text)
    luaO_chunkid                             0x0801110b   Thumb Code   220  lobject.o(.text)
    luaopen_os                               0x0801192d   Thumb Code    42  loslib.o(.text)
    luaY_parser                              0x08013a8f   Thumb Code   144  lparser.o(.text)
    luaE_freeCI                              0x08013b21   Thumb Code    40  lstate.o(.text)
    lua_newstate                             0x08013cf9   Thumb Code   210  lstate.o(.text)
    luaE_setdebt                             0x08013e13   Thumb Code    32  lstate.o(.text)
    luaE_extendCI                            0x08013e33   Thumb Code    40  lstate.o(.text)
    luaE_shrinkCI                            0x08013e5b   Thumb Code    46  lstate.o(.text)
    lua_newthread                            0x08013e89   Thumb Code   118  lstate.o(.text)
    luaE_freethread                          0x08013eff   Thumb Code    36  lstate.o(.text)
    lua_close                                0x08013f23   Thumb Code    16  lstate.o(.text)
    luaS_eqlngstr                            0x08013f3d   Thumb Code    42  lstring.o(.text)
    luaS_hash                                0x08013f67   Thumb Code    38  lstring.o(.text)
    luaS_hashlongstr                         0x08013f8d   Thumb Code    30  lstring.o(.text)
    luaS_resize                              0x08013fab   Thumb Code   180  lstring.o(.text)
    luaS_clearcache                          0x0801405f   Thumb Code    62  lstring.o(.text)
    luaS_createlngstrobj                     0x080140d1   Thumb Code    28  lstring.o(.text)
    luaS_newlstr                             0x080141a9   Thumb Code    66  lstring.o(.text)
    luaS_init                                0x080141eb   Thumb Code    80  lstring.o(.text)
    luaS_remove                              0x0801423b   Thumb Code    54  lstring.o(.text)
    luaS_new                                 0x08014271   Thumb Code   106  lstring.o(.text)
    luaS_newudata                            0x080142db   Thumb Code    64  lstring.o(.text)
    luaopen_string                           0x080168f1   Thumb Code    48  lstrlib.o(.text)
    luaH_next                                0x08016b93   Thumb Code   154  ltable.o(.text)
    luaH_newkey                              0x08016eab   Thumb Code   324  ltable.o(.text)
    luaH_getint                              0x08017021   Thumb Code    88  ltable.o(.text)
    luaH_getshortstr                         0x08017079   Thumb Code    62  ltable.o(.text)
    luaH_get                                 0x080170b7   Thumb Code    96  ltable.o(.text)
    luaH_set                                 0x08017117   Thumb Code    44  ltable.o(.text)
    luaH_setint                              0x08017143   Thumb Code    74  ltable.o(.text)
    luaH_resize                              0x0801718d   Thumb Code   278  ltable.o(.text)
    luaH_resizearray                         0x080172a3   Thumb Code    42  ltable.o(.text)
    luaH_new                                 0x080172cd   Thumb Code    46  ltable.o(.text)
    luaH_free                                0x080172fb   Thumb Code    56  ltable.o(.text)
    luaH_getstr                              0x08017333   Thumb Code    48  ltable.o(.text)
    luaH_getn                                0x080173c9   Thumb Code    74  ltable.o(.text)
    luaopen_table                            0x08017d91   Thumb Code    42  ltablib.o(.text)
    luaT_init                                0x08017e15   Thumb Code    50  ltm.o(.text)
    luaT_gettm                               0x08017e47   Thumb Code    46  ltm.o(.text)
    luaT_gettmbyobj                          0x08017e75   Thumb Code    80  ltm.o(.text)
    luaT_objtypename                         0x08017ec5   Thumb Code    90  ltm.o(.text)
    luaT_callTM                              0x08017f1f   Thumb Code   148  ltm.o(.text)
    luaT_callbinTM                           0x08017fb3   Thumb Code    76  ltm.o(.text)
    luaT_trybinTM                            0x08017fff   Thumb Code   178  ltm.o(.text)
    luaT_callorderTM                         0x080180b1   Thumb Code    60  ltm.o(.text)
    luaU_undump                              0x080186b1   Thumb Code   114  lundump.o(.text)
    luaopen_utf8                             0x08018e17   Thumb Code    64  lutf8lib.o(.text)
    luaV_tonumber_                           0x08018e81   Thumb Code   114  lvm.o(.text)
    luaV_tointeger                           0x08018ef3   Thumb Code   208  lvm.o(.text)
    luaV_finishget                           0x08019065   Thumb Code   216  lvm.o(.text)
    luaV_finishset                           0x0801913d   Thumb Code   316  lvm.o(.text)
    luaV_lessthan                            0x0801956b   Thumb Code   104  lvm.o(.text)
    luaV_lessequal                           0x080195d3   Thumb Code   164  lvm.o(.text)
    luaV_equalobj                            0x08019677   Thumb Code   694  lvm.o(.text)
    luaV_concat                              0x0801997d   Thumb Code   454  lvm.o(.text)
    luaV_objlen                              0x08019b43   Thumb Code   188  lvm.o(.text)
    luaV_div                                 0x08019bff   Thumb Code   138  lvm.o(.text)
    luaV_mod                                 0x08019c89   Thumb Code   112  lvm.o(.text)
    luaV_shiftl                              0x08019cf9   Thumb Code    84  lvm.o(.text)
    luaV_finishOp                            0x08019e2d   Thumb Code   448  lvm.o(.text)
    luaV_execute                             0x08019fed   Thumb Code  7812  lvm.o(.text)
    luaZ_fill                                0x0801be71   Thumb Code    48  lzio.o(.text)
    luaZ_init                                0x0801bea1   Thumb Code    16  lzio.o(.text)
    luaZ_read                                0x0801beb1   Thumb Code    94  lzio.o(.text)
    _fgetc$ungetc                            0x0801bf11   Thumb Code    24  fgetc_u.o(.text)
    ungetc                                   0x0801bf29   Thumb Code    26  fgetc_u.o(.text)
    __aeabi_ldivmod                          0x0801bf49   Thumb Code    98  ldiv.o(.text)
    __aeabi_llsl                             0x0801bfab   Thumb Code    30  llshl.o(.text)
    _ll_shift_l                              0x0801bfab   Thumb Code     0  llshl.o(.text)
    __aeabi_llsr                             0x0801bfc9   Thumb Code    32  llushr.o(.text)
    _ll_ushift_r                             0x0801bfc9   Thumb Code     0  llushr.o(.text)
    __rt_ctype_table                         0x0801bfe9   Thumb Code     4  ctype_o.o(.text)
    isspace                                  0x0801bff1   Thumb Code    18  isspace_o.o(.text)
    toupper                                  0x0801c003   Thumb Code    12  toupper.o(.text)
    tolower                                  0x0801c00f   Thumb Code    12  tolower.o(.text)
    rand                                     0x0801c01d   Thumb Code    20  rand.o(.text)
    srand                                    0x0801c031   Thumb Code     6  rand.o(.text)
    localeconv                               0x0801c041   Thumb Code     4  localeconv.o(.text)
    mktime                                   0x0801c049   Thumb Code   150  mktime.o(.text)
    strftime                                 0x0801c0f1   Thumb Code   450  strftime.o(.text)
    __aeabi_memcpy                           0x0801c371   Thumb Code    36  memcpya.o(.text)
    __aeabi_memcpy4                          0x0801c371   Thumb Code     0  memcpya.o(.text)
    __aeabi_memcpy8                          0x0801c371   Thumb Code     0  memcpya.o(.text)
    strstr                                   0x0801c395   Thumb Code    36  strstr.o(.text)
    strchr                                   0x0801c3b9   Thumb Code    20  strchr.o(.text)
    strlen                                   0x0801c3cd   Thumb Code    14  strlen.o(.text)
    strcmp                                   0x0801c3db   Thumb Code    28  strcmp.o(.text)
    memchr                                   0x0801c3f7   Thumb Code    20  memchr.o(.text)
    memcmp                                   0x0801c40b   Thumb Code    26  memcmp.o(.text)
    strcoll                                  0x0801c425   Thumb Code     4  strcoll.o(.text)
    strcpy                                   0x0801c429   Thumb Code    18  strcpy.o(.text)
    strncmp                                  0x0801c43b   Thumb Code    30  strncmp.o(.text)
    strspn                                   0x0801c459   Thumb Code    28  strspn.o(.text)
    strpbrk                                  0x0801c475   Thumb Code    32  strpbrk.o(.text)
    strerror                                 0x0801c495   Thumb Code    40  strerror.o(.text)
    __aeabi_fmul                             0x0801c579   Thumb Code   100  fmul.o(.text)
    __aeabi_fdiv                             0x0801c5dd   Thumb Code   124  fdiv.o(.text)
    __aeabi_dadd                             0x0801c659   Thumb Code   322  dadd.o(.text)
    __aeabi_dsub                             0x0801c79b   Thumb Code     6  dadd.o(.text)
    __aeabi_drsub                            0x0801c7a1   Thumb Code     6  dadd.o(.text)
    __aeabi_dmul                             0x0801c7a7   Thumb Code   228  dmul.o(.text)
    __aeabi_ddiv                             0x0801c88b   Thumb Code   222  ddiv.o(.text)
    __aeabi_i2f                              0x0801c969   Thumb Code    18  fflti.o(.text)
    __aeabi_ui2f                             0x0801c97b   Thumb Code    10  ffltui.o(.text)
    __aeabi_i2d                              0x0801c985   Thumb Code    34  dflti.o(.text)
    __aeabi_ui2d                             0x0801c9a7   Thumb Code    26  dfltui.o(.text)
    __aeabi_l2d                              0x0801c9c1   Thumb Code    40  dfltl.o(.text)
    __aeabi_d2iz                             0x0801c9e9   Thumb Code    62  dfixi.o(.text)
    __aeabi_d2uiz                            0x0801ca27   Thumb Code    50  dfixui.o(.text)
    __aeabi_d2lz                             0x0801ca59   Thumb Code    74  dfixl.o(.text)
    __aeabi_f2d                              0x0801caa3   Thumb Code    38  f2d.o(.text)
    __aeabi_cdcmpeq                          0x0801cac9   Thumb Code     0  cdcmple.o(.text)
    __aeabi_cdcmple                          0x0801cac9   Thumb Code    48  cdcmple.o(.text)
    __aeabi_cdrcmple                         0x0801caf9   Thumb Code    48  cdrcmple.o(.text)
    __aeabi_d2f                              0x0801cb29   Thumb Code    56  d2f.o(.text)
    __aeabi_cfcmpeq                          0x0801cb61   Thumb Code     0  cfcmple.o(.text)
    __aeabi_cfcmple                          0x0801cb61   Thumb Code    20  cfcmple.o(.text)
    setjmp                                   0x0801cb75   Thumb Code    26  setjmp.o(.text)
    longjmp                                  0x0801cb8f   Thumb Code    36  setjmp.o(.text)
    __aeabi_uidiv                            0x0801cbb3   Thumb Code     0  uidiv.o(.text)
    __aeabi_uidivmod                         0x0801cbb3   Thumb Code    44  uidiv.o(.text)
    __semihosting_library_function           0x0801cbb3   Thumb Code     0  semi.o(.text)
    __aeabi_uldivmod                         0x0801cbdf   Thumb Code    98  uldiv.o(.text)
    __aeabi_lasr                             0x0801cc41   Thumb Code    36  llsshr.o(.text)
    _ll_sshift_r                             0x0801cc41   Thumb Code     0  llsshr.o(.text)
    localtime                                0x0801cc65   Thumb Code     6  localtime_w.o(.text)
    _localtime                               0x0801cc71   Thumb Code   134  localtime_i.o(.text)
    __strtod_int                             0x0801cd33   Thumb Code    88  strtod.o(.text)
    __I$use$fp                               0x0801cd99   Thumb Code     0  iusefp.o(.text)
    __I$use$semihosting$fgetc                0x0801cd99   Thumb Code     0  iusesemig.o(.text)
    _float_round                             0x0801cd99   Thumb Code    18  fepilogue.o(.text)
    _float_epilogue                          0x0801cdab   Thumb Code    92  fepilogue.o(.text)
    _double_round                            0x0801ce07   Thumb Code    30  depilogue.o(.text)
    _double_epilogue                         0x0801ce25   Thumb Code   156  depilogue.o(.text)
    __ARM_scalbn                             0x0801cec1   Thumb Code    46  dscalb.o(.text)
    scalbn                                   0x0801cec1   Thumb Code     0  dscalb.o(.text)
    _dsqrt                                   0x0801ceef   Thumb Code   162  dsqrt.o(.text)
    _drem                                    0x0801cf91   Thumb Code   134  drem.o(.text)
    __aeabi_d2ulz                            0x0801d017   Thumb Code    48  dfixul.o(.text)
    __scatterload                            0x0801d049   Thumb Code    28  init.o(.text)
    __scatterload_rt2                        0x0801d049   Thumb Code     0  init.o(.text)
    _scanf_real                              0x0801d16d   Thumb Code     0  scanf_fp.o(.text)
    _scanf_really_real                       0x0801d16d   Thumb Code   556  scanf_fp.o(.text)
    _sgetc                                   0x0801d3a5   Thumb Code    30  _sgetc.o(.text)
    _sbackspace                              0x0801d3c3   Thumb Code    34  _sgetc.o(.text)
    __aeabi_ul2d                             0x0801d3e5   Thumb Code    24  dfltul.o(.text)
    __0fprintf                               0x0801d3fd   Thumb Code    22  printfa.o(i.__0fprintf)
    __1fprintf                               0x0801d3fd   Thumb Code     0  printfa.o(i.__0fprintf)
    __2fprintf                               0x0801d3fd   Thumb Code     0  printfa.o(i.__0fprintf)
    __c89fprintf                             0x0801d3fd   Thumb Code     0  printfa.o(i.__0fprintf)
    fprintf                                  0x0801d3fd   Thumb Code     0  printfa.o(i.__0fprintf)
    __0printf                                0x0801d419   Thumb Code    22  printfa.o(i.__0printf)
    __1printf                                0x0801d419   Thumb Code     0  printfa.o(i.__0printf)
    __2printf                                0x0801d419   Thumb Code     0  printfa.o(i.__0printf)
    __c89printf                              0x0801d419   Thumb Code     0  printfa.o(i.__0printf)
    printf                                   0x0801d419   Thumb Code     0  printfa.o(i.__0printf)
    __0snprintf                              0x0801d439   Thumb Code    36  printfa.o(i.__0snprintf)
    __1snprintf                              0x0801d439   Thumb Code     0  printfa.o(i.__0snprintf)
    __2snprintf                              0x0801d439   Thumb Code     0  printfa.o(i.__0snprintf)
    __c89snprintf                            0x0801d439   Thumb Code     0  printfa.o(i.__0snprintf)
    snprintf                                 0x0801d439   Thumb Code     0  printfa.o(i.__0snprintf)
    __0sprintf                               0x0801d461   Thumb Code    34  printfa.o(i.__0sprintf)
    __1sprintf                               0x0801d461   Thumb Code     0  printfa.o(i.__0sprintf)
    __2sprintf                               0x0801d461   Thumb Code     0  printfa.o(i.__0sprintf)
    __c89sprintf                             0x0801d461   Thumb Code     0  printfa.o(i.__0sprintf)
    sprintf                                  0x0801d461   Thumb Code     0  printfa.o(i.__0sprintf)
    __ARM_fpclassify                         0x0801d489   Thumb Code    40  fpclassify.o(i.__ARM_fpclassify)
    __aeabi_errno_addr                       0x0801d4b1   Thumb Code     4  errno.o(i.__aeabi_errno_addr)
    __rt_errno_addr                          0x0801d4b1   Thumb Code     0  errno.o(i.__aeabi_errno_addr)
    free                                     0x0801d4b9   Thumb Code    88  mallocr.o(i.__free$realloc)
    __ieee754_rem_pio2                       0x0801d515   Thumb Code   828  rred.o(i.__ieee754_rem_pio2)
    __kernel_cos                             0x0801d89d   Thumb Code   230  cos_i.o(i.__kernel_cos)
    __kernel_poly                            0x0801d999   Thumb Code   170  poly.o(i.__kernel_poly)
    __kernel_sin                             0x0801da45   Thumb Code   224  sin_i.o(i.__kernel_sin)
    __kernel_tan                             0x0801db31   Thumb Code   586  tan_i.o(i.__kernel_tan)
    __malloc$realloc                         0x0801ddad   Thumb Code    64  mallocr.o(i.__malloc$realloc)
    __mathlib_dbl_divzero                    0x0801ddfd   Thumb Code    12  dunder.o(i.__mathlib_dbl_divzero)
    __mathlib_dbl_infnan                     0x0801de0d   Thumb Code     6  dunder.o(i.__mathlib_dbl_infnan)
    __mathlib_dbl_infnan2                    0x0801de13   Thumb Code     4  dunder.o(i.__mathlib_dbl_infnan2)
    __mathlib_dbl_invalid                    0x0801de17   Thumb Code    12  dunder.o(i.__mathlib_dbl_invalid)
    __mathlib_dbl_overflow                   0x0801de23   Thumb Code    14  dunder.o(i.__mathlib_dbl_overflow)
    __mathlib_dbl_underflow                  0x0801de31   Thumb Code    10  dunder.o(i.__mathlib_dbl_underflow)
    __scatterload_copy                       0x0801de41   Thumb Code    14  handlers.o(i.__scatterload_copy)
    __scatterload_null                       0x0801de4f   Thumb Code     2  handlers.o(i.__scatterload_null)
    __scatterload_zeroinit                   0x0801de51   Thumb Code    14  handlers.o(i.__scatterload_zeroinit)
    __set_errno                              0x0801de61   Thumb Code     6  errno.o(i.__set_errno)
    _is_digit                                0x0801dfd1   Thumb Code    14  scanf_fp.o(i._is_digit)
    acos                                     0x0801e731   Thumb Code   574  acos.o(i.acos)
    asin                                     0x0801e9ad   Thumb Code   572  asin.o(i.asin)
    atan                                     0x0801ec1d   Thumb Code   474  atan.o(i.atan)
    atan2                                    0x0801ee3d   Thumb Code   346  atan2.o(i.atan2)
    ceil                                     0x0801efbd   Thumb Code   204  ceil.o(i.ceil)
    cos                                      0x0801f099   Thumb Code   148  cos.o(i.cos)
    difftime                                 0x0801f135   Thumb Code    32  difftime.o(i.difftime)
    exp                                      0x0801f155   Thumb Code   554  exp.o(i.exp)
    fgets                                    0x0801f3d9   Thumb Code    60  fgets.o(i.fgets)
    floor                                    0x0801f415   Thumb Code   204  floor.o(i.floor)
    fmod                                     0x0801f4f1   Thumb Code   144  fmod.o(i.fmod)
    fread                                    0x0801f585   Thumb Code    52  fread.o(i.fread)
    frexp                                    0x0801f5b9   Thumb Code    80  frexp.o(i.frexp)
    fwrite                                   0x0801f611   Thumb Code    36  fwrite.o(i.fwrite)
    getc                                     0x0801f635   Thumb Code     4  getc.o(i.getc)
    log                                      0x0801f689   Thumb Code   808  log.o(i.log)
    log10                                    0x0801f9e5   Thumb Code   198  log10.o(i.log10)
    log2                                     0x0801fac9   Thumb Code   140  log2.o(i.log2)
    pow                                      0x0801fb61   Thumb Code  2478  pow.o(i.pow)
    realloc                                  0x08020519   Thumb Code   102  mallocr.o(i.realloc)
    sin                                      0x08020585   Thumb Code   150  sin.o(i.sin)
    sqrt                                     0x08020625   Thumb Code    76  sqrt.o(i.sqrt)
    strtod                                   0x08020671   Thumb Code    28  strtod.o(i.strtod)
    tan                                      0x0802068d   Thumb Code    90  tan.o(i.tan)
    lua_test                                 0x080206f0   Data         264  main.o(.constdata)
    lua_test1                                0x080207f8   Data         746  main.o(.constdata)
    lua_ident                                0x08020b28   Data         129  lapi.o(.constdata)
    luai_ctype_                              0x08020d20   Data         257  lctype.o(.constdata)
    luaO_nilobject_                          0x080211e0   Data          16  lobject.o(.constdata)
    luaP_opnames                             0x080212f0   Data         192  lopcodes.o(.constdata)
    luaP_opmodes                             0x080213b0   Data          47  lopcodes.o(.constdata)
    luaT_typenames_                          0x080215a4   Data          44  ltm.o(.constdata)
    __ctype_table                            0x08021830   Data         129  ctype_o.o(.constdata)
    __mathlib_zero                           0x080219e8   Data           8  qnan.o(.constdata)
    __internal_lconv                         0x08021b40   Data          56  ilconv.o(.constdata)
    Region$$Table$$Base                      0x08022598   Number         0  anon$$obj.o(Region$$Table)
    Region$$Table$$Limit                     0x080225b8   Number         0  anon$$obj.o(Region$$Table)
    SystemCoreClock                          0x20000000   Data           4  system_stm32f10x.o(.data)
    AHBPrescTable                            0x20000004   Data          16  system_stm32f10x.o(.data)
    iomanage                                 0x2000002c   Data           2  pro_logic.o(.data)
    TIM1CH1_CAPTURE_STA                      0x20000038   Data           1  bsp_timer.o(.data)
    TIM1CH1_CAPTURE_VAL_H                    0x2000003a   Data           2  bsp_timer.o(.data)
    TIM1CH1_CAPTURE_VAL_L                    0x2000003c   Data           2  bsp_timer.o(.data)
    TIM1_FLAG                                0x2000003e   Data           1  bsp_timer.o(.data)
    TIM2CH1_CAPTURE_STA                      0x2000003f   Data           1  bsp_timer.o(.data)
    TIM2CH1_CAPTURE_VAL_H                    0x20000040   Data           2  bsp_timer.o(.data)
    TIM2CH1_CAPTURE_VAL_L                    0x20000042   Data           2  bsp_timer.o(.data)
    TIM2_FLAG                                0x20000044   Data           1  bsp_timer.o(.data)
    TIM3CH1_CAPTURE_STA                      0x20000045   Data           1  bsp_timer.o(.data)
    TIM3CH1_CAPTURE_VAL_H                    0x20000046   Data           2  bsp_timer.o(.data)
    TIM3CH1_CAPTURE_VAL_L                    0x20000048   Data           2  bsp_timer.o(.data)
    TIM3_FLAG                                0x2000004a   Data           1  bsp_timer.o(.data)
    TIM8CH1_CAPTURE_STA                      0x2000004b   Data           1  bsp_timer.o(.data)
    TIM8CH1_CAPTURE_VAL_H                    0x2000004c   Data           2  bsp_timer.o(.data)
    TIM8CH1_CAPTURE_VAL_L                    0x2000004e   Data           2  bsp_timer.o(.data)
    TIM8_FLAG                                0x20000050   Data           1  bsp_timer.o(.data)
    __stdin                                  0x20000058   Data           4  stdin.o(.data)
    __stdout                                 0x2000005c   Data           4  stdout.o(.data)
    __stderr                                 0x20000060   Data           4  stderr.o(.data)
    __microlib_freelist                      0x2000006c   Data           4  mvars.o(.data)
    __microlib_freelist_initialised          0x20000070   Data           4  mvars.o(.data)
    ADC_ConvertedValue                       0x20000074   Data         800  bsp_adc.o(.bss)
    g_Tim6Array                              0x20000394   Data          28  bsp_timer.o(.bss)
    __heap_base                              0x20000500   Data           0  startup_stm32f10x_hd.o(HEAP)
    __heap_limit                             0x20007500   Data           0  startup_stm32f10x_hd.o(HEAP)
    __initial_sp                             0x20008500   Data           0  startup_stm32f10x_hd.o(STACK)



==============================================================================

Memory Map of the image

  Image Entry point : 0x08000131

  Load Region LR_IROM1 (Base: 0x08000000, Size: 0x0002262c, Max: 0x00080000, ABSOLUTE)

    Execution Region ER_IROM1 (Base: 0x08000000, Size: 0x000225b8, Max: 0x00080000, ABSOLUTE)

    Base Addr    Size         Type   Attr      Idx    E Section Name        Object

    0x08000000   0x00000130   Data   RO          102    RESET               startup_stm32f10x_hd.o
    0x08000130   0x00000000   Code   RO         1613  * .ARM.Collect$$$$00000000  mc_w.l(entry.o)
    0x08000130   0x00000004   Code   RO         2140    .ARM.Collect$$$$00000001  mc_w.l(entry2.o)
    0x08000134   0x00000004   Code   RO         2143    .ARM.Collect$$$$00000004  mc_w.l(entry5.o)
    0x08000138   0x00000000   Code   RO         2145    .ARM.Collect$$$$00000008  mc_w.l(entry7b.o)
    0x08000138   0x00000000   Code   RO         2147    .ARM.Collect$$$$0000000A  mc_w.l(entry8b.o)
    0x08000138   0x00000008   Code   RO         2148    .ARM.Collect$$$$0000000B  mc_w.l(entry9a.o)
    0x08000140   0x00000000   Code   RO         2150    .ARM.Collect$$$$0000000D  mc_w.l(entry10a.o)
    0x08000140   0x00000000   Code   RO         2152    .ARM.Collect$$$$0000000F  mc_w.l(entry11a.o)
    0x08000140   0x00000004   Code   RO         2141    .ARM.Collect$$$$00002712  mc_w.l(entry2.o)
    0x08000144   0x00000002   Code   RO          445    .emb_text           sys.o
    0x08000146   0x00000012   Code   RO           17    .text               stm32f10x_it.o
    0x08000158   0x000001e0   Code   RO           82    .text               system_stm32f10x.o
    0x08000338   0x00000024   Code   RO          103    .text               startup_stm32f10x_hd.o
    0x0800035c   0x000000dc   Code   RO          107    .text               misc.o
    0x08000438   0x0000035c   Code   RO          149    .text               stm32f10x_gpio.o
    0x08000794   0x000003a4   Code   RO          161    .text               stm32f10x_rcc.o
    0x08000b38   0x00000408   Code   RO          175    .text               stm32f10x_usart.o
    0x08000f40   0x0000044e   Code   RO          187    .text               stm32f10x_adc.o
    0x0800138e   0x00000002   PAD
    0x08001390   0x000000c4   Code   RO          199    .text               stm32f10x_bkp.o
    0x08001454   0x00000254   Code   RO          277    .text               stm32f10x_dma.o
    0x080016a8   0x000000cc   Code   RO          334    .text               stm32f10x_pwr.o
    0x08001774   0x00000e1a   Code   RO          391    .text               stm32f10x_tim.o
    0x0800258e   0x00000002   PAD
    0x08002590   0x000000d0   Code   RO          418    .text               delay.o
    0x08002660   0x0000031c   Code   RO          446    .text               sys.o
    0x0800297c   0x00000104   Code   RO          461    .text               usart.o
    0x08002a80   0x00000334   Code   RO          484    .text               main.o
    0x08002db4   0x00000120   Code   RO          560    .text               pro_logic.o
    0x08002ed4   0x00000054   Code   RO          578    .text               bsp_led.o
    0x08002f28   0x00000124   Code   RO          590    .text               bsp_74h595.o
    0x0800304c   0x00000104   Code   RO          602    .text               bsp_74h165.o
    0x08003150   0x00000698   Code   RO          614    .text               bsp_adc.o
    0x080037e8   0x00000f60   Code   RO          633    .text               bsp_timer.o
    0x08004748   0x00001732   Code   RO          652    .text               lapi.o
    0x08005e7a   0x00000002   PAD
    0x08005e7c   0x00001588   Code   RO          723    .text               lauxlib.o
    0x08007404   0x00000b28   Code   RO          755    .text               lbaselib.o
    0x08007f2c   0x0000138c   Code   RO          800    .text               lcode.o
    0x080092b8   0x00000348   Code   RO          852    .text               lcorolib.o
    0x08009600   0x00000ab0   Code   RO          893    .text               ldblib.o
    0x0800a0b0   0x00000d58   Code   RO          908    .text               ldebug.o
    0x0800ae08   0x00000dd0   Code   RO          956    .text               ldo.o
    0x0800bbd8   0x000003c4   Code   RO         1005    .text               ldump.o
    0x0800bf9c   0x00000250   Code   RO         1034    .text               lfunc.o
    0x0800c1ec   0x000011f8   Code   RO         1046    .text               lgc.o
    0x0800d3e4   0x0000002c   Code   RO         1081    .text               linit.o
    0x0800d410   0x00000e14   Code   RO         1096    .text               liolib.o
    0x0800e224   0x000010e4   Code   RO         1120    .text               llex.o
    0x0800f308   0x0000084c   Code   RO         1165    .text               lmathlib.o
    0x0800fb54   0x00000128   Code   RO         1180    .text               lmem.o
    0x0800fc7c   0x00000b3c   Code   RO         1195    .text               loadlib.o
    0x080107b8   0x00000a70   Code   RO         1210    .text               lobject.o
    0x08011228   0x00000744   Code   RO         1261    .text               loslib.o
    0x0801196c   0x000021b2   Code   RO         1279    .text               lparser.o
    0x08013b1e   0x00000002   PAD
    0x08013b20   0x0000041c   Code   RO         1303    .text               lstate.o
    0x08013f3c   0x000003f8   Code   RO         1321    .text               lstring.o
    0x08014334   0x00002648   Code   RO         1333    .text               lstrlib.o
    0x0801697c   0x00000a96   Code   RO         1354    .text               ltable.o
    0x08017412   0x00000002   PAD
    0x08017414   0x00000a00   Code   RO         1368    .text               ltablib.o
    0x08017e14   0x00000324   Code   RO         1383    .text               ltm.o
    0x08018138   0x000006cc   Code   RO         1402    .text               lundump.o
    0x08018804   0x0000067c   Code   RO         1414    .text               lutf8lib.o
    0x08018e80   0x00002ff0   Code   RO         1432    .text               lvm.o
    0x0801be70   0x0000009e   Code   RO         1471    .text               lzio.o
    0x0801bf0e   0x00000002   PAD
    0x0801bf10   0x00000038   Code   RO         1616    .text               mc_w.l(fgetc_u.o)
    0x0801bf48   0x00000062   Code   RO         1663    .text               mc_w.l(ldiv.o)
    0x0801bfaa   0x0000001e   Code   RO         1665    .text               mc_w.l(llshl.o)
    0x0801bfc8   0x00000020   Code   RO         1667    .text               mc_w.l(llushr.o)
    0x0801bfe8   0x00000008   Code   RO         1669    .text               mc_w.l(ctype_o.o)
    0x0801bff0   0x00000012   Code   RO         1691    .text               mc_w.l(isspace_o.o)
    0x0801c002   0x0000000c   Code   RO         1697    .text               mc_w.l(toupper.o)
    0x0801c00e   0x0000000c   Code   RO         1699    .text               mc_w.l(tolower.o)
    0x0801c01a   0x00000002   PAD
    0x0801c01c   0x00000024   Code   RO         1701    .text               mc_w.l(rand.o)
    0x0801c040   0x00000008   Code   RO         1710    .text               mc_w.l(localeconv.o)
    0x0801c048   0x000000a8   Code   RO         1716    .text               mc_w.l(mktime.o)
    0x0801c0f0   0x00000280   Code   RO         1719    .text               mc_w.l(strftime.o)
    0x0801c370   0x00000024   Code   RO         1729    .text               mc_w.l(memcpya.o)
    0x0801c394   0x00000024   Code   RO         1731    .text               mc_w.l(strstr.o)
    0x0801c3b8   0x00000014   Code   RO         1733    .text               mc_w.l(strchr.o)
    0x0801c3cc   0x0000000e   Code   RO         1735    .text               mc_w.l(strlen.o)
    0x0801c3da   0x0000001c   Code   RO         1737    .text               mc_w.l(strcmp.o)
    0x0801c3f6   0x00000014   Code   RO         1739    .text               mc_w.l(memchr.o)
    0x0801c40a   0x0000001a   Code   RO         1741    .text               mc_w.l(memcmp.o)
    0x0801c424   0x00000004   Code   RO         1743    .text               mc_w.l(strcoll.o)
    0x0801c428   0x00000012   Code   RO         1745    .text               mc_w.l(strcpy.o)
    0x0801c43a   0x0000001e   Code   RO         1747    .text               mc_w.l(strncmp.o)
    0x0801c458   0x0000001c   Code   RO         1749    .text               mc_w.l(strspn.o)
    0x0801c474   0x00000020   Code   RO         1751    .text               mc_w.l(strpbrk.o)
    0x0801c494   0x000000e4   Code   RO         1753    .text               mc_w.l(strerror.o)
    0x0801c578   0x00000064   Code   RO         2053    .text               mf_w.l(fmul.o)
    0x0801c5dc   0x0000007c   Code   RO         2055    .text               mf_w.l(fdiv.o)
    0x0801c658   0x0000014e   Code   RO         2057    .text               mf_w.l(dadd.o)
    0x0801c7a6   0x000000e4   Code   RO         2059    .text               mf_w.l(dmul.o)
    0x0801c88a   0x000000de   Code   RO         2061    .text               mf_w.l(ddiv.o)
    0x0801c968   0x00000012   Code   RO         2063    .text               mf_w.l(fflti.o)
    0x0801c97a   0x0000000a   Code   RO         2065    .text               mf_w.l(ffltui.o)
    0x0801c984   0x00000022   Code   RO         2067    .text               mf_w.l(dflti.o)
    0x0801c9a6   0x0000001a   Code   RO         2069    .text               mf_w.l(dfltui.o)
    0x0801c9c0   0x00000028   Code   RO         2071    .text               mf_w.l(dfltl.o)
    0x0801c9e8   0x0000003e   Code   RO         2073    .text               mf_w.l(dfixi.o)
    0x0801ca26   0x00000032   Code   RO         2075    .text               mf_w.l(dfixui.o)
    0x0801ca58   0x0000004a   Code   RO         2077    .text               mf_w.l(dfixl.o)
    0x0801caa2   0x00000026   Code   RO         2079    .text               mf_w.l(f2d.o)
    0x0801cac8   0x00000030   Code   RO         2081    .text               mf_w.l(cdcmple.o)
    0x0801caf8   0x00000030   Code   RO         2083    .text               mf_w.l(cdrcmple.o)
    0x0801cb28   0x00000038   Code   RO         2085    .text               mf_w.l(d2f.o)
    0x0801cb60   0x00000014   Code   RO         2087    .text               mf_w.l(cfcmple.o)
    0x0801cb74   0x0000003e   Code   RO         2089    .text               mf_w.l(setjmp.o)
    0x0801cbb2   0x00000000   Code   RO         2154    .text               mc_w.l(semi.o)
    0x0801cbb2   0x0000002c   Code   RO         2155    .text               mc_w.l(uidiv.o)
    0x0801cbde   0x00000062   Code   RO         2157    .text               mc_w.l(uldiv.o)
    0x0801cc40   0x00000024   Code   RO         2159    .text               mc_w.l(llsshr.o)
    0x0801cc64   0x0000000c   Code   RO         2163    .text               mc_w.l(localtime_w.o)
    0x0801cc70   0x0000008c   Code   RO         2166    .text               mc_w.l(localtime_i.o)
    0x0801ccfc   0x0000009c   Code   RO         2171    .text               mc_w.l(strtod.o)
    0x0801cd98   0x00000000   Code   RO         2173    .text               mc_w.l(iusefp.o)
    0x0801cd98   0x00000000   Code   RO         2174    .text               mc_w.l(iusesemig.o)
    0x0801cd98   0x0000006e   Code   RO         2175    .text               mf_w.l(fepilogue.o)
    0x0801ce06   0x000000ba   Code   RO         2177    .text               mf_w.l(depilogue.o)
    0x0801cec0   0x0000002e   Code   RO         2179    .text               mf_w.l(dscalb.o)
    0x0801ceee   0x000000a2   Code   RO         2181    .text               mf_w.l(dsqrt.o)
    0x0801cf90   0x00000086   Code   RO         2183    .text               mf_w.l(drem.o)
    0x0801d016   0x00000030   Code   RO         2185    .text               mf_w.l(dfixul.o)
    0x0801d046   0x00000002   PAD
    0x0801d048   0x00000024   Code   RO         2187    .text               mc_w.l(init.o)
    0x0801d06c   0x00000338   Code   RO         2191    .text               mc_w.l(scanf_fp.o)
    0x0801d3a4   0x00000040   Code   RO         2195    .text               mc_w.l(_sgetc.o)
    0x0801d3e4   0x00000018   Code   RO         2200    .text               mf_w.l(dfltul.o)
    0x0801d3fc   0x0000001c   Code   RO         1989    i.__0fprintf        mc_w.l(printfa.o)
    0x0801d418   0x00000020   Code   RO         1990    i.__0printf         mc_w.l(printfa.o)
    0x0801d438   0x00000028   Code   RO         1991    i.__0snprintf       mc_w.l(printfa.o)
    0x0801d460   0x00000028   Code   RO         1992    i.__0sprintf        mc_w.l(printfa.o)
    0x0801d488   0x00000028   Code   RO         2118    i.__ARM_fpclassify  m_ws.l(fpclassify.o)
    0x0801d4b0   0x00000008   Code   RO         2046    i.__aeabi_errno_addr  mc_w.l(errno.o)
    0x0801d4b8   0x0000005c   Code   RO         2022    i.__free$realloc    mc_w.l(mallocr.o)
    0x0801d514   0x00000388   Code   RO         2123    i.__ieee754_rem_pio2  m_ws.l(rred.o)
    0x0801d89c   0x000000fc   Code   RO         2101    i.__kernel_cos      m_ws.l(cos_i.o)
    0x0801d998   0x000000aa   Code   RO         2120    i.__kernel_poly     m_ws.l(poly.o)
    0x0801da42   0x00000002   PAD
    0x0801da44   0x000000ec   Code   RO         2128    i.__kernel_sin      m_ws.l(sin_i.o)
    0x0801db30   0x0000027c   Code   RO         2134    i.__kernel_tan      m_ws.l(tan_i.o)
    0x0801ddac   0x00000050   Code   RO         2023    i.__malloc$realloc  mc_w.l(mallocr.o)
    0x0801ddfc   0x00000010   Code   RO         2104    i.__mathlib_dbl_divzero  m_ws.l(dunder.o)
    0x0801de0c   0x00000006   Code   RO         2105    i.__mathlib_dbl_infnan  m_ws.l(dunder.o)
    0x0801de12   0x00000004   Code   RO         2106    i.__mathlib_dbl_infnan2  m_ws.l(dunder.o)
    0x0801de16   0x0000000c   Code   RO         2107    i.__mathlib_dbl_invalid  m_ws.l(dunder.o)
    0x0801de22   0x0000000e   Code   RO         2108    i.__mathlib_dbl_overflow  m_ws.l(dunder.o)
    0x0801de30   0x00000010   Code   RO         2110    i.__mathlib_dbl_underflow  m_ws.l(dunder.o)
    0x0801de40   0x0000000e   Code   RO         2204    i.__scatterload_copy  mc_w.l(handlers.o)
    0x0801de4e   0x00000002   Code   RO         2205    i.__scatterload_null  mc_w.l(handlers.o)
    0x0801de50   0x0000000e   Code   RO         2206    i.__scatterload_zeroinit  mc_w.l(handlers.o)
    0x0801de5e   0x00000002   PAD
    0x0801de60   0x0000000c   Code   RO         2048    i.__set_errno       mc_w.l(errno.o)
    0x0801de6c   0x00000164   Code   RO         1997    i._fp_digits        mc_w.l(printfa.o)
    0x0801dfd0   0x0000000e   Code   RO         2193    i._is_digit         mc_w.l(scanf_fp.o)
    0x0801dfde   0x00000002   PAD
    0x0801dfe0   0x000006dc   Code   RO         1998    i._printf_core      mc_w.l(printfa.o)
    0x0801e6bc   0x00000024   Code   RO         1999    i._printf_post_padding  mc_w.l(printfa.o)
    0x0801e6e0   0x0000002e   Code   RO         2000    i._printf_pre_padding  mc_w.l(printfa.o)
    0x0801e70e   0x00000016   Code   RO         2001    i._snputc           mc_w.l(printfa.o)
    0x0801e724   0x0000000a   Code   RO         2002    i._sputc            mc_w.l(printfa.o)
    0x0801e72e   0x00000002   PAD
    0x0801e730   0x0000027c   Code   RO         1484    i.acos              m_ws.l(acos.o)
    0x0801e9ac   0x00000270   Code   RO         1494    i.asin              m_ws.l(asin.o)
    0x0801ec1c   0x00000220   Code   RO         2092    i.atan              m_ws.l(atan.o)
    0x0801ee3c   0x00000180   Code   RO         1504    i.atan2             m_ws.l(atan2.o)
    0x0801efbc   0x000000dc   Code   RO         1512    i.ceil              m_ws.l(ceil.o)
    0x0801f098   0x0000009c   Code   RO         1516    i.cos               m_ws.l(cos.o)
    0x0801f134   0x00000020   Code   RO         1524    i.difftime          m_ws.l(difftime.o)
    0x0801f154   0x00000284   Code   RO         1528    i.exp               m_ws.l(exp.o)
    0x0801f3d8   0x0000003c   Code   RO         1624    i.fgets             mc_w.l(fgets.o)
    0x0801f414   0x000000dc   Code   RO         1538    i.floor             m_ws.l(floor.o)
    0x0801f4f0   0x00000094   Code   RO         1542    i.fmod              m_ws.l(fmod.o)
    0x0801f584   0x00000034   Code   RO         1626    i.fread             mc_w.l(fread.o)
    0x0801f5b8   0x00000058   Code   RO         1550    i.frexp             m_ws.l(frexp.o)
    0x0801f610   0x00000024   Code   RO         1622    i.fwrite            mc_w.l(fwrite.o)
    0x0801f634   0x00000004   Code   RO         1628    i.getc              mc_w.l(getc.o)
    0x0801f638   0x00000050   Code   RO         2024    i.internal_alloc    mc_w.l(mallocr.o)
    0x0801f688   0x0000035c   Code   RO         1554    i.log               m_ws.l(log.o)
    0x0801f9e4   0x000000e4   Code   RO         1564    i.log10             m_ws.l(log10.o)
    0x0801fac8   0x00000098   Code   RO         1571    i.log2              m_ws.l(log2.o)
    0x0801fb60   0x000009b8   Code   RO         1576    i.pow               m_ws.l(pow.o)
    0x08020518   0x0000006c   Code   RO         2025    i.realloc           mc_w.l(mallocr.o)
    0x08020584   0x000000a0   Code   RO         1586    i.sin               m_ws.l(sin.o)
    0x08020624   0x0000004c   Code   RO         1594    i.sqrt              m_ws.l(sqrt.o)
    0x08020670   0x0000001c   Code   RO         1602    i.strtod            m_ws.l(strtod.o)
    0x0802068c   0x00000064   Code   RO         1606    i.tan               m_ws.l(tan.o)
    0x080206f0   0x00000434   Data   RO          485    .constdata          main.o
    0x08020b24   0x00000004   PAD
    0x08020b28   0x00000090   Data   RO          653    .constdata          lapi.o
    0x08020bb8   0x0000010c   Data   RO          756    .constdata          lbaselib.o
    0x08020cc4   0x00000004   PAD
    0x08020cc8   0x00000018   Data   RO          801    .constdata          lcode.o
    0x08020ce0   0x00000040   Data   RO          853    .constdata          lcorolib.o
    0x08020d20   0x00000101   Data   RO          878    .constdata          lctype.o
    0x08020e21   0x00000003   PAD
    0x08020e24   0x000000a0   Data   RO          894    .constdata          ldblib.o
    0x08020ec4   0x00000058   Data   RO         1082    .constdata          linit.o
    0x08020f1c   0x000000e8   Data   RO         1097    .constdata          liolib.o
    0x08021004   0x00000094   Data   RO         1121    .constdata          llex.o
    0x08021098   0x000000e0   Data   RO         1166    .constdata          lmathlib.o
    0x08021178   0x00000068   Data   RO         1196    .constdata          loadlib.o
    0x080211e0   0x00000110   Data   RO         1211    .constdata          lobject.o
    0x080212f0   0x000000ef   Data   RO         1248    .constdata          lopcodes.o
    0x080213df   0x00000001   PAD
    0x080213e0   0x00000094   Data   RO         1262    .constdata          loslib.o
    0x08021474   0x0000002a   Data   RO         1280    .constdata          lparser.o
    0x0802149e   0x00000002   PAD
    0x080214a0   0x00000094   Data   RO         1334    .constdata          lstrlib.o
    0x08021534   0x00000004   PAD
    0x08021538   0x00000020   Data   RO         1355    .constdata          ltable.o
    0x08021558   0x00000040   Data   RO         1369    .constdata          ltablib.o
    0x08021598   0x00000098   Data   RO         1384    .constdata          ltm.o
    0x08021630   0x00000048   Data   RO         1415    .constdata          lutf8lib.o
    0x08021678   0x00000050   Data   RO         1485    .constdata          m_ws.l(acos.o)
    0x080216c8   0x00000050   Data   RO         1495    .constdata          m_ws.l(asin.o)
    0x08021718   0x00000058   Data   RO         1529    .constdata          m_ws.l(exp.o)
    0x08021770   0x00000038   Data   RO         1555    .constdata          m_ws.l(log.o)
    0x080217a8   0x00000088   Data   RO         1577    .constdata          m_ws.l(pow.o)
    0x08021830   0x00000081   Data   RO         1670    .constdata          mc_w.l(ctype_o.o)
    0x080218b1   0x00000003   PAD
    0x080218b4   0x00000004   Data   RO         1671    .constdata          mc_w.l(ctype_o.o)
    0x080218b8   0x0000000c   Data   RO         1717    .constdata          mc_w.l(mktime.o)
    0x080218c4   0x00000056   Data   RO         1720    .constdata          mc_w.l(strftime.o)
    0x0802191a   0x00000006   PAD
    0x08021920   0x00000098   Data   RO         2093    .constdata          m_ws.l(atan.o)
    0x080219b8   0x00000030   Data   RO         2102    .constdata          m_ws.l(cos_i.o)
    0x080219e8   0x00000008   Data   RO         2122    .constdata          m_ws.l(qnan.o)
    0x080219f0   0x000000c8   Data   RO         2125    .constdata          m_ws.l(rred.o)
    0x08021ab8   0x00000028   Data   RO         2129    .constdata          m_ws.l(sin_i.o)
    0x08021ae0   0x00000060   Data   RO         2135    .constdata          m_ws.l(tan_i.o)
    0x08021b40   0x00000038   Data   RO         2161    .constdata          mc_w.l(ilconv.o)
    0x08021b78   0x0000000c   Data   RO         2167    .constdata          mc_w.l(localtime_i.o)
    0x08021b84   0x00000036   Data   RO          486    .conststring        main.o
    0x08021bba   0x00000002   PAD
    0x08021bbc   0x00000043   Data   RO          616    .conststring        bsp_adc.o
    0x08021bff   0x00000001   PAD
    0x08021c00   0x00000131   Data   RO          757    .conststring        lbaselib.o
    0x08021d31   0x00000003   PAD
    0x08021d34   0x0000003b   Data   RO          854    .conststring        lcorolib.o
    0x08021d6f   0x00000001   PAD
    0x08021d70   0x000000c4   Data   RO          895    .conststring        ldblib.o
    0x08021e34   0x0000003b   Data   RO         1083    .conststring        linit.o
    0x08021e6f   0x00000001   PAD
    0x08021e70   0x0000008b   Data   RO         1098    .conststring        liolib.o
    0x08021efb   0x00000001   PAD
    0x08021efc   0x000000d8   Data   RO         1122    .conststring        llex.o
    0x08021fd4   0x000000b0   Data   RO         1167    .conststring        lmathlib.o
    0x08022084   0x00000126   Data   RO         1197    .conststring        loadlib.o
    0x080221aa   0x00000002   PAD
    0x080221ac   0x0000015f   Data   RO         1249    .conststring        lopcodes.o
    0x0802230b   0x00000001   PAD
    0x0802230c   0x000000cd   Data   RO         1263    .conststring        loslib.o
    0x080223d9   0x00000003   PAD
    0x080223dc   0x0000007f   Data   RO         1335    .conststring        lstrlib.o
    0x0802245b   0x00000001   PAD
    0x0802245c   0x0000001d   Data   RO         1370    .conststring        ltablib.o
    0x08022479   0x00000003   PAD
    0x0802247c   0x000000eb   Data   RO         1385    .conststring        ltm.o
    0x08022567   0x00000001   PAD
    0x08022568   0x00000026   Data   RO         1416    .conststring        lutf8lib.o
    0x0802258e   0x00000002   PAD
    0x08022590   0x00000005   Data   RO         2162    .conststring        mc_w.l(ilconv.o)
    0x08022595   0x00000003   PAD
    0x08022598   0x00000020   Data   RO         2202    Region$$Table       anon$$obj.o


    Execution Region RW_IRAM1 (Base: 0x20000000, Size: 0x00008500, Max: 0x00010000, ABSOLUTE)

    Base Addr    Size         Type   Attr      Idx    E Section Name        Object

    0x20000000   0x00000014   Data   RW           83    .data               system_stm32f10x.o
    0x20000014   0x00000014   Data   RW          162    .data               stm32f10x_rcc.o
    0x20000028   0x00000004   Data   RW          419    .data               delay.o
    0x2000002c   0x0000000c   Data   RW          561    .data               pro_logic.o
    0x20000038   0x0000001c   Data   RW          635    .data               bsp_timer.o
    0x20000054   0x00000003   Data   RW         1617    .data               mc_w.l(fgetc_u.o)
    0x20000057   0x00000001   PAD
    0x20000058   0x00000004   Data   RW         1660    .data               mc_w.l(stdin.o)
    0x2000005c   0x00000004   Data   RW         1661    .data               mc_w.l(stdout.o)
    0x20000060   0x00000004   Data   RW         1662    .data               mc_w.l(stderr.o)
    0x20000064   0x00000004   Data   RW         1702    .data               mc_w.l(rand.o)
    0x20000068   0x00000004   Data   RW         2049    .data               mc_w.l(errno.o)
    0x2000006c   0x00000004   Data   RW         2169    .data               mc_w.l(mvars.o)
    0x20000070   0x00000004   Data   RW         2170    .data               mc_w.l(mvars.o)
    0x20000074   0x00000320   Zero   RW          615    .bss                bsp_adc.o
    0x20000394   0x0000013c   Zero   RW          634    .bss                bsp_timer.o
    0x200004d0   0x0000002c   Zero   RW         2164    .bss                mc_w.l(localtime_w.o)
    0x200004fc   0x00000004   PAD
    0x20000500   0x00007000   Zero   RW          101    HEAP                startup_stm32f10x_hd.o
    0x20007500   0x00001000   Zero   RW          100    STACK               startup_stm32f10x_hd.o


==============================================================================

Image component sizes


      Code (inc. data)   RO Data    RW Data    ZI Data      Debug   Object Name

       260          6          0          0          0       1242   bsp_74h165.o
       292          6          0          0          0       1333   bsp_74h595.o
      1688        236         67          0        800       2483   bsp_adc.o
        84          6          0          0          0        511   bsp_led.o
      3936        256          0         28        316       9860   bsp_timer.o
         0          0          0          0          0       4536   core_cm3.o
       208          8          0          4          0       1403   delay.o
      5938         68        144          0          0      48509   lapi.o
      5512        964          0          0          0      26389   lauxlib.o
      2856        414        573          0          0       8743   lbaselib.o
         0          0          0          0          0       7792   lbitlib.o
      5004        250         24          0          0      46624   lcode.o
       840        160        123          0          0      10732   lcorolib.o
         0          0        257          0          0       2910   lctype.o
      2736        400        356          0          0       8220   ldblib.o
      3416        404          0          0          0      34560   ldebug.o
      3536        316          0          0          0      33994   ldo.o
       964         28          0          0          0      21718   ldump.o
       592          0          0          0          0       3141   lfunc.o
      4600         62          0          0          0      35324   lgc.o
        44          4        147          0          0       1088   linit.o
      3604        490        371          0          0      13549   liolib.o
      4324        420        364          0          0      29412   llex.o
      2124        204        400          0          0       6535   lmathlib.o
       296         70          0          0          0       1338   lmem.o
      2876        550        398          0          0       8470   loadlib.o
      2672        180        272          0          0      25808   lobject.o
         0          0        590          0          0        748   lopcodes.o
      1860        350        353          0          0       7445   loslib.o
      8626        678         42          0          0      31086   lparser.o
      1052         10          0          0          0       6276   lstate.o
      1016         26          0          0          0       4978   lstring.o
      9800       1274        275          0          0      23829   lstrlib.o
      2710        102         32          0          0      11105   ltable.o
      2560        290         93          0          0       6492   ltablib.o
       804         86        387          0          0       4924   ltm.o
      1740        270          0          0          0       5462   lundump.o
      1660        262        110          0          0       4691   lutf8lib.o
     12272        472          0          0          0      44636   lvm.o
       158          0          0          0          0       1716   lzio.o
       820         28       1130          0          0      16768   main.o
       220         22          0          0          0       1777   misc.o
       288         10          0         12          0       2978   pro_logic.o
        36          8        304          0      32768        808   startup_stm32f10x_hd.o
      1102         26          0          0          0      10809   stm32f10x_adc.o
       196          8          0          0          0       3440   stm32f10x_bkp.o
       596          8          0          0          0       4306   stm32f10x_dma.o
       860         38          0          0          0       5621   stm32f10x_gpio.o
        18          0          0          0          0     268310   stm32f10x_it.o
       204         14          0          0          0       1903   stm32f10x_pwr.o
       932         36          0         20          0       8784   stm32f10x_rcc.o
      3610         88          0          0          0      22108   stm32f10x_tim.o
      1032         22          0          0          0       8348   stm32f10x_usart.o
       798         52          0          0          0       3596   sys.o
       480         38          0         20          0       1787   system_stm32f10x.o
       260         10          0          0          0       2384   usart.o

    ----------------------------------------------------------------------
    114124       9730       6884         84      33884     913339   Object Totals
         0          0         32          0          0          0   (incl. Generated)
        12          0         40          0          0          0   (incl. Padding)

    ----------------------------------------------------------------------

      Code (inc. data)   RO Data    RW Data    ZI Data      Debug   Library Member Name

       636         62         80          0          0        188   acos.o
       624         52         80          0          0        168   asin.o
       544         70        152          0          0        124   atan.o
       384         38          0          0          0        144   atan2.o
       220         16          0          0          0         84   ceil.o
       156          8          0          0          0        104   cos.o
       252         22         48          0          0        124   cos_i.o
        32          0          0          0          0         88   difftime.o
        68         10          0          0          0        408   dunder.o
       644         90         88          0          0        204   exp.o
       220         16          0          0          0         84   floor.o
       148          4          0          0          0         88   fmod.o
        40          0          0          0          0         68   fpclassify.o
        88          8          0          0          0         76   frexp.o
       860         52         56          0          0        256   log.o
       228         30          0          0          0        120   log10.o
       152         12          0          0          0         88   log2.o
       170          0          0          0          0         96   poly.o
      2488        190        136          0          0        300   pow.o
         0          0          8          0          0          0   qnan.o
       904         76        200          0          0        140   rred.o
       160         10          0          0          0        108   sin.o
       236         12         40          0          0        128   sin_i.o
        76          0          0          0          0         84   sqrt.o
        28          0          0          0          0         80   strtod.o
       100         10          0          0          0         96   tan.o
       636         50         96          0          0        168   tan_i.o
        64          0          0          0          0         84   _sgetc.o
         8          4        133          0          0         68   ctype_o.o
         0          0          0          0          0          0   entry.o
         0          0          0          0          0          0   entry10a.o
         0          0          0          0          0          0   entry11a.o
         8          4          0          0          0          0   entry2.o
         4          0          0          0          0          0   entry5.o
         0          0          0          0          0          0   entry7b.o
         0          0          0          0          0          0   entry8b.o
         8          4          0          0          0          0   entry9a.o
        20         10          0          4          0        136   errno.o
        56          6          0          3          0        136   fgetc_u.o
        60          0          0          0          0         84   fgets.o
        52          0          0          0          0         88   fread.o
        36          0          0          0          0         84   fwrite.o
         4          0          0          0          0         68   getc.o
        30          0          0          0          0          0   handlers.o
         0          0         61          0          0          0   ilconv.o
        36          8          0          0          0         68   init.o
        18          0          0          0          0         76   isspace_o.o
         0          0          0          0          0          0   iusefp.o
         0          0          0          0          0          0   iusesemig.o
        98          0          0          0          0         84   ldiv.o
        30          0          0          0          0         68   llshl.o
        36          0          0          0          0         68   llsshr.o
        32          0          0          0          0         68   llushr.o
         8          4          0          0          0         68   localeconv.o
       140          6         12          0          0         76   localtime_i.o
        12          6          0          0         44         68   localtime_w.o
       360         30          0          0          0        356   mallocr.o
        20          0          0          0          0         68   memchr.o
        26          0          0          0          0         80   memcmp.o
        36          0          0          0          0         68   memcpya.o
       168         18         12          0          0         80   mktime.o
         0          0          0          8          0          0   mvars.o
      2366        106          0          0          0        832   printfa.o
        36         10          0          4          0        136   rand.o
       838         12          0          0          0        216   scanf_fp.o
         0          0          0          0          0          0   semi.o
         0          0          0          4          0          0   stderr.o
         0          0          0          4          0          0   stdin.o
         0          0          0          4          0          0   stdout.o
        20          0          0          0          0         68   strchr.o
        28          0          0          0          0         76   strcmp.o
         4          0          0          0          0         68   strcoll.o
        18          0          0          0          0         68   strcpy.o
       228        196          0          0          0         68   strerror.o
       640        202         86          0          0        100   strftime.o
        14          0          0          0          0         68   strlen.o
        30          0          0          0          0         80   strncmp.o
        32          0          0          0          0         76   strpbrk.o
        28          0          0          0          0         80   strspn.o
        36          0          0          0          0         80   strstr.o
       156         14          0          0          0        120   strtod.o
        12          0          0          0          0         68   tolower.o
        12          0          0          0          0         68   toupper.o
        44          0          0          0          0         80   uidiv.o
        98          0          0          0          0         92   uldiv.o
        48          0          0          0          0         68   cdcmple.o
        48          0          0          0          0         68   cdrcmple.o
        20          0          0          0          0         68   cfcmple.o
        56          0          0          0          0         88   d2f.o
       334          0          0          0          0        148   dadd.o
       222          0          0          0          0        100   ddiv.o
       186          0          0          0          0        176   depilogue.o
        62          0          0          0          0         80   dfixi.o
        74          0          0          0          0         80   dfixl.o
        50          0          0          0          0         76   dfixui.o
        48          0          0          0          0         68   dfixul.o
        34          0          0          0          0         76   dflti.o
        40          0          0          0          0         80   dfltl.o
        26          0          0          0          0         76   dfltui.o
        24          0          0          0          0         76   dfltul.o
       228          0          0          0          0         96   dmul.o
       134          0          0          0          0         96   drem.o
        46          0          0          0          0         80   dscalb.o
       162          0          0          0          0        100   dsqrt.o
        38          0          0          0          0         68   f2d.o
       124          0          0          0          0         88   fdiv.o
       110          0          0          0          0        168   fepilogue.o
        18          0          0          0          0         68   fflti.o
        10          0          0          0          0         68   ffltui.o
       100          0          0          0          0         76   fmul.o
        62          0          0          0          0         96   setjmp.o

    ----------------------------------------------------------------------
     18420       1478       1300         32         48      10436   Library Totals
        12          0         12          1          4          0   (incl. Padding)

    ----------------------------------------------------------------------

      Code (inc. data)   RO Data    RW Data    ZI Data      Debug   Library Name

     10094        838        984          0          0       3616   m_ws.l
      6010        640        304         31         44       4488   mc_w.l
      2304          0          0          0          0       2332   mf_w.l

    ----------------------------------------------------------------------
     18420       1478       1300         32         48      10436   Library Totals

    ----------------------------------------------------------------------

==============================================================================


      Code (inc. data)   RO Data    RW Data    ZI Data      Debug   

    132544      11208       8184        116      33932     913943   Grand Totals
    132544      11208       8184        116      33932     913943   ELF Image Totals
    132544      11208       8184        116          0          0   ROM Totals

==============================================================================

    Total RO  Size (Code + RO Data)               140728 ( 137.43kB)
    Total RW  Size (RW Data + ZI Data)             34048 (  33.25kB)
    Total ROM Size (Code + RO Data + RW Data)     140844 ( 137.54kB)

==============================================================================

