Component: ARM Compiler 5.05 update 2 (build 169) Tool: armlink [4d0f33]

==============================================================================

Section Cross References

    main.o(i.delay) refers to main.o(.data) for timing_delay
    main.o(i.fputc) refers to stm32f4xx_usart.o(i.USART_SendData) for USART_SendData
    main.o(i.gpio_init) refers to stm32f4xx_rcc.o(i.RCC_AHB1PeriphClockCmd) for RCC_AHB1PeriphClockCmd
    main.o(i.gpio_init) refers to stm32f4xx_gpio.o(i.GPIO_Init) for GPIO_Init
    main.o(i.led0_task) refers to main.o(i.gpio_init) for gpio_init
    main.o(i.led0_task) refers to main.o(i.sys_tick_init) for sys_tick_init
    main.o(i.led0_task) refers to main.o(i.uart_init) for uart_init
    main.o(i.led0_task) refers to printfa.o(i.__0printf) for __2printf
    main.o(i.led0_task) refers to lauxlib.o(i.luaL_newstate) for luaL_newstate
    main.o(i.led0_task) refers to lapi.o(i.lua_pushcclosure) for lua_pushcclosure
    main.o(i.led0_task) refers to lapi.o(i.lua_setfield) for lua_setfield
    main.o(i.led0_task) refers to lauxlib.o(i.luaL_loadstring) for luaL_loadstring
    main.o(i.led0_task) refers to lapi.o(i.lua_pcall) for lua_pcall
    main.o(i.led0_task) refers to lstate.o(i.lua_close) for lua_close
    main.o(i.led0_task) refers to main.o(i.led_run) for led_run
    main.o(i.led_run) refers to stm32f4xx_gpio.o(i.GPIO_ToggleBits) for GPIO_ToggleBits
    main.o(i.led_run) refers to main.o(i.delay) for delay
    main.o(i.main) refers to os_core.o(i.OSInit) for OSInit
    main.o(i.main) refers to cpu_a.o(.text) for CPU_SR_Save
    main.o(i.main) refers to os_task.o(i.OSTaskCreate) for OSTaskCreate
    main.o(i.main) refers to os_core.o(i.OS_Sched0) for OS_Sched0
    main.o(i.main) refers to os_core.o(i.OSStart) for OSStart
    main.o(i.main) refers to os_var.o(.data) for OSSchedLockNestingCtr
    main.o(i.main) refers to main.o(.bss) for START_TASK_STK
    main.o(i.main) refers to main.o(i.start_task) for start_task
    main.o(i.start_task) refers to cpu_core.o(i.CPU_Init) for CPU_Init
    main.o(i.start_task) refers to cpu_a.o(.text) for CPU_SR_Save
    main.o(i.start_task) refers to os_task.o(i.OSTaskCreate) for OSTaskCreate
    main.o(i.start_task) refers to os_task.o(i.OS_TaskSuspend) for OS_TaskSuspend
    main.o(i.start_task) refers to os_core.o(i.OS_Sched0) for OS_Sched0
    main.o(i.start_task) refers to os_var.o(.data) for OSSchedLockNestingCtr
    main.o(i.start_task) refers to main.o(.bss) for LED0_TASK_STK
    main.o(i.start_task) refers to main.o(i.led0_task) for led0_task
    main.o(i.sys_tick_init) refers to stm32f4xx_rcc.o(i.RCC_AHB2PeriphClockCmd) for RCC_AHB2PeriphClockCmd
    main.o(i.sys_tick_init) refers to stm32f4xx_rcc.o(i.RCC_GetClocksFreq) for RCC_GetClocksFreq
    main.o(i.sys_tick_init) refers to main.o(.bss) for RCC_Clocks
    main.o(i.uart_init) refers to stm32f4xx_rcc.o(i.RCC_AHB1PeriphClockCmd) for RCC_AHB1PeriphClockCmd
    main.o(i.uart_init) refers to stm32f4xx_rcc.o(i.RCC_APB2PeriphClockCmd) for RCC_APB2PeriphClockCmd
    main.o(i.uart_init) refers to stm32f4xx_gpio.o(i.GPIO_PinAFConfig) for GPIO_PinAFConfig
    main.o(i.uart_init) refers to stm32f4xx_gpio.o(i.GPIO_Init) for GPIO_Init
    main.o(i.uart_init) refers to stm32f4xx_usart.o(i.USART_Init) for USART_Init
    main.o(i.uart_init) refers to stm32f4xx_usart.o(i.USART_Cmd) for USART_Cmd
    main.o(i.uart_init) refers to stm32f4xx_usart.o(i.USART_ClearFlag) for USART_ClearFlag
    stm32f4xx_it.o(i.SysTick_Handler) refers to main.o(.data) for timing_delay
    system_stm32f4xx.o(i.SystemCoreClockUpdate) refers to system_stm32f4xx.o(.data) for SystemCoreClock
    system_stm32f4xx.o(i.SystemInit) refers to system_stm32f4xx.o(i.SetSysClock) for SetSysClock
    stm32f4xx_tim.o(i.TIM_DeInit) refers to stm32f4xx_rcc.o(i.RCC_APB2PeriphResetCmd) for RCC_APB2PeriphResetCmd
    stm32f4xx_tim.o(i.TIM_DeInit) refers to stm32f4xx_rcc.o(i.RCC_APB1PeriphResetCmd) for RCC_APB1PeriphResetCmd
    stm32f4xx_tim.o(i.TIM_ETRClockMode1Config) refers to stm32f4xx_tim.o(i.TIM_ETRConfig) for TIM_ETRConfig
    stm32f4xx_tim.o(i.TIM_ETRClockMode2Config) refers to stm32f4xx_tim.o(i.TIM_ETRConfig) for TIM_ETRConfig
    stm32f4xx_tim.o(i.TIM_ICInit) refers to stm32f4xx_tim.o(i.TI1_Config) for TI1_Config
    stm32f4xx_tim.o(i.TIM_ICInit) refers to stm32f4xx_tim.o(i.TIM_SetIC1Prescaler) for TIM_SetIC1Prescaler
    stm32f4xx_tim.o(i.TIM_ICInit) refers to stm32f4xx_tim.o(i.TI2_Config) for TI2_Config
    stm32f4xx_tim.o(i.TIM_ICInit) refers to stm32f4xx_tim.o(i.TIM_SetIC2Prescaler) for TIM_SetIC2Prescaler
    stm32f4xx_tim.o(i.TIM_ICInit) refers to stm32f4xx_tim.o(i.TI3_Config) for TI3_Config
    stm32f4xx_tim.o(i.TIM_ICInit) refers to stm32f4xx_tim.o(i.TIM_SetIC3Prescaler) for TIM_SetIC3Prescaler
    stm32f4xx_tim.o(i.TIM_ICInit) refers to stm32f4xx_tim.o(i.TI4_Config) for TI4_Config
    stm32f4xx_tim.o(i.TIM_ICInit) refers to stm32f4xx_tim.o(i.TIM_SetIC4Prescaler) for TIM_SetIC4Prescaler
[...]
    luaF_newCclosure                         0x0800abff   Thumb Code    54  lfunc.o(i.luaF_newCclosure)
    luaF_newLclosure                         0x0800ac35   Thumb Code    74  lfunc.o(i.luaF_newLclosure)
    luaF_newproto                            0x0800ac7f   Thumb Code    80  lfunc.o(i.luaF_newproto)
    luaF_newupval                            0x0800accf   Thumb Code    44  lfunc.o(i.luaF_newupval)
    luaG_aritherror                          0x0800acfd   Thumb Code    32  ldebug.o(i.luaG_aritherror)
    luaG_checkcode                           0x0800ad35   Thumb Code    24  ldebug.o(i.luaG_checkcode)
    luaG_checkopenop                         0x0800ad4d   Thumb Code    52  ldebug.o(i.luaG_checkopenop)
    luaG_concaterror                         0x0800ad81   Thumb Code    34  ldebug.o(i.luaG_concaterror)
    luaG_errormsg                            0x0800adb1   Thumb Code   124  ldebug.o(i.luaG_errormsg)
    luaG_ordererror                          0x0800ae2d   Thumb Code    62  ldebug.o(i.luaG_ordererror)
    luaG_runerror                            0x0800aeb5   Thumb Code    46  ldebug.o(i.luaG_runerror)
    luaG_typeerror                           0x0800aee5   Thumb Code    92  ldebug.o(i.luaG_typeerror)
    luaH_free                                0x0800af85   Thumb Code    60  ltable.o(i.luaH_free)
    luaH_get                                 0x0800afc5   Thumb Code   146  ltable.o(i.luaH_get)
    luaH_getn                                0x0800b05d   Thumb Code    78  ltable.o(i.luaH_getn)
    luaH_getnum                              0x0800b0b1   Thumb Code   106  ltable.o(i.luaH_getnum)
    luaH_getstr                              0x0800b121   Thumb Code    52  ltable.o(i.luaH_getstr)
    luaH_new                                 0x0800b159   Thumb Code    80  ltable.o(i.luaH_new)
    luaH_resizearray                         0x0800b1ad   Thumb Code    46  ltable.o(i.luaH_resizearray)
    luaH_set                                 0x0800b1e1   Thumb Code   114  ltable.o(i.luaH_set)
    luaH_setnum                              0x0800b281   Thumb Code    62  ltable.o(i.luaH_setnum)
    luaH_setstr                              0x0800b2c5   Thumb Code    54  ltable.o(i.luaH_setstr)
    luaK_checkstack                          0x0800b301   Thumb Code    40  lcode.o(i.luaK_checkstack)
    luaK_codeABC                             0x0800b3d9   Thumb Code    42  lcode.o(i.luaK_codeABC)
    luaK_codeABx                             0x0800b403   Thumb Code    34  lcode.o(i.luaK_codeABx)
    luaK_concat                              0x0800b425   Thumb Code    68  lcode.o(i.luaK_concat)
    luaK_dischargevars                       0x0800b469   Thumb Code   136  lcode.o(i.luaK_dischargevars)
    luaK_exp2RK                              0x0800b4f1   Thumb Code   148  lcode.o(i.luaK_exp2RK)
    luaK_exp2anyreg                          0x0800b585   Thumb Code    68  lcode.o(i.luaK_exp2anyreg)
    luaK_exp2nextreg                         0x0800b5c9   Thumb Code    44  lcode.o(i.luaK_exp2nextreg)
    luaK_exp2val                             0x0800b5f5   Thumb Code    34  lcode.o(i.luaK_exp2val)
    luaK_fixline                             0x0800b617   Thumb Code    14  lcode.o(i.luaK_fixline)
    luaK_getlabel                            0x0800b625   Thumb Code    10  lcode.o(i.luaK_getlabel)
    luaK_goiftrue                            0x0800b693   Thumb Code   112  lcode.o(i.luaK_goiftrue)
    luaK_indexed                             0x0800b703   Thumb Code    24  lcode.o(i.luaK_indexed)
    luaK_infix                               0x0800b71b   Thumb Code   104  lcode.o(i.luaK_infix)
    luaK_jump                                0x0800b785   Thumb Code    40  lcode.o(i.luaK_jump)
    luaK_nil                                 0x0800b7b1   Thumb Code   124  lcode.o(i.luaK_nil)
    luaK_numberK                             0x0800b82d   Thumb Code    46  lcode.o(i.luaK_numberK)
    luaK_patchlist                           0x0800b85b   Thumb Code    40  lcode.o(i.luaK_patchlist)
    luaK_patchtohere                         0x0800b883   Thumb Code    26  lcode.o(i.luaK_patchtohere)
    luaK_posfix                              0x0800b89d   Thumb Code   382  lcode.o(i.luaK_posfix)
    luaK_prefix                              0x0800ba1d   Thumb Code   114  lcode.o(i.luaK_prefix)
    luaK_reserveregs                         0x0800ba99   Thumb Code    22  lcode.o(i.luaK_reserveregs)
    luaK_ret                                 0x0800baaf   Thumb Code    26  lcode.o(i.luaK_ret)
    luaK_self                                0x0800bac9   Thumb Code    78  lcode.o(i.luaK_self)
    luaK_setlist                             0x0800bb17   Thumb Code    94  lcode.o(i.luaK_setlist)
    luaK_setoneret                           0x0800bb75   Thumb Code    70  lcode.o(i.luaK_setoneret)
    luaK_setreturns                          0x0800bbbb   Thumb Code   106  lcode.o(i.luaK_setreturns)
    luaK_storevar                            0x0800bc25   Thumb Code   142  lcode.o(i.luaK_storevar)
    luaK_stringK                             0x0800bcb3   Thumb Code    28  lcode.o(i.luaK_stringK)
    luaL_loadbuffer                          0x0800bcd1   Thumb Code    32  lauxlib.o(i.luaL_loadbuffer)
    luaL_loadstring                          0x0800bcf5   Thumb Code    28  lauxlib.o(i.luaL_loadstring)
    luaL_newstate                            0x0800bd11   Thumb Code    26  lauxlib.o(i.luaL_newstate)
    luaM_growaux_                            0x0800bd35   Thumb Code   106  lmem.o(i.luaM_growaux_)
    luaM_realloc_                            0x0800bd9f   Thumb Code    56  lmem.o(i.luaM_realloc_)
    luaM_toobig                              0x0800bdd9   Thumb Code    16  lmem.o(i.luaM_toobig)
    luaO_chunkid                             0x0800be11   Thumb Code   156  lobject.o(i.luaO_chunkid)
    luaO_fb2int                              0x0800bec9   Thumb Code    24  lobject.o(i.luaO_fb2int)
    luaO_int2fb                              0x0800bee1   Thumb Code    36  lobject.o(i.luaO_int2fb)
    luaO_log2                                0x0800bf05   Thumb Code    24  lobject.o(i.luaO_log2)
    luaO_pushfstring                         0x0800bf21   Thumb Code    34  lobject.o(i.luaO_pushfstring)
    luaO_pushvfstring                        0x0800bf45   Thumb Code   408  lobject.o(i.luaO_pushvfstring)
    luaO_rawequalObj                         0x0800c0f1   Thumb Code   134  lobject.o(i.luaO_rawequalObj)
    luaO_str2d                               0x0800c177   Thumb Code   116  lobject.o(i.luaO_str2d)
    luaS_newlstr                             0x0800c1eb   Thumb Code   136  lstring.o(i.luaS_newlstr)
    luaS_resize                              0x0800c273   Thumb Code   146  lstring.o(i.luaS_resize)
    luaT_gettm                               0x0800c305   Thumb Code    46  ltm.o(i.luaT_gettm)
    luaT_gettmbyobj                          0x0800c335   Thumb Code    72  ltm.o(i.luaT_gettmbyobj)
    luaT_init                                0x0800c381   Thumb Code    74  ltm.o(i.luaT_init)
    luaU_header                              0x0800c3d1   Thumb Code    62  lundump.o(i.luaU_header)
    luaU_undump                              0x0800c419   Thumb Code    86  lundump.o(i.luaU_undump)
    luaV_concat                              0x0800c48d   Thumb Code   334  lvm.o(i.luaV_concat)
    luaV_equalval                            0x0800c5f5   Thumb Code   238  lvm.o(i.luaV_equalval)
    luaV_execute                             0x0800c6e5   Thumb Code  5204  lvm.o(i.luaV_execute)
    luaV_gettable                            0x0800db39   Thumb Code   180  lvm.o(i.luaV_gettable)
    luaV_lessthan                            0x0800dc09   Thumb Code   136  lvm.o(i.luaV_lessthan)
    luaV_settable                            0x0800dc91   Thumb Code   212  lvm.o(i.luaV_settable)
    luaV_tonumber                            0x0800dd81   Thumb Code    56  lvm.o(i.luaV_tonumber)
    luaV_tostring                            0x0800ddb9   Thumb Code    82  lvm.o(i.luaV_tostring)
    luaX_init                                0x0800de15   Thumb Code    60  llex.o(i.luaX_init)
    luaX_lexerror                            0x0800de55   Thumb Code    76  llex.o(i.luaX_lexerror)
    luaX_lookahead                           0x0800debd   Thumb Code    18  llex.o(i.luaX_lookahead)
    luaX_newstring                           0x0800decf   Thumb Code    60  llex.o(i.luaX_newstring)
    luaX_next                                0x0800df0b   Thumb Code    52  llex.o(i.luaX_next)
    luaX_setinput                            0x0800df3f   Thumb Code   102  llex.o(i.luaX_setinput)
    luaX_syntaxerror                         0x0800dfa5   Thumb Code    18  llex.o(i.luaX_syntaxerror)
    luaX_token2str                           0x0800dfb9   Thumb Code    62  llex.o(i.luaX_token2str)
    luaY_parser                              0x0800e00d   Thumb Code   100  lparser.o(i.luaY_parser)
    luaZ_fill                                0x0800e071   Thumb Code    48  lzio.o(i.luaZ_fill)
    luaZ_init                                0x0800e0a1   Thumb Code    16  lzio.o(i.luaZ_init)
    luaZ_lookahead                           0x0800e0b1   Thumb Code    42  lzio.o(i.luaZ_lookahead)
    luaZ_openspace                           0x0800e0db   Thumb Code    56  lzio.o(i.luaZ_openspace)
    luaZ_read                                0x0800e113   Thumb Code    78  lzio.o(i.luaZ_read)
    lua_atpanic                              0x0800e161   Thumb Code    12  lapi.o(i.lua_atpanic)
    lua_close                                0x0800e16d   Thumb Code    70  lstate.o(i.lua_close)
    lua_load                                 0x0800e1b9   Thumb Code    50  lapi.o(i.lua_load)
    lua_newstate                             0x0800e1f1   Thumb Code   208  lstate.o(i.lua_newstate)
    lua_pcall                                0x0800e2c5   Thumb Code    96  lapi.o(i.lua_pcall)
    lua_pushcclosure                         0x0800e329   Thumb Code   114  lapi.o(i.lua_pushcclosure)
    lua_setfield                             0x0800e39b   Thumb Code    72  lapi.o(i.lua_setfield)
    lua_tolstring                            0x0800e3e3   Thumb Code    92  lapi.o(i.lua_tolstring)
    main                                     0x0800e441   Thumb Code   200  main.o(i.main)
    realloc                                  0x0800f4b1   Thumb Code   102  mallocr.o(i.realloc)
    sqrt                                     0x0800ff15   Thumb Code   110  sqrt.o(i.sqrt)
    start_task                               0x0800fffd   Thumb Code   204  main.o(i.start_task)
    sys_tick_init                            0x080106b1   Thumb Code    98  main.o(i.sys_tick_init)
    uart_init                                0x08010c5d   Thumb Code   138  main.o(i.uart_init)
    luaX_tokens                              0x08010dfc   Data         128  llex.o(.constdata)
    luaO_nilobject_                          0x08010e80   Data          16  lobject.o(.constdata)
    luaP_opnames                             0x08010f90   Data         156  lopcodes.o(.constdata)
    luaP_opmodes                             0x0801102c   Data          38  lopcodes.o(.constdata)
    luaT_typenames                           0x08011090   Data          44  ltm.o(.constdata)
    OSCfg_IdleTaskStkBasePtr                 0x08011100   Data           4  os_cfg_app.o(.constdata)
    OSCfg_IdleTaskStkLimit                   0x08011104   Data           4  os_cfg_app.o(.constdata)
    OSCfg_IdleTaskStkSize                    0x08011108   Data           4  os_cfg_app.o(.constdata)
    OSCfg_IdleTaskStkSizeRAM                 0x0801110c   Data           4  os_cfg_app.o(.constdata)
    OSCfg_IntQBasePtr                        0x08011110   Data           4  os_cfg_app.o(.constdata)
    OSCfg_IntQSize                           0x08011114   Data           2  os_cfg_app.o(.constdata)
    OSCfg_IntQSizeRAM                        0x08011118   Data           4  os_cfg_app.o(.constdata)
    OSCfg_IntQTaskStkBasePtr                 0x0801111c   Data           4  os_cfg_app.o(.constdata)
    OSCfg_IntQTaskStkLimit                   0x08011120   Data           4  os_cfg_app.o(.constdata)
    OSCfg_IntQTaskStkSize                    0x08011124   Data           4  os_cfg_app.o(.constdata)
    OSCfg_IntQTaskStkSizeRAM                 0x08011128   Data           4  os_cfg_app.o(.constdata)
    OSCfg_ISRStkBasePtr                      0x0801112c   Data           4  os_cfg_app.o(.constdata)
    OSCfg_ISRStkSize                         0x08011130   Data           4  os_cfg_app.o(.constdata)
    OSCfg_ISRStkSizeRAM                      0x08011134   Data           4  os_cfg_app.o(.constdata)
    OSCfg_MsgPoolSize                        0x08011138   Data           2  os_cfg_app.o(.constdata)
    OSCfg_MsgPoolSizeRAM                     0x0801113c   Data           4  os_cfg_app.o(.constdata)
    OSCfg_MsgPoolBasePtr                     0x08011140   Data           4  os_cfg_app.o(.constdata)
    OSCfg_StatTaskPrio                       0x08011144   Data           1  os_cfg_app.o(.constdata)
    OSCfg_StatTaskRate_Hz                    0x08011148   Data           4  os_cfg_app.o(.constdata)
    OSCfg_StatTaskStkBasePtr                 0x0801114c   Data           4  os_cfg_app.o(.constdata)
    OSCfg_StatTaskStkLimit                   0x08011150   Data           4  os_cfg_app.o(.constdata)
    OSCfg_StatTaskStkSize                    0x08011154   Data           4  os_cfg_app.o(.constdata)
    OSCfg_StatTaskStkSizeRAM                 0x08011158   Data           4  os_cfg_app.o(.constdata)
    OSCfg_StkSizeMin                         0x0801115c   Data           4  os_cfg_app.o(.constdata)
    OSCfg_TickRate_Hz                        0x08011160   Data           4  os_cfg_app.o(.constdata)
    OSCfg_TickTaskPrio                       0x08011164   Data           1  os_cfg_app.o(.constdata)
    OSCfg_TickTaskStkBasePtr                 0x08011168   Data           4  os_cfg_app.o(.constdata)
    OSCfg_TickTaskStkLimit                   0x0801116c   Data           4  os_cfg_app.o(.constdata)
    OSCfg_TickTaskStkSize                    0x08011170   Data           4  os_cfg_app.o(.constdata)
    OSCfg_TickTaskStkSizeRAM                 0x08011174   Data           4  os_cfg_app.o(.constdata)
    OSCfg_TickWheelSize                      0x08011178   Data           2  os_cfg_app.o(.constdata)
    OSCfg_TickWheelSizeRAM                   0x0801117c   Data           4  os_cfg_app.o(.constdata)
    OSCfg_TmrTaskPrio                        0x08011180   Data           1  os_cfg_app.o(.constdata)
    OSCfg_TmrTaskRate_Hz                     0x08011184   Data           4  os_cfg_app.o(.constdata)
    OSCfg_TmrTaskStkBasePtr                  0x08011188   Data           4  os_cfg_app.o(.constdata)
    OSCfg_TmrTaskStkLimit                    0x0801118c   Data           4  os_cfg_app.o(.constdata)
    OSCfg_TmrTaskStkSize                     0x08011190   Data           4  os_cfg_app.o(.constdata)
    OSCfg_TmrTaskStkSizeRAM                  0x08011194   Data           4  os_cfg_app.o(.constdata)
    OSCfg_TmrWheelSize                       0x08011198   Data           2  os_cfg_app.o(.constdata)
    OSCfg_TmrWheelSizeRAM                    0x0801119c   Data           4  os_cfg_app.o(.constdata)
    OSCfg_DataSizeRAM                        0x080111a0   Data           4  os_cfg_app.o(.constdata)
    OSDbg_DbgEn                              0x080111a4   Data           2  os_dbg.o(.constdata)
    OSDbg_ArgChkEn                           0x080111a6   Data           1  os_dbg.o(.constdata)
    OSDbg_AppHooksEn                         0x080111a7   Data           1  os_dbg.o(.constdata)
    OSDbg_EndiannessTest                     0x080111a8   Data           4  os_dbg.o(.constdata)
    OSDbg_CalledFromISRChkEn                 0x080111ac   Data           1  os_dbg.o(.constdata)
    OSDbg_FlagEn                             0x080111ad   Data           1  os_dbg.o(.constdata)
    OSDbg_FlagGrp                            0x080111b0   Data          40  os_dbg.o(.constdata)
    OSDbg_FlagDelEn                          0x080111d8   Data           1  os_dbg.o(.constdata)
    OSDbg_FlagModeClrEn                      0x080111d9   Data           1  os_dbg.o(.constdata)
    OSDbg_FlagPendAbortEn                    0x080111da   Data           1  os_dbg.o(.constdata)
    OSDbg_FlagGrpSize                        0x080111dc   Data           2  os_dbg.o(.constdata)
    OSDbg_FlagWidth                          0x080111de   Data           2  os_dbg.o(.constdata)
    OSDbg_IntQ                               0x080111e0   Data           2  os_dbg.o(.constdata)
    OSDbg_ISRPostDeferredEn                  0x080111e2   Data           1  os_dbg.o(.constdata)
    OSDbg_Mem                                0x080111e4   Data          32  os_dbg.o(.constdata)
    OSDbg_MemEn                              0x08011204   Data           1  os_dbg.o(.constdata)
    OSDbg_MemSize                            0x08011206   Data           2  os_dbg.o(.constdata)
    OSDbg_MsgEn                              0x08011208   Data           1  os_dbg.o(.constdata)
    OSDbg_MsgSize                            0x0801120a   Data           2  os_dbg.o(.constdata)
    OSDbg_MsgPoolSize                        0x0801120c   Data           2  os_dbg.o(.constdata)
    OSDbg_MsgQSize                           0x0801120e   Data           2  os_dbg.o(.constdata)
    OSDbg_Mutex                              0x08011210   Data          44  os_dbg.o(.constdata)
    OSDbg_MutexEn                            0x0801123c   Data           1  os_dbg.o(.constdata)
    OSDbg_MutexDelEn                         0x0801123d   Data           1  os_dbg.o(.constdata)
    OSDbg_MutexPendAbortEn                   0x0801123e   Data           1  os_dbg.o(.constdata)
    OSDbg_MutexSize                          0x08011240   Data           2  os_dbg.o(.constdata)
    OSDbg_ObjTypeChkEn                       0x08011242   Data           1  os_dbg.o(.constdata)
    OSDbg_PendMultiEn                        0x08011243   Data           1  os_dbg.o(.constdata)
    OSDbg_PendDataSize                       0x08011244   Data           2  os_dbg.o(.constdata)
    OSDbg_PendListSize                       0x08011246   Data           2  os_dbg.o(.constdata)
    OSDbg_PendObjSize                        0x08011248   Data           2  os_dbg.o(.constdata)
    OSDbg_PrioMax                            0x0801124a   Data           2  os_dbg.o(.constdata)
    OSDbg_PrioTblSize                        0x0801124c   Data           2  os_dbg.o(.constdata)
    OSDbg_PtrSize                            0x0801124e   Data           2  os_dbg.o(.constdata)
    OSDbg_Q                                  0x08011250   Data          48  os_dbg.o(.constdata)
    OSDbg_QEn                                0x08011280   Data           1  os_dbg.o(.constdata)
    OSDbg_QDelEn                             0x08011281   Data           1  os_dbg.o(.constdata)
    OSDbg_QFlushEn                           0x08011282   Data           1  os_dbg.o(.constdata)
    OSDbg_QPendAbortEn                       0x08011283   Data           1  os_dbg.o(.constdata)
    OSDbg_QSize                              0x08011284   Data           2  os_dbg.o(.constdata)
    OSDbg_SchedRoundRobinEn                  0x08011286   Data           1  os_dbg.o(.constdata)
    OSDbg_Sem                                0x08011288   Data          40  os_dbg.o(.constdata)
    OSDbg_SemEn                              0x080112b0   Data           1  os_dbg.o(.constdata)
    OSDbg_SemDelEn                           0x080112b1   Data           1  os_dbg.o(.constdata)
    OSDbg_SemPendAbortEn                     0x080112b2   Data           1  os_dbg.o(.constdata)
    OSDbg_SemSetEn                           0x080112b3   Data           1  os_dbg.o(.constdata)
    OSDbg_SemSize                            0x080112b4   Data           2  os_dbg.o(.constdata)
    OSDbg_RdyList                            0x080112b6   Data           2  os_dbg.o(.constdata)
    OSDbg_RdyListSize                        0x080112b8   Data           4  os_dbg.o(.constdata)
    OSDbg_StkWidth                           0x080112bc   Data           1  os_dbg.o(.constdata)
    OSDbg_StatTaskEn                         0x080112bd   Data           1  os_dbg.o(.constdata)
    OSDbg_StatTaskStkChkEn                   0x080112be   Data           1  os_dbg.o(.constdata)
    OSDbg_TaskChangePrioEn                   0x080112bf   Data           1  os_dbg.o(.constdata)
    OSDbg_TaskDelEn                          0x080112c0   Data           1  os_dbg.o(.constdata)
    OSDbg_TaskQEn                            0x080112c1   Data           1  os_dbg.o(.constdata)
    OSDbg_TaskQPendAbortEn                   0x080112c2   Data           1  os_dbg.o(.constdata)
    OSDbg_TaskProfileEn                      0x080112c3   Data           1  os_dbg.o(.constdata)
    OSDbg_TaskRegTblSize                     0x080112c4   Data           2  os_dbg.o(.constdata)
    OSDbg_TaskSemPendAbortEn                 0x080112c6   Data           1  os_dbg.o(.constdata)
    OSDbg_TaskSuspendEn                      0x080112c7   Data           1  os_dbg.o(.constdata)
    OSDbg_TCBSize                            0x080112c8   Data           2  os_dbg.o(.constdata)
    OSDbg_TickSpokeSize                      0x080112ca   Data           2  os_dbg.o(.constdata)
    OSDbg_TimeDlyHMSMEn                      0x080112cc   Data           1  os_dbg.o(.constdata)
    OSDbg_TimeDlyResumeEn                    0x080112cd   Data           1  os_dbg.o(.constdata)
    OSDbg_TLS_TblSize                        0x080112ce   Data           2  os_dbg.o(.constdata)
    OSDbg_Tmr                                0x080112d0   Data          52  os_dbg.o(.constdata)
    OSDbg_TmrEn                              0x08011304   Data           1  os_dbg.o(.constdata)
    OSDbg_TmrDelEn                           0x08011305   Data           1  os_dbg.o(.constdata)
    OSDbg_TmrSize                            0x08011306   Data           2  os_dbg.o(.constdata)
    OSDbg_TmrSpokeSize                       0x08011308   Data           2  os_dbg.o(.constdata)
    OSDbg_VersionNbr                         0x0801130a   Data           2  os_dbg.o(.constdata)
    OSDbg_DataSize                           0x0801130c   Data           4  os_dbg.o(.constdata)
    __ctype_table                            0x08011398   Data         129  ctype_o.o(.constdata)
    __mathlib_zero                           0x08011420   Data           8  qnan.o(.constdata)
    __internal_lconv                         0x08011428   Data          56  ilconv.o(.constdata)
    Region$$Table$$Base                      0x0801171c   Number         0  anon$$obj.o(Region$$Table)
    Region$$Table$$Limit                     0x0801173c   Number         0  anon$$obj.o(Region$$Table)
    timing_delay                             0x20000000   Data           4  main.o(.data)
    CPU_TS_TmrFreq_Hz                        0x20000014   Data           4  cpu_core.o(.data)
    OSPrioTbl                                0x20000018   Data           8  os_prio.o(.data)
    OS_AppTaskCreateHookPtr                  0x20000020   Data           4  os_var.o(.data)
    OS_AppTaskDelHookPtr                     0x20000024   Data           4  os_var.o(.data)
    OS_AppTaskReturnHookPtr                  0x20000028   Data           4  os_var.o(.data)
    OS_AppIdleTaskHookPtr                    0x2000002c   Data           4  os_var.o(.data)
    OS_AppStatTaskHookPtr                    0x20000030   Data           4  os_var.o(.data)
    OS_AppTaskSwHookPtr                      0x20000034   Data           4  os_var.o(.data)
    OS_AppTimeTickHookPtr                    0x20000038   Data           4  os_var.o(.data)
    OSIdleTaskCtr                            0x2000003c   Data           4  os_var.o(.data)
    OSIntNestingCtr                          0x20000040   Data           1  os_var.o(.data)
    OSRunning                                0x20000041   Data           1  os_var.o(.data)
    OSIntQInPtr                              0x20000044   Data           4  os_var.o(.data)
    OSIntQOutPtr                             0x20000048   Data           4  os_var.o(.data)
    OSIntQNbrEntries                         0x2000004c   Data           2  os_var.o(.data)
    OSIntQNbrEntriesMax                      0x2000004e   Data           2  os_var.o(.data)
    OSIntQOvfCtr                             0x20000050   Data           2  os_var.o(.data)
    OSIntQTaskTimeMax                        0x20000054   Data           4  os_var.o(.data)
    OSFlagDbgListPtr                         0x20000058   Data           4  os_var.o(.data)
    OSFlagQty                                0x2000005c   Data           2  os_var.o(.data)
    OSMemDbgListPtr                          0x20000060   Data           4  os_var.o(.data)
    OSMemQty                                 0x20000064   Data           2  os_var.o(.data)
    OSMutexDbgListPtr                        0x20000068   Data           4  os_var.o(.data)
    OSMutexQty                               0x2000006c   Data           2  os_var.o(.data)
    OSPrioCur                                0x2000006e   Data           1  os_var.o(.data)
    OSPrioHighRdy                            0x2000006f   Data           1  os_var.o(.data)
    OSPrioSaved                              0x20000070   Data           1  os_var.o(.data)
    OSQDbgListPtr                            0x20000074   Data           4  os_var.o(.data)
    OSQQty                                   0x20000078   Data           2  os_var.o(.data)
    OSSchedLockTimeBegin                     0x2000007c   Data           4  os_var.o(.data)
    OSSchedLockTimeMax                       0x20000080   Data           4  os_var.o(.data)
    OSSchedLockTimeMaxCur                    0x20000084   Data           4  os_var.o(.data)
    OSSchedLockNestingCtr                    0x20000088   Data           1  os_var.o(.data)
    OSSchedRoundRobinDfltTimeQuanta          0x2000008c   Data           4  os_var.o(.data)
    OSSchedRoundRobinEn                      0x20000090   Data           1  os_var.o(.data)
    OSSemDbgListPtr                          0x20000094   Data           4  os_var.o(.data)
    OSSemQty                                 0x20000098   Data           2  os_var.o(.data)
    OSStatResetFlag                          0x2000009a   Data           1  os_var.o(.data)
    OSStatTaskCPUUsage                       0x2000009c   Data           2  os_var.o(.data)
    OSStatTaskCPUUsageMax                    0x2000009e   Data           2  os_var.o(.data)
    OSStatTaskCtr                            0x200000a0   Data           4  os_var.o(.data)
    OSStatTaskCtrMax                         0x200000a4   Data           4  os_var.o(.data)
    OSStatTaskCtrRun                         0x200000a8   Data           4  os_var.o(.data)
    OSStatTaskRdy                            0x200000ac   Data           1  os_var.o(.data)
    OSStatTaskTimeMax                        0x200000b0   Data           4  os_var.o(.data)
    OSTaskCtxSwCtr                           0x200000b4   Data           4  os_var.o(.data)
    OSTaskDbgListPtr                         0x200000b8   Data           4  os_var.o(.data)
    OSTaskQty                                0x200000bc   Data           2  os_var.o(.data)
    OSTaskRegNextAvailID                     0x200000be   Data           1  os_var.o(.data)
    OSTickCtr                                0x200000c0   Data           4  os_var.o(.data)
    OSTickTaskTimeMax                        0x200000c4   Data           4  os_var.o(.data)
    OSTmrDbgListPtr                          0x200000c8   Data           4  os_var.o(.data)
    OSTmrQty                                 0x200000cc   Data           2  os_var.o(.data)
    OSTmrTaskTimeMax                         0x200000d0   Data           4  os_var.o(.data)
    OSTmrTickCtr                             0x200000d4   Data           4  os_var.o(.data)
    OSTmrUpdateCnt                           0x200000d8   Data           4  os_var.o(.data)
    OSTmrUpdateCtr                           0x200000dc   Data           4  os_var.o(.data)
    OSTCBCurPtr                              0x200000e0   Data           4  os_var.o(.data)
    OSTCBHighRdyPtr                          0x200000e4   Data           4  os_var.o(.data)
    OS_CPU_ExceptStkBase                     0x200000e8   Data           4  os_cpu_c.o(.data)
    __stdout                                 0x200000ec   Data           4  stdout.o(.data)
    __stderr                                 0x200000f0   Data           4  stderr.o(.data)
    __microlib_freelist                      0x200000f8   Data           4  mvars.o(.data)
    __microlib_freelist_initialised          0x200000fc   Data           4  mvars.o(.data)
    RCC_Clocks                               0x20000100   Data          16  main.o(.bss)
    StartTaskTCB                             0x20000110   Data         196  main.o(.bss)
    START_TASK_STK                           0x200001d4   Data        2048  main.o(.bss)
    Led0TaskTCB                              0x200009d4   Data         196  main.o(.bss)
    LED0_TASK_STK                            0x20000a98   Data         512  main.o(.bss)
    CPU_Name                                 0x20000c98   Data          16  cpu_core.o(.bss)
    OSCfg_IdleTaskStk                        0x20000ca8   Data         512  os_cfg_app.o(.bss)
    OSCfg_IntQ                               0x20000ea8   Data         320  os_cfg_app.o(.bss)
    OSCfg_IntQTaskStk                        0x20000fe8   Data         512  os_cfg_app.o(.bss)
    OSCfg_ISRStk                             0x200011e8   Data         512  os_cfg_app.o(.bss)
    OSCfg_MsgPool                            0x200013e8   Data        1600  os_cfg_app.o(.bss)
    OSCfg_StatTaskStk                        0x20001a28   Data         512  os_cfg_app.o(.bss)
    OSCfg_TickTaskStk                        0x20001c28   Data         512  os_cfg_app.o(.bss)
    OSCfg_TickWheel                          0x20001e28   Data         136  os_cfg_app.o(.bss)
    OSCfg_TmrTaskStk                         0x20001eb0   Data         512  os_cfg_app.o(.bss)
    OSCfg_TmrWheel                           0x200020b0   Data         136  os_cfg_app.o(.bss)
    OSIdleTaskTCB                            0x20002138   Data         196  os_var.o(.bss)
    OSIntQTaskTCB                            0x200021fc   Data         196  os_var.o(.bss)
    OSMsgPool                                0x200022c0   Data          12  os_var.o(.bss)
    OSRdyList                                0x200022cc   Data         768  os_var.o(.bss)
    OSStatTaskTCB                            0x200025cc   Data         196  os_var.o(.bss)
    OSTickTaskTCB                            0x20002690   Data         196  os_var.o(.bss)
    OSTmrTaskTCB                             0x20002754   Data         196  os_var.o(.bss)
    __heap_base                              0x20002818   Data           0  startup_stm32f4xx.o(HEAP)
    __heap_limit                             0x20008818   Data           0  startup_stm32f4xx.o(HEAP)
    __initial_sp                             0x20008d18   Data           0  startup_stm32f4xx.o(STACK)



==============================================================================

Memory Map of the image

  Image Entry point : 0x08000189

  Load Region LR_IROM1 (Base: 0x08000000, Size: 0x0001183c, Max: 0x00100000, ABSOLUTE)

    Execution Region ER_IROM1 (Base: 0x08000000, Size: 0x0001173c, Max: 0x00100000, ABSOLUTE)

    Base Addr    Size         Type   Attr      Idx    E Section Name        Object

    0x08000000   0x00000188   Data   RO         5805    RESET               startup_stm32f4xx.o
    0x08000188   0x00000000   Code   RO         7990  * .ARM.Collect$$$$00000000  mc_w.l(entry.o)
    0x08000188   0x00000004   Code   RO         8494    .ARM.Collect$$$$00000001  mc_w.l(entry2.o)
    0x0800018c   0x00000004   Code   RO         8497    .ARM.Collect$$$$00000004  mc_w.l(entry5.o)
    0x08000190   0x00000000   Code   RO         8499    .ARM.Collect$$$$00000008  mc_w.l(entry7b.o)
    0x08000190   0x00000000   Code   RO         8501    .ARM.Collect$$$$0000000A  mc_w.l(entry8b.o)
    0x08000190   0x00000008   Code   RO         8502    .ARM.Collect$$$$0000000B  mc_w.l(entry9a.o)
    0x08000198   0x00000000   Code   RO         8504    .ARM.Collect$$$$0000000D  mc_w.l(entry10a.o)
    0x08000198   0x00000000   Code   RO         8506    .ARM.Collect$$$$0000000F  mc_w.l(entry11a.o)
    0x08000198   0x00000004   Code   RO         8495    .ARM.Collect$$$$00002712  mc_w.l(entry2.o)
    0x0800019c   0x00000034   Code   RO         5806    .text               startup_stm32f4xx.o
    0x080001d0   0x00000034   Code   RO         6041    .text               cpu_a.o
    0x08000204   0x00000062   Code   RO         8046    .text               mc_w.l(uldiv.o)
    0x08000266   0x00000002   PAD
    0x08000268   0x00000008   Code   RO         8048    .text               mc_w.l(ctype_o.o)
    0x08000270   0x00000012   Code   RO         8070    .text               mc_w.l(isspace_o.o)
    0x08000282   0x00000002   PAD
    0x08000284   0x00000008   Code   RO         8085    .text               mc_w.l(localeconv.o)
    0x0800028c   0x00000024   Code   RO         8089    .text               mc_w.l(memcpya.o)
    0x080002b0   0x00000018   Code   RO         8091    .text               mc_w.l(strcat.o)
    0x080002c8   0x00000018   Code   RO         8095    .text               mc_w.l(strncpy.o)
    0x080002e0   0x00000014   Code   RO         8097    .text               mc_w.l(strchr.o)
    0x080002f4   0x0000000e   Code   RO         8099    .text               mc_w.l(strlen.o)
    0x08000302   0x0000001c   Code   RO         8101    .text               mc_w.l(strcmp.o)
    0x0800031e   0x0000001a   Code   RO         8105    .text               mc_w.l(memcmp.o)
    0x08000338   0x00000028   Code   RO         8107    .text               mc_w.l(strncat.o)
    0x08000360   0x00000004   Code   RO         8109    .text               mc_w.l(strcoll.o)
    0x08000364   0x00000012   Code   RO         8111    .text               mc_w.l(strcpy.o)
    0x08000376   0x00000022   Code   RO         8115    .text               mc_w.l(strcspn.o)
    0x08000398   0x00000338   Code   RO         8421    .text               mc_w.l(scanf_fp.o)
    0x080006d0   0x00000072   Code   RO         8425    .text               mc_w.l(strtoul.o)
    0x08000742   0x0000014e   Code   RO         8427    .text               mf_w.l(dadd.o)
    0x08000890   0x000000e4   Code   RO         8429    .text               mf_w.l(dmul.o)
    0x08000974   0x000000de   Code   RO         8431    .text               mf_w.l(ddiv.o)
    0x08000a52   0x00000022   Code   RO         8435    .text               mf_w.l(dflti.o)
    0x08000a74   0x0000001a   Code   RO         8437    .text               mf_w.l(dfltui.o)
    0x08000a8e   0x0000003e   Code   RO         8439    .text               mf_w.l(dfixi.o)
    0x08000acc   0x00000030   Code   RO         8443    .text               mf_w.l(cdcmple.o)
    0x08000afc   0x00000030   Code   RO         8445    .text               mf_w.l(cdrcmple.o)
    0x08000b2c   0x0000003e   Code   RO         8447    .text               mf_w.l(setjmp.o)
    0x08000b6a   0x0000002c   Code   RO         8514    .text               mc_w.l(uidiv.o)
    0x08000b96   0x0000001e   Code   RO         8516    .text               mc_w.l(llshl.o)
    0x08000bb4   0x00000020   Code   RO         8518    .text               mc_w.l(llushr.o)
    0x08000bd4   0x00000024   Code   RO         8520    .text               mc_w.l(llsshr.o)
    0x08000bf8   0x0000009e   Code   RO         8526    .text               mc_w.l(_strtoul.o)
    0x08000c96   0x00000002   PAD
    0x08000c98   0x0000009c   Code   RO         8528    .text               mc_w.l(strtod.o)
    0x08000d34   0x00000000   Code   RO         8532    .text               mc_w.l(iusefp.o)
    0x08000d34   0x000000ba   Code   RO         8534    .text               mf_w.l(depilogue.o)
    0x08000dee   0x0000002e   Code   RO         8536    .text               mf_w.l(dscalb.o)
    0x08000e1c   0x000000a2   Code   RO         8538    .text               mf_w.l(dsqrt.o)
    0x08000ebe   0x00000018   Code   RO         8542    .text               mf_w.l(dfltul.o)
    0x08000ed6   0x00000030   Code   RO         8544    .text               mf_w.l(dfixul.o)
    0x08000f06   0x00000038   Code   RO         8546    .text               mf_w.l(d2f.o)
    0x08000f3e   0x00000002   PAD
    0x08000f40   0x00000024   Code   RO         8550    .text               mc_w.l(init.o)
    0x08000f64   0x0000001c   Code   RO         8554    .text               mc_w.l(_chval.o)
    0x08000f80   0x00000040   Code   RO         8558    .text               mc_w.l(_sgetc.o)
    0x08000fc0   0x0000006e   Code   RO         8560    .text               mf_w.l(fepilogue.o)
    0x0800102e   0x00000002   PAD
    0x08001030   0x000000ac   Code   RO         7569    CODE                os_cpu_a.o
    0x080010dc   0x00000176   Code   RO         5578    i.Arith             lvm.o
    0x08001252   0x0000000e   Code   RO         5812    i.BSP_CPU_ClkFreq   bsp.o
    0x08001260   0x00000004   Code   RO          222    i.BusFault_Handler  stm32f4xx_it.o
    0x08001264   0x0000000c   Code   RO         5869    i.CPU_Init          cpu_core.o
    0x08001270   0x00000030   Code   RO         5870    i.CPU_NameClr       cpu_core.o
    0x080012a0   0x00000008   Code   RO         5872    i.CPU_NameInit      cpu_core.o
    0x080012a8   0x00000014   Code   RO         5876    i.CPU_TS_Init       cpu_core.o
    0x080012bc   0x0000000c   Code   RO         5878    i.CPU_TS_TmrFreqSet  cpu_core.o
    0x080012c8   0x00000034   Code   RO         5814    i.CPU_TS_TmrInit    bsp.o
    0x080012fc   0x0000000c   Code   RO         5815    i.CPU_TS_TmrRd      bsp.o
    0x08001308   0x00000002   Code   RO          223    i.DebugMon_Handler  stm32f4xx_it.o
    0x0800130a   0x00000002   Code   RO          224    i.EXTI1_IRQHandler  stm32f4xx_it.o
    0x0800130c   0x000000b8   Code   RO         3534    i.GCTM              lgc.o
    0x080013c4   0x00000090   Code   RO         1432    i.GPIO_Init         stm32f4xx_gpio.o
    0x08001454   0x00000046   Code   RO         1433    i.GPIO_PinAFConfig  stm32f4xx_gpio.o
    0x0800149a   0x00000008   Code   RO         1442    i.GPIO_ToggleBits   stm32f4xx_gpio.o
    0x080014a2   0x00000004   Code   RO          225    i.HardFault_Handler  stm32f4xx_it.o
    0x080014a6   0x00000002   PAD
    0x080014a8   0x00000034   Code   RO         5505    i.LoadBlock         lundump.o
    0x080014dc   0x00000014   Code   RO         5506    i.LoadChar          lundump.o
    0x080014f0   0x0000003a   Code   RO         5507    i.LoadCode          lundump.o
    0x0800152a   0x00000002   PAD
    0x0800152c   0x0000013c   Code   RO         5508    i.LoadConstants     lundump.o
    0x08001668   0x00000114   Code   RO         5509    i.LoadDebug         lundump.o
    0x0800177c   0x000000f4   Code   RO         5510    i.LoadFunction      lundump.o
    0x08001870   0x0000003c   Code   RO         5511    i.LoadHeader        lundump.o
    0x080018ac   0x0000002c   Code   RO         5512    i.LoadInt           lundump.o
    0x080018d8   0x00000014   Code   RO         5513    i.LoadNumber        lundump.o
    0x080018ec   0x0000003a   Code   RO         5514    i.LoadString        lundump.o
    0x08001926   0x00000004   Code   RO          226    i.MemManage_Handler  stm32f4xx_it.o
    0x0800192a   0x00000012   Code   RO         6185    i.Mem_Clr           lib_mem.o
    0x0800193c   0x00000054   Code   RO         6201    i.Mem_Set           lib_mem.o
    0x08001990   0x00000002   Code   RO          227    i.NMI_Handler       stm32f4xx_it.o
    0x08001992   0x00000002   PAD
    0x08001994   0x000000fc   Code   RO         6454    i.OSCfg_Init        os_cfg_app.o
    0x08001a90   0x00000014   Code   RO         7574    i.OSIdleTaskHook    os_cpu_c.o
    0x08001aa4   0x0000018c   Code   RO         6477    i.OSInit            os_core.o
    0x08001c30   0x00000028   Code   RO         7575    i.OSInitHook        os_cpu_c.o
    0x08001c58   0x000000a0   Code   RO         6480    i.OSSched           os_core.o
    0x08001cf8   0x00000074   Code   RO         6481    i.OSSchedLock       os_core.o
    0x08001d6c   0x00000094   Code   RO         6484    i.OSSchedUnlock     os_core.o
    0x08001e00   0x00000068   Code   RO         6485    i.OSStart           os_core.o
    0x08001e68   0x00000138   Code   RO         7177    i.OSStatReset       os_stat.o
    0x08001fa0   0x00000014   Code   RO         7576    i.OSStatTaskHook    os_cpu_c.o
    0x08001fb4   0x0000025c   Code   RO         7208    i.OSTaskCreate      os_task.o
    0x08002210   0x00000018   Code   RO         7577    i.OSTaskCreateHook  os_cpu_c.o
    0x08002228   0x000001c4   Code   RO         7209    i.OSTaskDel         os_task.o
    0x080023ec   0x00000018   Code   RO         7578    i.OSTaskDelHook     os_cpu_c.o
    0x08002404   0x00000018   Code   RO         7579    i.OSTaskReturnHook  os_cpu_c.o
    0x0800241c   0x00000214   Code   RO         7218    i.OSTaskSemPend     os_task.o
    0x08002630   0x000000d4   Code   RO         7222    i.OSTaskStkChk      os_task.o
    0x08002704   0x0000025c   Code   RO         7580    i.OSTaskStkInit     os_cpu_c.o
    0x08002960   0x00000088   Code   RO         7581    i.OSTaskSwHook      os_cpu_c.o
    0x080029e8   0x00000118   Code   RO         7423    i.OSTimeDly         os_time.o
    0x08002b00   0x000001b0   Code   RO         6723    i.OS_Dbg_Init       os_dbg.o
    0x08002cb0   0x00000018   Code   RO         6748    i.OS_FlagInit       os_flag.o
    0x08002cc8   0x00000230   Code   RO         6749    i.OS_FlagPost       os_flag.o
    0x08002ef8   0x00000056   Code   RO         6750    i.OS_FlagTaskRdy    os_flag.o
    0x08002f4e   0x00000002   PAD
    0x08002f50   0x00000044   Code   RO         6487    i.OS_IdleTask       os_core.o
    0x08002f94   0x00000070   Code   RO         6488    i.OS_IdleTaskInit   os_core.o
    0x08003004   0x000001a4   Code   RO         6823    i.OS_IntQRePost     os_int.o
    0x080031a8   0x000000b4   Code   RO         6824    i.OS_IntQTask       os_int.o
    0x0800325c   0x00000128   Code   RO         6825    i.OS_IntQTaskInit   os_int.o
    0x08003384   0x00000018   Code   RO         6856    i.OS_MemInit        os_mem.o
    0x0800339c   0x00000036   Code   RO         6888    i.OS_MsgPoolCreate  os_msg.o
    0x080033d2   0x00000002   PAD
    0x080033d4   0x00000054   Code   RO         6889    i.OS_MsgPoolInit    os_msg.o
    0x08003428   0x00000044   Code   RO         6890    i.OS_MsgQFreeAll    os_msg.o
    0x0800346c   0x0000000e   Code   RO         6892    i.OS_MsgQInit       os_msg.o
    0x0800347a   0x00000002   PAD
    0x0800347c   0x000000fc   Code   RO         6893    i.OS_MsgQPut        os_msg.o
    0x08003578   0x00000018   Code   RO         6938    i.OS_MutexInit      os_mutex.o
    0x08003590   0x00000068   Code   RO         6489    i.OS_Pend           os_core.o
    0x080035f8   0x00000026   Code   RO         6492    i.OS_PendDataInit   os_core.o
    0x0800361e   0x00000002   PAD
    0x08003620   0x0000005c   Code   RO         6493    i.OS_PendDbgNameAdd  os_core.o
    0x0800367c   0x00000024   Code   RO         6494    i.OS_PendDbgNameRemove  os_core.o
    0x080036a0   0x00000066   Code   RO         6498    i.OS_PendListInsertPrio  os_core.o
    0x08003706   0x00000030   Code   RO         6499    i.OS_PendListRemove  os_core.o
    0x08003736   0x00000042   Code   RO         6500    i.OS_PendListRemove1  os_core.o
    0x08003778   0x000000c0   Code   RO         6503    i.OS_Post           os_core.o
    0x08003838   0x0000002a   Code   RO         6504    i.OS_Post1          os_core.o
    0x08003862   0x00000002   PAD
    0x08003864   0x00000028   Code   RO         6996    i.OS_PrioGetHighest  os_prio.o
    0x0800388c   0x00000018   Code   RO         6997    i.OS_PrioInit       os_prio.o
    0x080038a4   0x00000024   Code   RO         6998    i.OS_PrioInsert     os_prio.o
    0x080038c8   0x00000024   Code   RO         6999    i.OS_PrioRemove     os_prio.o
    0x080038ec   0x00000018   Code   RO         7042    i.OS_QInit          os_q.o
    0x08003904   0x0000014c   Code   RO         7043    i.OS_QPost          os_q.o
    0x08003a50   0x00000024   Code   RO         6505    i.OS_RdyListInit    os_core.o
    0x08003a74   0x0000002c   Code   RO         6506    i.OS_RdyListInsert  os_core.o
    0x08003aa0   0x00000040   Code   RO         6507    i.OS_RdyListInsertHead  os_core.o
    0x08003ae0   0x0000003c   Code   RO         6508    i.OS_RdyListInsertTail  os_core.o
    0x08003b1c   0x00000044   Code   RO         6509    i.OS_RdyListMoveHeadToTail  os_core.o
    0x08003b60   0x0000005c   Code   RO         6510    i.OS_RdyListRemove  os_core.o
    0x08003bbc   0x00000054   Code   RO         6511    i.OS_Sched0         os_core.o
    0x08003c10   0x0000001c   Code   RO         6512    i.OS_SchedLockTimeMeasStart  os_core.o
    0x08003c2c   0x0000003c   Code   RO         6513    i.OS_SchedLockTimeMeasStop  os_core.o
    0x08003c68   0x000000d0   Code   RO         6514    i.OS_SchedRoundRobin  os_core.o
    0x08003d38   0x00000018   Code   RO         7114    i.OS_SemInit        os_sem.o
    0x08003d50   0x00000164   Code   RO         7115    i.OS_SemPost        os_sem.o
    0x08003eb4   0x0000035c   Code   RO         7179    i.OS_StatTask       os_stat.o
    0x08004210   0x000000cc   Code   RO         7180    i.OS_StatTaskInit   os_stat.o
    0x080042dc   0x00000038   Code   RO         6515    i.OS_TaskBlock      os_core.o
    0x08004314   0x00000030   Code   RO         7225    i.OS_TaskDbgListAdd  os_task.o
    0x08004344   0x00000044   Code   RO         7226    i.OS_TaskDbgListRemove  os_task.o
    0x08004388   0x00000020   Code   RO         7227    i.OS_TaskInit       os_task.o
    0x080043a8   0x000000c8   Code   RO         7228    i.OS_TaskInitTCB    os_task.o
    0x08004470   0x0000020c   Code   RO         7229    i.OS_TaskQPost      os_task.o
    0x0800467c   0x0000001c   Code   RO         6516    i.OS_TaskRdy        os_core.o
    0x08004698   0x00000140   Code   RO         7230    i.OS_TaskResume     os_task.o
    0x080047d8   0x00000018   Code   RO         7231    i.OS_TaskReturn     os_task.o
    0x080047f0   0x000004c4   Code   RO         7232    i.OS_TaskSemPost    os_task.o
    0x08004cb4   0x00000150   Code   RO         7233    i.OS_TaskSuspend    os_task.o
    0x08004e04   0x00000028   Code   RO         7375    i.OS_TickListInit   os_tick.o
    0x08004e2c   0x000001bc   Code   RO         7376    i.OS_TickListInsert  os_tick.o
    0x08004fe8   0x00000038   Code   RO         7377    i.OS_TickListRemove  os_tick.o
    0x08005020   0x00000024   Code   RO         7378    i.OS_TickListResetPeak  os_tick.o
    0x08005044   0x000001f8   Code   RO         7379    i.OS_TickListUpdate  os_tick.o
    0x0800523c   0x0000002c   Code   RO         7380    i.OS_TickTask       os_tick.o
    0x08005268   0x000000b8   Code   RO         7381    i.OS_TickTaskInit   os_tick.o
    0x08005320   0x00000128   Code   RO         7474    i.OS_TmrInit        os_tmr.o
    0x08005448   0x000000d0   Code   RO         7475    i.OS_TmrLink        os_tmr.o
    0x08005518   0x00000024   Code   RO         7476    i.OS_TmrResetPeak   os_tmr.o
    0x0800553c   0x000000c0   Code   RO         7477    i.OS_TmrTask        os_tmr.o
    0x080055fc   0x00000050   Code   RO         7478    i.OS_TmrUnlink      os_tmr.o
    0x0800564c   0x00000020   Code   RO         1151    i.RCC_AHB1PeriphClockCmd  stm32f4xx_rcc.o
    0x0800566c   0x00000020   Code   RO         1154    i.RCC_AHB2PeriphClockCmd  stm32f4xx_rcc.o
    0x0800568c   0x00000020   Code   RO         1163    i.RCC_APB2PeriphClockCmd  stm32f4xx_rcc.o
    0x080056ac   0x000000e8   Code   RO         1172    i.RCC_GetClocksFreq  stm32f4xx_rcc.o
    0x08005794   0x00000002   Code   RO          228    i.SVC_Handler       stm32f4xx_it.o
    0x08005796   0x00000002   PAD
    0x08005798   0x000000ec   Code   RO          301    i.SetSysClock       system_stm32f4xx.o
    0x08005884   0x00000018   Code   RO          229    i.SysTick_Handler   stm32f4xx_it.o
    0x0800589c   0x0000005c   Code   RO          303    i.SystemInit        system_stm32f4xx.o
    0x080058f8   0x00000002   Code   RO          230    i.TIM4_IRQHandler   stm32f4xx_it.o
    0x080058fa   0x00000012   Code   RO          919    i.USART_ClearFlag   stm32f4xx_usart.o
    0x0800590c   0x00000018   Code   RO          923    i.USART_Cmd         stm32f4xx_usart.o
    0x08005924   0x000000d4   Code   RO          930    i.USART_Init        stm32f4xx_usart.o
    0x080059f8   0x00000008   Code   RO          940    i.USART_SendData    stm32f4xx_usart.o
    0x08005a00   0x00000004   Code   RO          231    i.UsageFault_Handler  stm32f4xx_it.o
    0x08005a04   0x0000001c   Code   RO         8355    i.__0fprintf        mc_w.l(printfa.o)
    0x08005a20   0x00000020   Code   RO         8356    i.__0printf         mc_w.l(printfa.o)
    0x08005a40   0x00000028   Code   RO         8358    i.__0sprintf        mc_w.l(printfa.o)
    0x08005a68   0x00000030   Code   RO         8472    i.__ARM_fpclassify  m_wm.l(fpclassify.o)
    0x08005a98   0x00000008   Code   RO         8412    i.__aeabi_errno_addr  mc_w.l(errno.o)
    0x08005aa0   0x0000005c   Code   RO         8388    i.__free$realloc    mc_w.l(mallocr.o)
    0x08005afc   0x00000004   PAD
    0x08005b00   0x00000118   Code   RO         7836    i.__hardfp_floor    m_wm.l(floor.o)
    0x08005c18   0x00000c38   Code   RO         7908    i.__hardfp_pow      m_wm.l(pow.o)
    0x08006850   0x00000028   Code   RO         7960    i.__hardfp_strtod   m_wm.l(strtod.o)
    0x08006878   0x000000f8   Code   RO         8474    i.__kernel_poly     m_wm.l(poly.o)
    0x08006970   0x00000050   Code   RO         8389    i.__malloc$realloc  mc_w.l(mallocr.o)
    0x080069c0   0x00000030   Code   RO         8452    i.__mathlib_dbl_divzero  m_wm.l(dunder.o)
    0x080069f0   0x00000014   Code   RO         8454    i.__mathlib_dbl_infnan2  m_wm.l(dunder.o)
    0x08006a04   0x00000004   PAD
    0x08006a08   0x00000020   Code   RO         8455    i.__mathlib_dbl_invalid  m_wm.l(dunder.o)
    0x08006a28   0x00000020   Code   RO         8456    i.__mathlib_dbl_overflow  m_wm.l(dunder.o)
    0x08006a48   0x00000020   Code   RO         8458    i.__mathlib_dbl_underflow  m_wm.l(dunder.o)
    0x08006a68   0x0000000e   Code   RO         8569    i.__scatterload_copy  mc_w.l(handlers.o)
    0x08006a76   0x00000002   Code   RO         8570    i.__scatterload_null  mc_w.l(handlers.o)
    0x08006a78   0x0000000e   Code   RO         8571    i.__scatterload_zeroinit  mc_w.l(handlers.o)
    0x08006a86   0x00000002   PAD
    0x08006a88   0x0000000c   Code   RO         8414    i.__set_errno       mc_w.l(errno.o)
    0x08006a94   0x00000164   Code   RO         8363    i._fp_digits        mc_w.l(printfa.o)
    0x08006bf8   0x0000000e   Code   RO         8423    i._is_digit         mc_w.l(scanf_fp.o)
    0x08006c06   0x00000002   PAD
    0x08006c08   0x000006dc   Code   RO         8364    i._printf_core      mc_w.l(printfa.o)
    0x080072e4   0x00000024   Code   RO         8365    i._printf_post_padding  mc_w.l(printfa.o)
    0x08007308   0x0000002e   Code   RO         8366    i._printf_pre_padding  mc_w.l(printfa.o)
    0x08007336   0x0000000a   Code   RO         8368    i._sputc            mc_w.l(printfa.o)
    0x08007340   0x00000060   Code   RO         3023    i.addinfo           ldebug.o
    0x080073a0   0x000000e8   Code   RO         2539    i.addk              lcode.o
    0x08007488   0x0000006c   Code   RO         4564    i.adjust_assign     lparser.o
    0x080074f4   0x00000108   Code   RO         3235    i.adjust_varargs    ldo.o
    0x080075fc   0x00000038   Code   RO         4565    i.adjustlocalvars   lparser.o
    0x08007634   0x00000028   Code   RO         4566    i.anchor_token      lparser.o
    0x0800765c   0x00000048   Code   RO         5245    i.arrayindex        ltable.o
    0x080076a4   0x00000100   Code   RO         4567    i.assignment        lparser.o
    0x080077a4   0x00000080   Code   RO         3535    i.atomic            lgc.o
    0x08007824   0x0000001e   Code   RO         4568    i.block             lparser.o
    0x08007842   0x00000036   Code   RO         4569    i.block_follow      lparser.o
    0x08007878   0x00000088   Code   RO         4570    i.body              lparser.o
    0x08007900   0x0000001c   Code   RO         2540    i.boolK             lcode.o
    0x0800791c   0x00000064   Code   RO         4571    i.breakstat         lparser.o
    0x08007980   0x00000020   Code   RO         3929    i.buffreplace       llex.o
    0x080079a0   0x0000008a   Code   RO         5579    i.callTM            lvm.o
    0x08007a2a   0x00000098   Code   RO         5580    i.callTMres         lvm.o
    0x08007ac2   0x00000048   Code   RO         5581    i.call_binTM        lvm.o
    0x08007b0a   0x0000006a   Code   RO         5582    i.call_orderTM      lvm.o
    0x08007b74   0x0000000e   Code   RO         4929    i.callallgcTM       lstate.o
    0x08007b82   0x0000004c   Code   RO         3236    i.callrethooks      ldo.o
    0x08007bce   0x00000016   Code   RO         4572    i.check             lparser.o
    0x08007be4   0x00000060   Code   RO         3025    i.checkArgMode      ldebug.o
    0x08007c44   0x00000058   Code   RO         3536    i.checkSizes        lgc.o
    0x08007c9c   0x00000064   Code   RO         4573    i.check_conflict    lparser.o
    0x08007d00   0x00000084   Code   RO         4574    i.check_match       lparser.o
    0x08007d84   0x00000042   Code   RO         3930    i.check_next        llex.o
    0x08007dc6   0x0000001a   Code   RO         4575    i.checkname         lparser.o
    0x08007de0   0x00000016   Code   RO         4576    i.checknext         lparser.o
    0x08007df6   0x00000068   Code   RO         3537    i.checkstacksizes   lgc.o
    0x08007e5e   0x00000040   Code   RO         4577    i.chunk             lparser.o
    0x08007e9e   0x0000007e   Code   RO         3538    i.cleartable        lgc.o
    0x08007f1c   0x0000013c   Code   RO         4578    i.close_func        lparser.o
    0x08008058   0x00000050   Code   RO         4930    i.close_state       lstate.o
    0x080080a8   0x00000034   Code   RO         4579    i.closelistfield    lparser.o
    0x080080dc   0x00000020   Code   RO         2541    i.code_label        lcode.o
    0x080080fc   0x0000007e   Code   RO         2542    i.codearith         lcode.o
    0x0800817a   0x0000005e   Code   RO         2543    i.codecomp          lcode.o
    0x080081d8   0x0000008a   Code   RO         2544    i.codenot           lcode.o
    0x08008262   0x00000022   Code   RO         4580    i.codestring        lparser.o
    0x08008284   0x00000052   Code   RO         5246    i.computesizes      ltable.o
    0x080082d6   0x0000002a   Code   RO         4581    i.cond              lparser.o
    0x08008300   0x0000002a   Code   RO         2545    i.condjump          lcode.o
    0x0800832a   0x00000002   PAD
    0x0800832c   0x00000164   Code   RO         2546    i.constfolding      lcode.o
    0x08008490   0x0000010c   Code   RO         4582    i.constructor       lparser.o
    0x0800859c   0x00000070   Code   RO         3237    i.correctstack      ldo.o
    0x0800860c   0x00000036   Code   RO         5247    i.countint          ltable.o
    0x08008642   0x00000036   Code   RO         3027    i.currentline       ldebug.o
    0x08008678   0x00000036   Code   RO         3028    i.currentpc         ldebug.o
    0x080086ae   0x00000002   PAD
    0x080086b0   0x00000014   Code   RO            3    i.delay             main.o
    0x080086c4   0x00000022   Code   RO         2547    i.discharge2anyreg  lcode.o
    0x080086e6   0x000000be   Code   RO         2548    i.discharge2reg     lcode.o
    0x080087a4   0x0000001c   Code   RO         2549    i.dischargejpc      lcode.o
    0x080087c0   0x0000001a   Code   RO         4583    i.enterblock        lparser.o
    0x080087da   0x00000002   PAD
    0x080087dc   0x00000044   Code   RO         4584    i.enterlevel        lparser.o
    0x08008820   0x00000038   Code   RO         5515    i.error             lundump.o
    0x08008858   0x0000003c   Code   RO         4585    i.error_expected    lparser.o
    0x08008894   0x00000088   Code   RO         4586    i.errorlimit        lparser.o
    0x0800891c   0x00000020   Code   RO         4587    i.exp1              lparser.o
    0x0800893c   0x000000bc   Code   RO         2550    i.exp2reg           lcode.o
    0x080089f8   0x00000034   Code   RO         4588    i.explist1          lparser.o
    0x08008a2c   0x00000012   Code   RO         4589    i.expr              lparser.o
    0x08008a3e   0x00000002   PAD
    0x08008a40   0x0000004c   Code   RO         4590    i.exprstat          lparser.o
    0x08008a8c   0x00000014   Code   RO         1529    i.f_call            lapi.o
    0x08008aa0   0x00000084   Code   RO         4931    i.f_luaopen         lstate.o
    0x08008b24   0x000000ac   Code   RO         3238    i.f_parser          ldo.o
    0x08008bd0   0x00000018   Code   RO         7832    i.fabs              m_wm.l(fabs.o)
    0x08008be8   0x0000002e   Code   RO         4591    i.field             lparser.o
    0x08008c16   0x00000002   PAD
    0x08008c18   0x00000060   Code   RO         2551    i.fixjump           lcode.o
    0x08008c78   0x000000b8   Code   RO         4592    i.forbody           lparser.o
    0x08008d30   0x000000f4   Code   RO         4593    i.forlist           lparser.o
    0x08008e24   0x000000ec   Code   RO         4594    i.fornum            lparser.o
    0x08008f10   0x00000084   Code   RO         4595    i.forstat           lparser.o
    0x08008f94   0x00000024   Code   RO            4    i.fputc             main.o
    0x08008fb8   0x00000016   Code   RO         2552    i.freeexp           lcode.o
    0x08008fce   0x00000080   Code   RO         3539    i.freeobj           lgc.o
    0x0800904e   0x00000018   Code   RO         2553    i.freereg           lcode.o
    0x08009066   0x00000028   Code   RO         4932    i.freestack         lstate.o
    0x0800908e   0x00000002   PAD
    0x08009090   0x00000140   Code   RO         4596    i.funcargs          lparser.o
    0x080091d0   0x00000034   Code   RO         4597    i.funcname          lparser.o
    0x08009204   0x0000003a   Code   RO         4598    i.funcstat          lparser.o
    0x0800923e   0x0000001c   Code   RO         2041    i.getS              lauxlib.o
    0x0800925a   0x00000088   Code   RO         5583    i.get_compTM        lvm.o
    0x080092e2   0x00000092   Code   RO         4599    i.getbinopr         lparser.o
    0x08009374   0x00000018   Code   RO         1530    i.getcurrenv        lapi.o
    0x0800938c   0x00000020   Code   RO         5249    i.getfreepos        ltable.o
    0x080093ac   0x0000002c   Code   RO         2554    i.getjump           lcode.o
    0x080093d8   0x00000030   Code   RO         2555    i.getjumpcontrol    lcode.o
    0x08009408   0x0000001e   Code   RO         3032    i.getluaproto       ldebug.o
    0x08009426   0x00000002   PAD
    0x08009428   0x00000120   Code   RO         3033    i.getobjname        ldebug.o
    0x08009548   0x00000020   Code   RO         4600    i.getunopr          lparser.o
    0x08009568   0x00000034   Code   RO            5    i.gpio_init         main.o
    0x0800959c   0x0000004c   Code   RO         3239    i.growCI            ldo.o
    0x080095e8   0x00000068   Code   RO         5250    i.hashnum           ltable.o
    0x08009650   0x0000009a   Code   RO         4601    i.ifstat            lparser.o
    0x080096ea   0x00000002   PAD
    0x080096ec   0x00000094   Code   RO         3931    i.inclinenumber     llex.o
    0x08009780   0x00000088   Code   RO         1531    i.index2adr         lapi.o
    0x08009808   0x000000e8   Code   RO         4602    i.indexupvalue      lparser.o
    0x080098f0   0x0000000e   Code   RO         4603    i.init_exp          lparser.o
    0x080098fe   0x00000002   PAD
    0x08009900   0x00000050   Code   RO         8390    i.internal_alloc    mc_w.l(mallocr.o)
    0x08009950   0x00000028   Code   RO         2556    i.invertjump        lcode.o
    0x08009978   0x00000046   Code   RO         3540    i.iscleared         lgc.o
    0x080099be   0x0000001c   Code   RO         3035    i.isinstack         ldebug.o
    0x080099da   0x0000001c   Code   RO         2557    i.isnumeral         lcode.o
    0x080099f6   0x00000066   Code   RO         2558    i.jumponcond        lcode.o
    0x08009a5c   0x00000030   Code   RO         3036    i.kname             ldebug.o
    0x08009a8c   0x00000024   Code   RO         2042    i.l_alloc           lauxlib.o
    0x08009ab0   0x00000060   Code   RO         5584    i.l_strcmp          lvm.o
    0x08009b10   0x0000005a   Code   RO         4604    i.lastlistfield     lparser.o
    0x08009b6a   0x00000036   Code   RO         4605    i.leaveblock        lparser.o
    0x08009ba0   0x00000074   Code   RO            6    i.led0_task         main.o
    0x08009c14   0x0000001c   Code   RO            7    i.led_run           main.o
    0x08009c30   0x000000ac   Code   RO         5585    i.lessequal         lvm.o
    0x08009cdc   0x00000048   Code   RO         4606    i.listfield         lparser.o
    0x08009d24   0x0000043c   Code   RO         3932    i.llex              llex.o
    0x0800a160   0x0000006c   Code   RO         4607    i.localfunc         lparser.o
    0x0800a1cc   0x00000060   Code   RO         4608    i.localstat         lparser.o
    0x0800a22c   0x00000018   Code   RO         3541    i.luaC_barrierback  lgc.o
    0x0800a244   0x00000030   Code   RO         3542    i.luaC_barrierf     lgc.o
    0x0800a274   0x00000016   Code   RO         3543    i.luaC_callGCTM     lgc.o
    0x0800a28a   0x00000036   Code   RO         3544    i.luaC_freeall      lgc.o
    0x0800a2c0   0x00000018   Code   RO         3546    i.luaC_link         lgc.o
    0x0800a2d8   0x00000070   Code   RO         3547    i.luaC_linkupval    lgc.o
    0x0800a348   0x00000094   Code   RO         3548    i.luaC_separateudata  lgc.o
    0x0800a3dc   0x0000006c   Code   RO         3549    i.luaC_step         lgc.o
    0x0800a448   0x00000074   Code   RO         3240    i.luaD_call         ldo.o
    0x0800a4bc   0x00000092   Code   RO         3241    i.luaD_callhook     ldo.o
    0x0800a54e   0x00000024   Code   RO         3242    i.luaD_growstack    ldo.o
    0x0800a572   0x0000007e   Code   RO         3243    i.luaD_pcall        ldo.o
    0x0800a5f0   0x00000078   Code   RO         3244    i.luaD_poscall      ldo.o
    0x0800a668   0x000001a4   Code   RO         3245    i.luaD_precall      ldo.o
    0x0800a80c   0x00000048   Code   RO         3246    i.luaD_protectedparser  ldo.o
    0x0800a854   0x0000002e   Code   RO         3247    i.luaD_rawrunprotected  ldo.o
    0x0800a882   0x00000002   PAD
    0x0800a884   0x00000060   Code   RO         3248    i.luaD_reallocCI    ldo.o
    0x0800a8e4   0x00000042   Code   RO         3249    i.luaD_reallocstack  ldo.o
    0x0800a926   0x00000002   PAD
    0x0800a928   0x00000094   Code   RO         3250    i.luaD_seterrorobj  ldo.o
    0x0800a9bc   0x00000036   Code   RO         3251    i.luaD_throw        ldo.o
    0x0800a9f2   0x00000024   Code   RO         4933    i.luaE_freethread   lstate.o
    0x0800aa16   0x00000062   Code   RO         3463    i.luaF_close        lfunc.o
    0x0800aa78   0x00000082   Code   RO         3464    i.luaF_findupval    lfunc.o
    0x0800aafa   0x0000002c   Code   RO         3465    i.luaF_freeclosure  lfunc.o
    0x0800ab26   0x0000006c   Code   RO         3466    i.luaF_freeproto    lfunc.o
    0x0800ab92   0x00000024   Code   RO         3467    i.luaF_freeupval    lfunc.o
    0x0800abb6   0x00000048   Code   RO         3468    i.luaF_getlocalname  lfunc.o
    0x0800abfe   0x00000036   Code   RO         3469    i.luaF_newCclosure  lfunc.o
    0x0800ac34   0x0000004a   Code   RO         3470    i.luaF_newLclosure  lfunc.o
    0x0800ac7e   0x00000050   Code   RO         3471    i.luaF_newproto     lfunc.o
    0x0800acce   0x0000002c   Code   RO         3472    i.luaF_newupval     lfunc.o
    0x0800acfa   0x00000002   PAD
    0x0800acfc   0x00000038   Code   RO         3037    i.luaG_aritherror   ldebug.o
    0x0800ad34   0x00000018   Code   RO         3038    i.luaG_checkcode    ldebug.o
    0x0800ad4c   0x00000034   Code   RO         3039    i.luaG_checkopenop  ldebug.o
    0x0800ad80   0x00000030   Code   RO         3040    i.luaG_concaterror  ldebug.o
    0x0800adb0   0x0000007c   Code   RO         3041    i.luaG_errormsg     ldebug.o
    0x0800ae2c   0x00000088   Code   RO         3042    i.luaG_ordererror   ldebug.o
    0x0800aeb4   0x0000002e   Code   RO         3043    i.luaG_runerror     ldebug.o
    0x0800aee2   0x00000002   PAD
    0x0800aee4   0x000000a0   Code   RO         3044    i.luaG_typeerror    ldebug.o
    0x0800af84   0x00000040   Code   RO         5251    i.luaH_free         ltable.o
    0x0800afc4   0x00000098   Code   RO         5252    i.luaH_get          ltable.o
    0x0800b05c   0x00000054   Code   RO         5253    i.luaH_getn         ltable.o
    0x0800b0b0   0x00000070   Code   RO         5254    i.luaH_getnum       ltable.o
    0x0800b120   0x00000038   Code   RO         5255    i.luaH_getstr       ltable.o
    0x0800b158   0x00000054   Code   RO         5256    i.luaH_new          ltable.o
    0x0800b1ac   0x00000034   Code   RO         5258    i.luaH_resizearray  ltable.o
    0x0800b1e0   0x000000a0   Code   RO         5259    i.luaH_set          ltable.o
    0x0800b280   0x00000044   Code   RO         5260    i.luaH_setnum       ltable.o
    0x0800b2c4   0x0000003c   Code   RO         5261    i.luaH_setstr       ltable.o
    0x0800b300   0x0000004c   Code   RO         2559    i.luaK_checkstack   lcode.o
    0x0800b34c   0x0000008c   Code   RO         2560    i.luaK_code         lcode.o
    0x0800b3d8   0x0000002a   Code   RO         2561    i.luaK_codeABC      lcode.o
    0x0800b402   0x00000022   Code   RO         2562    i.luaK_codeABx      lcode.o
    0x0800b424   0x00000044   Code   RO         2563    i.luaK_concat       lcode.o
    0x0800b468   0x00000088   Code   RO         2564    i.luaK_dischargevars  lcode.o
    0x0800b4f0   0x00000094   Code   RO         2565    i.luaK_exp2RK       lcode.o
    0x0800b584   0x00000044   Code   RO         2566    i.luaK_exp2anyreg   lcode.o
    0x0800b5c8   0x0000002c   Code   RO         2567    i.luaK_exp2nextreg  lcode.o
    0x0800b5f4   0x00000022   Code   RO         2568    i.luaK_exp2val      lcode.o
    0x0800b616   0x0000000e   Code   RO         2569    i.luaK_fixline      lcode.o
    0x0800b624   0x0000000a   Code   RO         2570    i.luaK_getlabel     lcode.o
    0x0800b62e   0x00000064   Code   RO         2571    i.luaK_goiffalse    lcode.o
    0x0800b692   0x00000070   Code   RO         2572    i.luaK_goiftrue     lcode.o
    0x0800b702   0x00000018   Code   RO         2573    i.luaK_indexed      lcode.o
    0x0800b71a   0x00000068   Code   RO         2574    i.luaK_infix        lcode.o
    0x0800b782   0x00000002   PAD
    0x0800b784   0x0000002c   Code   RO         2575    i.luaK_jump         lcode.o
    0x0800b7b0   0x0000007c   Code   RO         2576    i.luaK_nil          lcode.o
    0x0800b82c   0x0000002e   Code   RO         2577    i.luaK_numberK      lcode.o
    0x0800b85a   0x00000028   Code   RO         2578    i.luaK_patchlist    lcode.o
    0x0800b882   0x0000001a   Code   RO         2579    i.luaK_patchtohere  lcode.o
    0x0800b89c   0x0000017e   Code   RO         2580    i.luaK_posfix       lcode.o
    0x0800ba1a   0x00000002   PAD
    0x0800ba1c   0x0000007c   Code   RO         2581    i.luaK_prefix       lcode.o
    0x0800ba98   0x00000016   Code   RO         2582    i.luaK_reserveregs  lcode.o
    0x0800baae   0x0000001a   Code   RO         2583    i.luaK_ret          lcode.o
    0x0800bac8   0x0000004e   Code   RO         2584    i.luaK_self         lcode.o
    0x0800bb16   0x0000005e   Code   RO         2585    i.luaK_setlist      lcode.o
    0x0800bb74   0x00000046   Code   RO         2586    i.luaK_setoneret    lcode.o
    0x0800bbba   0x0000006a   Code   RO         2587    i.luaK_setreturns   lcode.o
    0x0800bc24   0x0000008e   Code   RO         2588    i.luaK_storevar     lcode.o
    0x0800bcb2   0x0000001c   Code   RO         2589    i.luaK_stringK      lcode.o
    0x0800bcce   0x00000002   PAD
    0x0800bcd0   0x00000024   Code   RO         2062    i.luaL_loadbuffer   lauxlib.o
    0x0800bcf4   0x0000001c   Code   RO         2064    i.luaL_loadstring   lauxlib.o
    0x0800bd10   0x00000024   Code   RO         2066    i.luaL_newstate     lauxlib.o
    0x0800bd34   0x0000006a   Code   RO         4216    i.luaM_growaux_     lmem.o
    0x0800bd9e   0x00000038   Code   RO         4217    i.luaM_realloc_     lmem.o
    0x0800bdd6   0x00000002   PAD
    0x0800bdd8   0x00000038   Code   RO         4218    i.luaM_toobig       lmem.o
    0x0800be10   0x000000b8   Code   RO         4370    i.luaO_chunkid      lobject.o
    0x0800bec8   0x00000018   Code   RO         4371    i.luaO_fb2int       lobject.o
    0x0800bee0   0x00000024   Code   RO         4372    i.luaO_int2fb       lobject.o
    0x0800bf04   0x0000001c   Code   RO         4373    i.luaO_log2         lobject.o
    0x0800bf20   0x00000022   Code   RO         4374    i.luaO_pushfstring  lobject.o
    0x0800bf42   0x00000002   PAD
    0x0800bf44   0x000001ac   Code   RO         4375    i.luaO_pushvfstring  lobject.o
    0x0800c0f0   0x00000086   Code   RO         4376    i.luaO_rawequalObj  lobject.o
    0x0800c176   0x00000074   Code   RO         4377    i.luaO_str2d        lobject.o
    0x0800c1ea   0x00000088   Code   RO         4993    i.luaS_newlstr      lstring.o
    0x0800c272   0x00000092   Code   RO         4995    i.luaS_resize       lstring.o
    0x0800c304   0x0000002e   Code   RO         5474    i.luaT_gettm        ltm.o
    0x0800c332   0x00000002   PAD
    0x0800c334   0x0000004c   Code   RO         5475    i.luaT_gettmbyobj   ltm.o
    0x0800c380   0x00000050   Code   RO         5476    i.luaT_init         ltm.o
    0x0800c3d0   0x00000048   Code   RO         5516    i.luaU_header       lundump.o
    0x0800c418   0x00000074   Code   RO         5517    i.luaU_undump       lundump.o
    0x0800c48c   0x00000168   Code   RO         5586    i.luaV_concat       lvm.o
    0x0800c5f4   0x000000ee   Code   RO         5587    i.luaV_equalval     lvm.o
    0x0800c6e2   0x00000002   PAD
    0x0800c6e4   0x00001454   Code   RO         5588    i.luaV_execute      lvm.o
    0x0800db38   0x000000d0   Code   RO         5589    i.luaV_gettable     lvm.o
    0x0800dc08   0x00000088   Code   RO         5590    i.luaV_lessthan     lvm.o
    0x0800dc90   0x000000f0   Code   RO         5591    i.luaV_settable     lvm.o
    0x0800dd80   0x00000038   Code   RO         5592    i.luaV_tonumber     lvm.o
    0x0800ddb8   0x0000005c   Code   RO         5593    i.luaV_tostring     lvm.o
    0x0800de14   0x00000040   Code   RO         3933    i.luaX_init         llex.o
    0x0800de54   0x00000068   Code   RO         3934    i.luaX_lexerror     llex.o
    0x0800debc   0x00000012   Code   RO         3935    i.luaX_lookahead    llex.o
    0x0800dece   0x0000003c   Code   RO         3936    i.luaX_newstring    llex.o
    0x0800df0a   0x00000034   Code   RO         3937    i.luaX_next         llex.o
    0x0800df3e   0x00000066   Code   RO         3938    i.luaX_setinput     llex.o
    0x0800dfa4   0x00000012   Code   RO         3939    i.luaX_syntaxerror  llex.o
    0x0800dfb6   0x00000002   PAD
    0x0800dfb8   0x00000054   Code   RO         3940    i.luaX_token2str    llex.o
    0x0800e00c   0x00000064   Code   RO         4609    i.luaY_parser       lparser.o
    0x0800e070   0x00000030   Code   RO         5697    i.luaZ_fill         lzio.o
    0x0800e0a0   0x00000010   Code   RO         5698    i.luaZ_init         lzio.o
    0x0800e0b0   0x0000002a   Code   RO         5699    i.luaZ_lookahead    lzio.o
    0x0800e0da   0x00000038   Code   RO         5700    i.luaZ_openspace    lzio.o
    0x0800e112   0x0000004e   Code   RO         5701    i.luaZ_read         lzio.o
    0x0800e160   0x0000000c   Code   RO         1533    i.lua_atpanic       lapi.o
    0x0800e16c   0x0000004c   Code   RO         4935    i.lua_close         lstate.o
    0x0800e1b8   0x00000038   Code   RO         1556    i.lua_load          lapi.o
    0x0800e1f0   0x000000d4   Code   RO         4936    i.lua_newstate      lstate.o
    0x0800e2c4   0x00000064   Code   RO         1561    i.lua_pcall         lapi.o
    0x0800e328   0x00000072   Code   RO         1563    i.lua_pushcclosure  lapi.o
    0x0800e39a   0x00000048   Code   RO         1583    i.lua_setfield      lapi.o
    0x0800e3e2   0x0000005c   Code   RO         1593    i.lua_tolstring     lapi.o
    0x0800e43e   0x00000002   PAD
    0x0800e440   0x000000e8   Code   RO            8    i.main              main.o
    0x0800e528   0x00000094   Code   RO         5262    i.mainposition      ltable.o
    0x0800e5bc   0x00000038   Code   RO         3550    i.markmt            lgc.o
    0x0800e5f4   0x00000068   Code   RO         3551    i.markroot          lgc.o
    0x0800e65c   0x0000002c   Code   RO         3552    i.marktmu           lgc.o
    0x0800e688   0x00000018   Code   RO         4610    i.markupval         lparser.o
    0x0800e6a0   0x00000032   Code   RO         2590    i.need_value        lcode.o
    0x0800e6d2   0x00000002   PAD
    0x0800e6d4   0x00000050   Code   RO         4611    i.new_localvar      lparser.o
    0x0800e724   0x000000b0   Code   RO         5263    i.newkey            ltable.o
    0x0800e7d4   0x00000098   Code   RO         4996    i.newlstr           lstring.o
    0x0800e86c   0x00000022   Code   RO         2591    i.nilK              lcode.o
    0x0800e88e   0x00000062   Code   RO         5264    i.numusearray       ltable.o
    0x0800e8f0   0x0000004a   Code   RO         5265    i.numusehash        ltable.o
    0x0800e93a   0x0000009c   Code   RO         4612    i.open_func         lparser.o
    0x0800e9d6   0x00000002   PAD
    0x0800e9d8   0x00000058   Code   RO         2078    i.panic             lauxlib.o
    0x0800ea30   0x000000d4   Code   RO         4613    i.parlist           lparser.o
    0x0800eb04   0x0000004c   Code   RO         2592    i.patchlistaux      lcode.o
    0x0800eb50   0x00000060   Code   RO         2593    i.patchtestreg      lcode.o
    0x0800ebb0   0x0000007c   Code   RO         3053    i.precheck          ldebug.o
    0x0800ec2c   0x00000064   Code   RO         4614    i.prefixexp         lparser.o
    0x0800ec90   0x00000036   Code   RO         4937    i.preinit_state     lstate.o
    0x0800ecc6   0x0000009a   Code   RO         4615    i.primaryexp        lparser.o
    0x0800ed60   0x0000001a   Code   RO         3553    i.propagateall      lgc.o
    0x0800ed7a   0x000000e2   Code   RO         3554    i.propagatemark     lgc.o
    0x0800ee5c   0x000000f0   Code   RO         4616    i.pushclosure       lparser.o
    0x0800ef4c   0x00000042   Code   RO         4378    i.pushstr           lobject.o
    0x0800ef8e   0x00000002   PAD
    0x0800ef90   0x000001e0   Code   RO         3941    i.read_long_string  llex.o
    0x0800f170   0x000000d0   Code   RO         3942    i.read_numeral      llex.o
    0x0800f240   0x00000270   Code   RO         3943    i.read_string       llex.o
    0x0800f4b0   0x0000006c   Code   RO         8391    i.realloc           mc_w.l(mallocr.o)
    0x0800f51c   0x000000b0   Code   RO         3555    i.reallymarkobject  lgc.o
    0x0800f5cc   0x0000009c   Code   RO         4617    i.recfield          lparser.o
    0x0800f668   0x000000a4   Code   RO         4618    i.registerlocalvar  lparser.o
    0x0800f70c   0x00000064   Code   RO         5266    i.rehash            ltable.o
    0x0800f770   0x00000044   Code   RO         3556    i.remarkupvals      lgc.o
    0x0800f7b4   0x0000000c   Code   RO         3557    i.removeentry       lgc.o
    0x0800f7c0   0x00000024   Code   RO         2594    i.removevalues      lcode.o
    0x0800f7e4   0x00000036   Code   RO         4619    i.removevars        lparser.o
    0x0800f81a   0x00000094   Code   RO         4620    i.repeatstat        lparser.o
    0x0800f8ae   0x0000003a   Code   RO         3254    i.resetstack        ldo.o
    0x0800f8e8   0x000000e8   Code   RO         5267    i.resize            ltable.o
    0x0800f9d0   0x0000002e   Code   RO         3255    i.restore_stack_limit  ldo.o
    0x0800f9fe   0x000000a8   Code   RO         4621    i.retstat           lparser.o
    0x0800faa6   0x00000002   PAD
    0x0800faa8   0x0000007c   Code   RO         3944    i.save              llex.o
    0x0800fb24   0x00000036   Code   RO         4622    i.searchvar         lparser.o
    0x0800fb5a   0x00000044   Code   RO         5268    i.setarrayvector    ltable.o
    0x0800fb9e   0x00000002   PAD
    0x0800fba0   0x0000008c   Code   RO         5269    i.setnodevector     ltable.o
    0x0800fc2c   0x0000011c   Code   RO         4623    i.simpleexp         lparser.o
    0x0800fd48   0x000000bc   Code   RO         3558    i.singlestep        lgc.o
    0x0800fe04   0x00000030   Code   RO         4624    i.singlevar         lparser.o
    0x0800fe34   0x0000006a   Code   RO         4625    i.singlevaraux      lparser.o
    0x0800fe9e   0x00000076   Code   RO         3945    i.skip_sep          llex.o
    0x0800ff14   0x0000006e   Code   RO         7950    i.sqrt              m_wm.l(sqrt.o)
    0x0800ff82   0x00000078   Code   RO         4938    i.stack_init        lstate.o
    0x0800fffa   0x00000002   PAD
    0x0800fffc   0x000000f0   Code   RO            9    i.start_task        main.o
    0x080100ec   0x000000e2   Code   RO         4626    i.statement         lparser.o
    0x080101ce   0x0000001a   Code   RO         4627    i.str_checkname     lparser.o
    0x080101e8   0x000000a4   Code   RO         4628    i.subexpr           lparser.o
    0x0801028c   0x00000072   Code   RO         3559    i.sweeplist         lgc.o
    0x080102fe   0x00000002   PAD
    0x08010300   0x000003b0   Code   RO         3054    i.symbexec          ldebug.o
    0x080106b0   0x00000070   Code   RO           10    i.sys_tick_init     main.o
    0x08010720   0x00000026   Code   RO         4629    i.test_then_block   lparser.o
    0x08010746   0x0000001a   Code   RO         4630    i.testnext          lparser.o
    0x08010760   0x0000008c   Code   RO         5594    i.traceexec         lvm.o
    0x080107ec   0x0000009a   Code   RO         3560    i.traverseclosure   lgc.o
    0x08010886   0x000000d8   Code   RO         3561    i.traverseproto     lgc.o
    0x0801095e   0x00000072   Code   RO         3562    i.traversestack     lgc.o
    0x080109d0   0x00000166   Code   RO         3563    i.traversetable     lgc.o
    0x08010b36   0x00000002   PAD
    0x08010b38   0x00000068   Code   RO         3946    i.trydecpoint       llex.o
    0x08010ba0   0x00000088   Code   RO         3258    i.tryfuncTM         ldo.o
    0x08010c28   0x00000034   Code   RO         3947    i.txtToken          llex.o
    0x08010c5c   0x00000094   Code   RO           11    i.uart_init         main.o
    0x08010cf0   0x00000068   Code   RO         5270    i.unbound_search    ltable.o
    0x08010d58   0x0000000e   Code   RO         3473    i.unlinkupval       lfunc.o
    0x08010d66   0x0000006e   Code   RO         4631    i.whilestat         lparser.o
    0x08010dd4   0x00000026   Code   RO         4632    i.yindex            lparser.o
    0x08010dfa   0x00000002   PAD
    0x08010dfc   0x00000080   Data   RO         3948    .constdata          llex.o
    0x08010e7c   0x00000004   PAD
    0x08010e80   0x00000110   Data   RO         4379    .constdata          lobject.o
    0x08010f90   0x000000c2   Data   RO         4450    .constdata          lopcodes.o
    0x08011052   0x0000001e   Data   RO         4633    .constdata          lparser.o
    0x08011070   0x00000020   Data   RO         5271    .constdata          ltable.o
    0x08011090   0x00000070   Data   RO         5477    .constdata          ltm.o
    0x08011100   0x000000a4   Data   RO         6456    .constdata          os_cfg_app.o
    0x080111a4   0x0000016c   Data   RO         6724    .constdata          os_dbg.o
    0x08011310   0x00000088   Data   RO         7911    .constdata          m_wm.l(pow.o)
    0x08011398   0x00000081   Data   RO         8049    .constdata          mc_w.l(ctype_o.o)
    0x08011419   0x00000003   PAD
    0x0801141c   0x00000004   Data   RO         8050    .constdata          mc_w.l(ctype_o.o)
    0x08011420   0x00000008   Data   RO         8476    .constdata          m_wm.l(qnan.o)
    0x08011428   0x00000038   Data   RO         8522    .constdata          mc_w.l(ilconv.o)
    0x08011460   0x000000c4   Data   RO         3949    .conststring        llex.o
    0x08011524   0x0000011c   Data   RO         4451    .conststring        lopcodes.o
    0x08011640   0x000000d3   Data   RO         5478    .conststring        ltm.o
    0x08011713   0x00000001   PAD
    0x08011714   0x00000005   Data   RO         8523    .conststring        mc_w.l(ilconv.o)
    0x08011719   0x00000003   PAD
    0x0801171c   0x00000020   Data   RO         8567    Region$$Table       anon$$obj.o


    Execution Region RW_IRAM1 (Base: 0x20000000, Size: 0x00008d18, Max: 0x00020000, ABSOLUTE)

    Base Addr    Size         Type   Attr      Idx    E Section Name        Object

    0x20000000   0x00000004   Data   RW           13    .data               main.o
    0x20000004   0x00000010   Data   RW         1195    .data               stm32f4xx_rcc.o
    0x20000014   0x00000004   Data   RW         5882    .data               cpu_core.o
    0x20000018   0x00000008   Data   RW         7000    .data               os_prio.o
    0x20000020   0x000000c8   Data   RW         7556    .data               os_var.o
    0x200000e8   0x00000004   Data   RW         7585    .data               os_cpu_c.o
    0x200000ec   0x00000004   Data   RW         8044    .data               mc_w.l(stdout.o)
    0x200000f0   0x00000004   Data   RW         8045    .data               mc_w.l(stderr.o)
    0x200000f4   0x00000004   Data   RW         8415    .data               mc_w.l(errno.o)
    0x200000f8   0x00000004   Data   RW         8524    .data               mc_w.l(mvars.o)
    0x200000fc   0x00000004   Data   RW         8525    .data               mc_w.l(mvars.o)
    0x20000100   0x00000b98   Zero   RW           12    .bss                main.o
    0x20000c98   0x00000010   Zero   RW         5880    .bss                cpu_core.o
    0x20000ca8   0x00001490   Zero   RW         6455    .bss                os_cfg_app.o
    0x20002138   0x000006e0   Zero   RW         7555    .bss                os_var.o
    0x20002818   0x00006000   Zero   RW         5804    HEAP                startup_stm32f4xx.o
    0x20008818   0x00000500   Zero   RW         5803    STACK               startup_stm32f4xx.o


==============================================================================

Image component sizes


      Code (inc. data)   RO Data    RW Data    ZI Data      Debug   Object Name

        78         14          0          0          0       1534   bsp.o
        52          0          0          0          0        316   cpu_a.o
       100         18          0          4         16      12045   cpu_core.o
       626         20          0          0          0      22010   lapi.o
       252         72          0          0          0      11020   lauxlib.o
      4690        248          0          0          0      56833   lcode.o
      2408        294          0          0          0      29746   ldebug.o
      2386        122          0          0          0      28604   ldo.o
       754          0          0          0          0       7285   lfunc.o
      3224         26          0          0          0      19392   lgc.o
       102          0          0          0          0       1728   lib_mem.o
      3542        324        324          0          0      16876   llex.o
       218         40          0          0          0       2010   lmem.o
      1050         52        272          0          0      20200   lobject.o
         0          0        478          0          0        644   lopcodes.o
      7472        708         30          0          0      48176   lparser.o
       764         32          0          0          0       5173   lstate.o
       434          4          0          0          0       2997   lstring.o
      2376        136         32          0          0      17660   ltable.o
       202         10        323          0          0       3176   ltm.o
      1392        164          0          0          0       8568   lundump.o
      7920        330          0          0          0      34219   lvm.o
       240          0          0          0          0       3586   lzio.o
       984        144          0          4       2968     313643   main.o
       252        166        164          0       5264      20798   os_cfg_app.o
      2652        358          0          0          0      18644   os_core.o
       172         32          0          0          0        380   os_cpu_a.o
       892         52          0          4          0       6295   os_cpu_c.o
       432        286        364          0          0       4713   os_dbg.o
       670         26          0          0          0       2937   os_flag.o
       896        168          0          0          0       2448   os_int.o
        24         10          0          0          0        829   os_mem.o
       472         26          0          0          0       3664   os_msg.o
        24         10          0          0          0        831   os_mutex.o
       136         16          0          8          0       2770   os_prio.o
       356         18          0          0          0       2074   os_q.o
       380         16          0          0          0       2102   os_sem.o
      1376        180          0          0          0       3094   os_stat.o
      4572        226          0          0          0      11697   os_task.o
      1308        124          0          0          0       5377   os_tick.o
       280         14          0          0          0       1076   os_time.o
       812        134          0          0          0       4092   os_tmr.o
         0          0          0        200       1760      19277   os_var.o
        52         14        392          0      25856        836   startup_stm32f4xx.o
       222          0          0          0          0       2265   stm32f4xx_gpio.o
        50          6          0          0          0       4402   stm32f4xx_it.o
       328         36          0         16          0       4283   stm32f4xx_rcc.o
       262          8          0          0          0       3100   stm32f4xx_usart.o
       328         34          0          0          0       1425   system_stm32f4xx.o

    ----------------------------------------------------------------------
     58294       4718       2416        236      35864     796850   Object Totals
         0          0         32          0          0          0   (incl. Generated)
        80          0          5          0          0          0   (incl. Padding)

    ----------------------------------------------------------------------

      Code (inc. data)   RO Data    RW Data    ZI Data      Debug   Library Member Name

       164         44          0          0          0        620   dunder.o
        24          0          0          0          0        124   fabs.o
       280         28          0          0          0        156   floor.o
        48          0          0          0          0        124   fpclassify.o
       248          0          0          0          0        152   poly.o
      3128        302        136          0          0        356   pow.o
         0          0          8          0          0          0   qnan.o
       110          0          0          0          0        148   sqrt.o
        40         10          0          0          0        128   strtod.o
        28          0          0          0          0         68   _chval.o
        64          0          0          0          0         84   _sgetc.o
       158          0          0          0          0         92   _strtoul.o
         8          4        133          0          0         68   ctype_o.o
         0          0          0          0          0          0   entry.o
         0          0          0          0          0          0   entry10a.o
         0          0          0          0          0          0   entry11a.o
         8          4          0          0          0          0   entry2.o
         4          0          0          0          0          0   entry5.o
         0          0          0          0          0          0   entry7b.o
         0          0          0          0          0          0   entry8b.o
         8          4          0          0          0          0   entry9a.o
        20         10          0          4          0        136   errno.o
        30          0          0          0          0          0   handlers.o
         0          0         61          0          0          0   ilconv.o
        36          8          0          0          0         68   init.o
        18          0          0          0          0         76   isspace_o.o
         0          0          0          0          0          0   iusefp.o
        30          0          0          0          0         68   llshl.o
        36          0          0          0          0         68   llsshr.o
        32          0          0          0          0         68   llushr.o
         8          4          0          0          0         68   localeconv.o
       360         30          0          0          0        356   mallocr.o
        26          0          0          0          0         80   memcmp.o
        36          0          0          0          0         68   memcpya.o
         0          0          0          8          0          0   mvars.o
      2304        102          0          0          0        680   printfa.o
       838         12          0          0          0        216   scanf_fp.o
         0          0          0          4          0          0   stderr.o
         0          0          0          4          0          0   stdout.o
        24          0          0          0          0         68   strcat.o
        20          0          0          0          0         68   strchr.o
        28          0          0          0          0         76   strcmp.o
         4          0          0          0          0         68   strcoll.o
        18          0          0          0          0         68   strcpy.o
        34          0          0          0          0         80   strcspn.o
        14          0          0          0          0         68   strlen.o
        40          0          0          0          0         76   strncat.o
        24          0          0          0          0         76   strncpy.o
       156         14          0          0          0        120   strtod.o
       114          0          0          0          0         92   strtoul.o
        44          0          0          0          0         80   uidiv.o
        98          0          0          0          0         92   uldiv.o
        48          0          0          0          0         68   cdcmple.o
        48          0          0          0          0         68   cdrcmple.o
        56          0          0          0          0         88   d2f.o
       334          0          0          0          0        148   dadd.o
       222          0          0          0          0        100   ddiv.o
       186          0          0          0          0        176   depilogue.o
        62          0          0          0          0         80   dfixi.o
        48          0          0          0          0         68   dfixul.o
        34          0          0          0          0         76   dflti.o
        26          0          0          0          0         76   dfltui.o
        24          0          0          0          0         76   dfltul.o
       228          0          0          0          0         96   dmul.o
        46          0          0          0          0         80   dscalb.o
       162          0          0          0          0        100   dsqrt.o
       110          0          0          0          0        168   fepilogue.o
        62          0          0          0          0         96   setjmp.o

    ----------------------------------------------------------------------
     10430        580        344         20          0       6668   Library Totals
        22          4          6          0          0          0   (incl. Padding)

    ----------------------------------------------------------------------

      Code (inc. data)   RO Data    RW Data    ZI Data      Debug   Library Name

      4042        384        144          0          0       1808   m_wm.l
      4670        192        194         20          0       3296   mc_w.l
      1696          0          0          0          0       1564   mf_w.l

    ----------------------------------------------------------------------
     10430        580        344         20          0       6668   Library Totals

    ----------------------------------------------------------------------

==============================================================================


      Code (inc. data)   RO Data    RW Data    ZI Data      Debug   

     68724       5298       2760        256      35864     755066   Grand Totals
     68724       5298       2760        256      35864     755066   ELF Image Totals
     68724       5298       2760        256          0          0   ROM Totals

==============================================================================

    Total RO  Size (Code + RO Data)                71484 (  69.81kB)
    Total RW  Size (RW Data + ZI Data)             36120 (  35.27kB)
    Total ROM Size (Code + RO Data + RW Data)      71740 (  70.06kB)

==============================================================================

