Component: ARM Compiler 5.05 update 2 (build 169) Tool: armlink [4d0f33]

==============================================================================

Section Cross References

    main.o(i.GetKey) refers to key.o(i.KEY_Scan) for KEY_Scan
    main.o(i.GetKey) refers to dflt_clz.o(x$fpl$dflt) for __aeabi_i2d
    main.o(i.GetKey) refers to lapi.o(i.lua_pushnumber) for lua_pushnumber
    main.o(i.InitMenu) refers to lcd.o(i.LCD_Color_Fill2) for LCD_Color_Fill2
    main.o(i.LCD_Showcon) refers to lcd.o(i.LCD_Fast_DrawPoint) for LCD_Fast_DrawPoint
    main.o(i.LCD_Showcon) refers to main.o(.constdata) for .constdata
    main.o(i.LCD_Showcon) refers to lcd.o(.bss) for lcddev
    main.o(i.LCD_Showcon) refers to lcd.o(.data) for BACK_COLOR
    main.o(i.LCD_print) refers to lauxlib.o(i.luaL_checkinteger) for luaL_checkinteger
    main.o(i.LCD_print) refers to lauxlib.o(i.luaL_checklstring) for luaL_checklstring
    main.o(i.LCD_print) refers to lcd.o(i.LCD_ShowString) for LCD_ShowString
    main.o(i.Locate2) refers to lcd.o(i.LCD_Color_Fill2) for LCD_Color_Fill2
    main.o(i.Locate2) refers to strlen.o(.text) for strlen
    main.o(i.Locate2) refers to main.o(i.LCD_Showcon) for LCD_Showcon
    main.o(i.Locate2) refers to lcd.o(i.LCD_ShowString) for LCD_ShowString
    main.o(i.Locate2) refers to lcd.o(.data) for BACK_COLOR
    main.o(i.Locate2) refers to main.o(.data) for .data
    main.o(i.MM2) refers to main.o(i.do_file_script) for do_file_script
    main.o(i.Setrand) refers to rand.o(.emb_text) for rand
    main.o(i.Setrand) refers to dflt_clz.o(x$fpl$dflt) for __aeabi_i2d
    main.o(i.Setrand) refers to lapi.o(i.lua_pushnumber) for lua_pushnumber
    main.o(i._LCD_Clear) refers to lauxlib.o(i.luaL_checkinteger) for luaL_checkinteger
    main.o(i._LCD_Clear) refers to lcd.o(i.LCD_Clear) for LCD_Clear
    main.o(i._LCD_Fill) refers to lauxlib.o(i.luaL_checkinteger) for luaL_checkinteger
    main.o(i._LCD_Fill) refers to lcd.o(i.LCD_Fill) for LCD_Fill
    main.o(i._LCD_ShowNum) refers to lauxlib.o(i.luaL_checkinteger) for luaL_checkinteger
    main.o(i._LCD_ShowNum) refers to lcd.o(i.LCD_ShowNum) for LCD_ShowNum
    main.o(i._delay_ms) refers to lauxlib.o(i.luaL_checkinteger) for luaL_checkinteger
    main.o(i._delay_ms) refers to delay.o(i.delay_ms) for delay_ms
    main.o(i.do_file_script) refers to ff.o(i.f_mount) for f_mount
    main.o(i.do_file_script) refers to fopen.o(.text) for fopen
    main.o(i.do_file_script) refers to fseek.o(.text) for fseek
    main.o(i.do_file_script) refers to fclose_tmpfile.o(.text) for fclose
    main.o(i.do_file_script) refers to lcd.o(i.LCD_ShowString) for LCD_ShowString
    main.o(i.do_file_script) refers to delay.o(i.delay_ms) for delay_ms
    main.o(i.do_file_script) refers to freadfast.o(.text) for fread
    main.o(i.do_file_script) refers to strlen.o(.text) for strlen
    main.o(i.do_file_script) refers to lcd.o(i.LCD_ShowNum) for LCD_ShowNum
    main.o(i.do_file_script) refers to lauxlib.o(i.luaL_newstate) for luaL_newstate
    main.o(i.do_file_script) refers to lbaselib.o(i.luaopen_base) for luaopen_base
    main.o(i.do_file_script) refers to lauxlib.o(i.luaL_register) for luaL_register
    main.o(i.do_file_script) refers to lapi.o(i.lua_pushcclosure) for lua_pushcclosure
    main.o(i.do_file_script) refers to lapi.o(i.lua_setfield) for lua_setfield
    main.o(i.do_file_script) refers to lauxlib.o(i.luaL_loadstring) for luaL_loadstring
    main.o(i.do_file_script) refers to lapi.o(i.lua_pcall) for lua_pcall
    main.o(i.do_file_script) refers to main.o(.bss) for .bss
    main.o(i.do_file_script) refers to main.o(.data) for .data
    main.o(i.do_file_script) refers to main.o(.constdata) for .constdata
    main.o(i.do_file_script) refers to main.o(i.LCD_print) for LCD_print
    main.o(i.do_file_script) refers to main.o(i._LCD_Fill) for _LCD_Fill
    main.o(i.do_file_script) refers to main.o(i.GetKey) for GetKey
    main.o(i.do_file_script) refers to main.o(i._delay_ms) for _delay_ms
    main.o(i.do_file_script) refers to main.o(i.Setrand) for Setrand
    main.o(i.do_file_script) refers to main.o(i._LCD_ShowNum) for _LCD_ShowNum
    main.o(i.main) refers to delay.o(i.delay_init) for delay_init
    main.o(i.main) refers to lcd.o(i.LCD_Init) for LCD_Init
    main.o(i.main) refers to platform_mmc.o(i.SD_Init) for SD_Init
    main.o(i.main) refers to key.o(i.KEY_Init) for KEY_Init
    main.o(i.main) refers to main.o(i.InitMenu) for InitMenu
    main.o(i.main) refers to main.o(i.Locate2) for Locate2
    main.o(i.main) refers to key.o(i.KEY_Scan) for KEY_Scan
    main.o(i.main) refers to main.o(.data) for .data
    main.o(.constdata) refers to main.o(.conststring) for .conststring
    main.o(.constdata) refers to main.o(i.LCD_print) for LCD_print
    main.o(.constdata) refers to main.o(i._LCD_Clear) for _LCD_Clear
    main.o(.data) refers to main.o(.conststring) for .conststring
    main.o(.data) refers to main.o(.data) for _MM3
[...]
    0x0800016c   0x0000005a   Code   RO         7937    !!dczerorl2         c_w.l(__dczerorl2.o)
    0x080001c6   0x00000002   PAD
    0x080001c8   0x0000001c   Code   RO         7941    !!handler_zi        c_w.l(__scatter_zi.o)
    0x080001e4   0x00000000   Code   RO         7102    .ARM.Collect$$_printf_percent$$00000000  c_w.l(_printf_percent.o)
    0x080001e4   0x00000006   Code   RO         7093    .ARM.Collect$$_printf_percent$$00000002  c_w.l(_printf_p.o)
    0x080001ea   0x00000006   Code   RO         7100    .ARM.Collect$$_printf_percent$$00000005  c_w.l(_printf_g.o)
    0x080001f0   0x00000006   Code   RO         7090    .ARM.Collect$$_printf_percent$$00000014  c_w.l(_printf_s.o)
    0x080001f6   0x00000004   Code   RO         7528    .ARM.Collect$$_printf_percent$$00000017  c_w.l(_printf_percent_end.o)
    0x080001fa   0x00000002   Code   RO         7901    .ARM.Collect$$libinit$$00000000  c_w.l(libinit.o)
    0x080001fc   0x00000000   Code   RO         7586    .ARM.Collect$$libinit$$00000002  c_w.l(libinit2.o)
    0x080001fc   0x00000000   Code   RO         7588    .ARM.Collect$$libinit$$00000004  c_w.l(libinit2.o)
    0x080001fc   0x00000008   Code   RO         7589    .ARM.Collect$$libinit$$00000005  c_w.l(libinit2.o)
    0x08000204   0x00000000   Code   RO         7591    .ARM.Collect$$libinit$$0000000A  c_w.l(libinit2.o)
    0x08000204   0x00000000   Code   RO         7593    .ARM.Collect$$libinit$$0000000C  c_w.l(libinit2.o)
    0x08000204   0x00000004   Code   RO         7594    .ARM.Collect$$libinit$$0000000D  c_w.l(libinit2.o)
    0x08000208   0x00000000   Code   RO         7595    .ARM.Collect$$libinit$$0000000E  c_w.l(libinit2.o)
    0x08000208   0x00000006   Code   RO         7596    .ARM.Collect$$libinit$$0000000F  c_w.l(libinit2.o)
    0x0800020e   0x0000000a   Code   RO         7597    .ARM.Collect$$libinit$$00000010  c_w.l(libinit2.o)
    0x08000218   0x00000000   Code   RO         7598    .ARM.Collect$$libinit$$00000011  c_w.l(libinit2.o)
    0x08000218   0x0000000c   Code   RO         7599    .ARM.Collect$$libinit$$00000012  c_w.l(libinit2.o)
    0x08000224   0x00000000   Code   RO         7600    .ARM.Collect$$libinit$$00000013  c_w.l(libinit2.o)
    0x08000224   0x0000000a   Code   RO         7601    .ARM.Collect$$libinit$$00000014  c_w.l(libinit2.o)
    0x0800022e   0x00000000   Code   RO         7602    .ARM.Collect$$libinit$$00000015  c_w.l(libinit2.o)
    0x0800022e   0x0000000a   Code   RO         7603    .ARM.Collect$$libinit$$00000016  c_w.l(libinit2.o)
    0x08000238   0x00000000   Code   RO         7604    .ARM.Collect$$libinit$$00000017  c_w.l(libinit2.o)
    0x08000238   0x00000000   Code   RO         7606    .ARM.Collect$$libinit$$00000019  c_w.l(libinit2.o)
    0x08000238   0x00000000   Code   RO         7608    .ARM.Collect$$libinit$$0000001B  c_w.l(libinit2.o)
    0x08000238   0x00000000   Code   RO         7610    .ARM.Collect$$libinit$$0000001D  c_w.l(libinit2.o)
    0x08000238   0x00000000   Code   RO         7612    .ARM.Collect$$libinit$$0000001F  c_w.l(libinit2.o)
    0x08000238   0x00000000   Code   RO         7614    .ARM.Collect$$libinit$$00000021  c_w.l(libinit2.o)
    0x08000238   0x00000000   Code   RO         7616    .ARM.Collect$$libinit$$00000023  c_w.l(libinit2.o)
    0x08000238   0x00000004   Code   RO         7617    .ARM.Collect$$libinit$$00000024  c_w.l(libinit2.o)
    0x0800023c   0x00000000   Code   RO         7618    .ARM.Collect$$libinit$$00000025  c_w.l(libinit2.o)
    0x0800023c   0x00000008   Code   RO         7619    .ARM.Collect$$libinit$$00000026  c_w.l(libinit2.o)
    0x08000244   0x00000000   Code   RO         7624    .ARM.Collect$$libinit$$0000002E  c_w.l(libinit2.o)
    0x08000244   0x00000000   Code   RO         7626    .ARM.Collect$$libinit$$00000030  c_w.l(libinit2.o)
    0x08000244   0x00000000   Code   RO         7628    .ARM.Collect$$libinit$$00000032  c_w.l(libinit2.o)
    0x08000244   0x00000002   Code   RO         7629    .ARM.Collect$$libinit$$00000033  c_w.l(libinit2.o)
    0x08000246   0x00000002   Code   RO         7902    .ARM.Collect$$libshutdown$$00000000  c_w.l(libshutdown.o)
    0x08000248   0x00000004   Code   RO         7807    .ARM.Collect$$libshutdown$$00000002  c_w.l(libshutdown2.o)
    0x0800024c   0x00000000   Code   RO         7808    .ARM.Collect$$libshutdown$$00000003  c_w.l(libshutdown2.o)
    0x0800024c   0x00000000   Code   RO         7811    .ARM.Collect$$libshutdown$$00000006  c_w.l(libshutdown2.o)
    0x0800024c   0x00000000   Code   RO         7814    .ARM.Collect$$libshutdown$$00000009  c_w.l(libshutdown2.o)
    0x0800024c   0x00000000   Code   RO         7816    .ARM.Collect$$libshutdown$$0000000B  c_w.l(libshutdown2.o)
    0x0800024c   0x00000000   Code   RO         7819    .ARM.Collect$$libshutdown$$0000000E  c_w.l(libshutdown2.o)
    0x0800024c   0x00000002   Code   RO         7820    .ARM.Collect$$libshutdown$$0000000F  c_w.l(libshutdown2.o)
    0x0800024e   0x00000000   Code   RO         7470    .ARM.Collect$$rtentry$$00000000  c_w.l(__rtentry.o)
    0x0800024e   0x00000000   Code   RO         7691    .ARM.Collect$$rtentry$$00000002  c_w.l(__rtentry2.o)
    0x0800024e   0x00000006   Code   RO         7703    .ARM.Collect$$rtentry$$00000004  c_w.l(__rtentry4.o)
    0x08000254   0x00000000   Code   RO         7693    .ARM.Collect$$rtentry$$00000009  c_w.l(__rtentry2.o)
    0x08000254   0x00000004   Code   RO         7694    .ARM.Collect$$rtentry$$0000000A  c_w.l(__rtentry2.o)
    0x08000258   0x00000000   Code   RO         7696    .ARM.Collect$$rtentry$$0000000C  c_w.l(__rtentry2.o)
    0x08000258   0x00000008   Code   RO         7697    .ARM.Collect$$rtentry$$0000000D  c_w.l(__rtentry2.o)
    0x08000260   0x00000002   Code   RO         7471    .ARM.Collect$$rtexit$$00000000  c_w.l(rtexit.o)
    0x08000262   0x00000000   Code   RO         7706    .ARM.Collect$$rtexit$$00000002  c_w.l(rtexit2.o)
    0x08000262   0x00000004   Code   RO         7707    .ARM.Collect$$rtexit$$00000003  c_w.l(rtexit2.o)
    0x08000266   0x00000006   Code   RO         7708    .ARM.Collect$$rtexit$$00000004  c_w.l(rtexit2.o)
    0x0800026c   0x00000034   Code   RO         7180    .emb_text           c_w.l(rand.o)
    0x080002a0   0x00000000   Code   RO         7718    .emb_text           c_w.l(maybetermalloc1.o)
    0x080002a0   0x00000004   Code   RO         7804    .emb_text           c_w.l(argv_veneer.o)
    0x080002a4   0x00000040   Code   RO          711    .text               startup_stm32f10x_hd.o
    0x080002e4   0x00000002   Code   RO         6938    .text               c_w.l(use_no_semi.o)
    0x080002e6   0x00000002   PAD
    0x080002e8   0x00000010   Code   RO         6940    .text               c_w.l(rt_ctype_table.o)
    0x080002f8   0x00000008   Code   RO         6945    .text               c_w.l(rt_errno_addr_intlibspace.o)
    0x08000300   0x0000004e   Code   RO         6951    .text               c_w.l(h1_free.o)
    0x0800034e   0x000000b8   Code   RO         6953    .text               c_w.l(h1_realloc.o)
    0x08000406   0x00000048   Code   RO         7009    .text               c_w.l(llsdiv.o)
    0x0800044e   0x00000014   Code   RO         7017    .text               c_w.l(__2fprintf.o)
    0x08000462   0x00000002   PAD
    0x08000464   0x0000002c   Code   RO         7019    .text               c_w.l(__2sprintf.o)
    0x08000490   0x00000052   Code   RO         7033    .text               c_w.l(_printf_str.o)
    0x080004e2   0x00000002   PAD
    0x080004e4   0x00000094   Code   RO         7066    .text               c_w.l(_printf_hex_int_ll_ptr.o)
    0x08000578   0x00000188   Code   RO         7086    .text               c_w.l(__printf_flags_ss_wp.o)
    0x08000700   0x00000072   Code   RO         7106    .text               c_w.l(strtoul.o)
    0x08000772   0x00000008   Code   RO         7110    .text               c_w.l(feof.o)
    0x0800077a   0x00000008   Code   RO         7112    .text               c_w.l(ferror.o)
    0x08000782   0x00000002   PAD
    0x08000784   0x00000064   Code   RO         7114    .text               c_w.l(fflush.o)
    0x080007e8   0x00000022   Code   RO         7118    .text               c_w.l(fputs.o)
    0x0800080a   0x00000002   PAD
    0x0800080c   0x000000f8   Code   RO         7122    .text               c_w.l(fseek.o)
    0x08000904   0x00000042   Code   RO         7124    .text               c_w.l(ftell.o)
    0x08000946   0x00000004   Code   RO         7128    .text               c_w.l(getc.o)
    0x0800094a   0x00000046   Code   RO         7132    .text               c_w.l(setvbuf.o)
    0x08000990   0x00000048   Code   RO         7138    .text               c_w.l(ungetc.o)
    0x080009d8   0x000000ec   Code   RO         7140    .text               c_w.l(fopen.o)
    0x08000ac4   0x00000066   Code   RO         7148    .text               c_w.l(fclose_tmpfile.o)
    0x08000b2a   0x00000002   PAD
    0x08000b2c   0x00000010   Code   RO         7177    .text               c_w.l(localeconv.o)
    0x08000b3c   0x0000003c   Code   RO         7181    .text               c_w.l(rand.o)
    0x08000b78   0x0000000c   Code   RO         7185    .text               c_w.l(exit.o)
    0x08000b84   0x00000034   Code   RO         7187    .text               c_w.l(strcoll.o)
    0x08000bb8   0x00000108   Code   RO         7189    .text               c_w.l(strerror.o)
    0x08000cc0   0x00000014   Code   RO         7191    .text               c_w.l(strchr.o)
    0x08000cd4   0x00000020   Code   RO         7193    .text               c_w.l(strcspn.o)
    0x08000cf4   0x00000024   Code   RO         7195    .text               c_w.l(strncat.o)
    0x08000d18   0x00000058   Code   RO         7201    .text               c_w.l(memcmp.o)
    0x08000d70   0x00000048   Code   RO         7203    .text               c_w.l(strcpy.o)
    0x08000db8   0x0000003e   Code   RO         7207    .text               c_w.l(strlen.o)
    0x08000df6   0x00000018   Code   RO         7211    .text               c_w.l(strcat.o)
    0x08000e0e   0x0000008a   Code   RO         7213    .text               c_w.l(rt_memcpy_v6.o)
    0x08000e98   0x00000064   Code   RO         7215    .text               c_w.l(rt_memcpy_w.o)
    0x08000efc   0x0000004e   Code   RO         7217    .text               c_w.l(rt_memclr_w.o)
    0x08000f4a   0x00000056   Code   RO         7219    .text               c_w.l(strncpy.o)
    0x08000fa0   0x00000080   Code   RO         7221    .text               c_w.l(strcmpv7m.o)
    0x08001020   0x00000006   Code   RO         7232    .text               c_w.l(heapauxi.o)
    0x08001026   0x00000002   PAD
    0x08001028   0x00000140   Code   RO         7234    .text               c_w.l(_main_redirect.o)
    0x08001168   0x0000003e   Code   RO         7282    .text               fz_ws.l(setjmp.o)
    0x080011a6   0x00000002   PAD
    0x080011a8   0x00000008   Code   RO         7464    .text               c_w.l(libspace.o)
    0x080011b0   0x00000008   Code   RO         7476    .text               c_w.l(rt_heap_descriptor_intlibspace.o)
    0x080011b8   0x00000008   Code   RO         7481    .text               c_w.l(rt_locale_intlibspace.o)
    0x080011c0   0x00000004   Code   RO         7483    .text               c_w.l(hguard.o)
    0x080011c4   0x0000008a   Code   RO         7485    .text               c_w.l(init_alloc.o)
    0x0800124e   0x0000005e   Code   RO         7491    .text               c_w.l(h1_alloc.o)
    0x080012ac   0x000000ee   Code   RO         7505    .text               c_w.l(lludivv7m.o)
    0x0800139a   0x00000016   Code   RO         7507    .text               c_w.l(_rserrno.o)
    0x080013b0   0x000000b2   Code   RO         7511    .text               c_w.l(_printf_intcommon.o)
    0x08001462   0x0000041a   Code   RO         7513    .text               c_w.l(_printf_fp_dec.o)
    0x0800187c   0x00000030   Code   RO         7518    .text               c_w.l(_printf_char_common.o)
    0x080018ac   0x0000000a   Code   RO         7520    .text               c_w.l(_sputc.o)
    0x080018b6   0x0000002c   Code   RO         7522    .text               c_w.l(_printf_char.o)
    0x080018e2   0x00000002   PAD
    0x080018e4   0x00000024   Code   RO         7524    .text               c_w.l(_printf_char_file.o)
    0x08001908   0x000004a4   Code   RO         7530    .text               c_w.l(scanf_fp.o)
    0x08001dac   0x0000009e   Code   RO         7534    .text               c_w.l(_strtoul.o)
    0x08001e4a   0x00000002   PAD
    0x08001e4c   0x000000a0   Code   RO         7536    .text               c_w.l(strtod.o)
    0x08001eec   0x000000f0   Code   RO         7546    .text               c_w.l(stdio.o)
    0x08001fdc   0x0000004e   Code   RO         7548    .text               c_w.l(__dup.o)
    0x0800202a   0x00000002   PAD
    0x0800202c   0x00000138   Code   RO         7551    .text               c_w.l(initio.o)
    0x08002164   0x00000072   Code   RO         7561    .text               c_w.l(_lconv.o)
    0x080021d6   0x0000000e   Code   RO         7576    .text               c_w.l(defsig_rtred_outer.o)
    0x080021e4   0x00000044   Code   RO         7580    .text               c_w.l(rt_memclr.o)
    0x08002228   0x0000000e   Code   RO         7720    .text               c_w.l(h1_init.o)
    0x08002236   0x00000034   Code   RO         7722    .text               c_w.l(h1_extend.o)
    0x0800226a   0x0000008a   Code   RO         7728    .text               c_w.l(lludiv10.o)
    0x080022f4   0x00000012   Code   RO         7730    .text               c_w.l(isspace.o)
    0x08002306   0x00000002   PAD
    0x08002308   0x00000080   Code   RO         7732    .text               c_w.l(_printf_fp_infnan.o)
    0x08002388   0x0000001c   Code   RO         7745    .text               c_w.l(_chval.o)
    0x080023a4   0x00000040   Code   RO         7749    .text               c_w.l(_sgetc.o)
    0x080023e4   0x000000dc   Code   RO         7751    .text               c_w.l(bigflt0.o)
    0x080024c0   0x0000023a   Code   RO         7778    .text               c_w.l(filbuf.o)
    0x080026fa   0x000001d6   Code   RO         7780    .text               c_w.l(flsbuf.o)
    0x080028d0   0x0000000a   Code   RO         7791    .text               c_w.l(defsig_exit.o)
    0x080028da   0x00000002   PAD
    0x080028dc   0x00000034   Code   RO         7793    .text               c_w.l(defsig_rtred_inner.o)
    0x08002910   0x0000000e   Code   RO         7795    .text               c_w.l(defsig_rtmem_outer.o)
    0x0800291e   0x00000108   Code   RO         7802    .text               c_w.l(_get_argv.o)
    0x08002a26   0x0000004a   Code   RO         7844    .text               c_w.l(sys_stackheap_outer.o)
    0x08002a70   0x00000004   Code   RO         7848    .text               c_w.l(hrguard.o)
    0x08002a74   0x00000318   Code   RO         7856    .text               c_w.l(scanf_hexfp.o)
    0x08002d8c   0x00000134   Code   RO         7858    .text               c_w.l(scanf_infnan.o)
    0x08002ec0   0x00000118   Code   RO         7862    .text               c_w.l(freadfast.o)
    0x08002fd8   0x00000038   Code   RO         7868    .text               c_w.l(flushlinebuffered.o)
    0x08003010   0x00000032   Code   RO         7884    .text               c_w.l(defsig_general.o)
    0x08003042   0x00000002   PAD
    0x08003044   0x00000050   Code   RO         7886    .text               c_w.l(defsig_rtmem_inner.o)
    0x08003094   0x00000026   Code   RO         7911    .text               c_w.l(llshl.o)
    0x080030ba   0x0000003e   Code   RO         7754    CL$$btod_d2e        c_w.l(btod.o)
    0x080030f8   0x00000046   Code   RO         7756    CL$$btod_d2e_denorm_low  c_w.l(btod.o)
    0x0800313e   0x00000060   Code   RO         7755    CL$$btod_d2e_norm_op1  c_w.l(btod.o)
    0x0800319e   0x00000338   Code   RO         7764    CL$$btod_div_common  c_w.l(btod.o)
    0x080034d6   0x00000002   PAD
    0x080034d8   0x00000054   Code   RO         7762    CL$$btod_e2d        c_w.l(btod.o)
    0x0800352c   0x000000c6   Code   RO         7761    CL$$btod_e2e        c_w.l(btod.o)
    0x080035f2   0x00000028   Code   RO         7758    CL$$btod_ediv       c_w.l(btod.o)
    0x0800361a   0x00000028   Code   RO         7760    CL$$btod_edivd      c_w.l(btod.o)
    0x08003642   0x00000028   Code   RO         7757    CL$$btod_emul       c_w.l(btod.o)
    0x0800366a   0x00000028   Code   RO         7759    CL$$btod_emuld      c_w.l(btod.o)
    0x08003692   0x00000244   Code   RO         7763    CL$$btod_mult_common  c_w.l(btod.o)
    0x080038d6   0x000000ec   Code   RO         6707    i.Arith             lvm.o
    0x080039c2   0x00000002   Code   RO          259    i.BusFault_Handler  stm32f10x_it.o
    0x080039c4   0x0000002a   Code   RO         2591    i.CmdError          platform_mmc.o
    0x080039ee   0x00000002   PAD
    0x080039f0   0x00000050   Code   RO         2592    i.CmdResp1Error     platform_mmc.o
    0x08003a40   0x00000048   Code   RO         2593    i.CmdResp2Error     platform_mmc.o
    0x08003a88   0x00000030   Code   RO         2594    i.CmdResp3Error     platform_mmc.o
    0x08003ab8   0x00000078   Code   RO         2595    i.CmdResp6Error     platform_mmc.o
    0x08003b30   0x0000003c   Code   RO         2596    i.CmdResp7Error     platform_mmc.o
    0x08003b6c   0x00000016   Code   RO         2044    i.DMA_Cmd           stm32f10x_dma.o
    0x08003b82   0x00000002   PAD
    0x08003b84   0x000000e4   Code   RO         2045    i.DMA_DeInit        stm32f10x_dma.o
    0x08003c68   0x0000003a   Code   RO         2050    i.DMA_Init          stm32f10x_dma.o
    0x08003ca2   0x00000002   Code   RO          260    i.DebugMon_Handler  stm32f10x_it.o
    0x08003ca4   0x00000020   Code   RO          762    i.FSMC_NORSRAMCmd   stm32f10x_fsmc.o
    0x08003cc4   0x000000c8   Code   RO          764    i.FSMC_NORSRAMInit  stm32f10x_fsmc.o
    0x08003d8c   0x00000138   Code   RO         2597    i.FindSCR           platform_mmc.o
    0x08003ec4   0x00000094   Code   RO         4884    i.GCTM              lgc.o
    0x08003f58   0x000000a2   Code   RO          877    i.GPIO_Init         stm32f10x_gpio.o
    0x08003ffa   0x0000000e   Code   RO          881    i.GPIO_ReadInputDataBit  stm32f10x_gpio.o
    0x08004008   0x00000044   Code   RO            1    i.GetKey            main.o
    0x0800404c   0x00000002   Code   RO          261    i.HardFault_Handler  stm32f10x_it.o
    0x0800404e   0x00000004   Code   RO          670    i.INTX_DISABLE      sys.o
    0x08004052   0x00000004   Code   RO          671    i.INTX_ENABLE       sys.o
    0x08004056   0x00000026   Code   RO            2    i.InitMenu          main.o
    0x0800407c   0x00000084   Code   RO         2598    i.IsCardProgramming  platform_mmc.o
    0x08004100   0x0000003c   Code   RO          591    i.KEY_Init          key.o
    0x0800413c   0x000000e0   Code   RO          592    i.KEY_Scan          key.o
    0x0800421c   0x0000006c   Code   RO          378    i.LCD_Clear         lcd.o
    0x08004288   0x00000048   Code   RO          380    i.LCD_Color_Fill2   lcd.o
    0x080042d0   0x00000134   Code   RO          383    i.LCD_Display_Dir   lcd.o
    0x08004404   0x0000010c   Code   RO          388    i.LCD_Fast_DrawPoint  lcd.o
    0x08004510   0x00000048   Code   RO          389    i.LCD_Fill          lcd.o
    0x08004558   0x00002e0c   Code   RO          390    i.LCD_Init          lcd.o
    0x08007364   0x00000010   Code   RO          391    i.LCD_Pow           lcd.o
    0x08007374   0x00000014   Code   RO          392    i.LCD_RD_DATA       lcd.o
    0x08007388   0x00000018   Code   RO          394    i.LCD_ReadReg       lcd.o
    0x080073a0   0x0000003c   Code   RO          395    i.LCD_SSD_BackLightSet  lcd.o
    0x080073dc   0x000001a8   Code   RO          396    i.LCD_Scan_Dir      lcd.o
    0x08007584   0x00000140   Code   RO          397    i.LCD_SetCursor     lcd.o
    0x080076c4   0x000000d0   Code   RO          399    i.LCD_ShowChar      lcd.o
    0x08007794   0x00000076   Code   RO          400    i.LCD_ShowNum       lcd.o
    0x0800780a   0x0000004c   Code   RO          401    i.LCD_ShowString    lcd.o
    0x08007856   0x00000002   PAD
    0x08007858   0x00000080   Code   RO            3    i.LCD_Showcon       main.o
    0x080078d8   0x00000014   Code   RO          406    i.LCD_WriteRAM_Prepare  lcd.o
    0x080078ec   0x00000010   Code   RO          407    i.LCD_WriteReg      lcd.o
    0x080078fc   0x00000036   Code   RO            4    i.LCD_print         main.o
    0x08007932   0x00000002   PAD
    0x08007934   0x0000002c   Code   RO         6649    i.LoadBlock         lundump.o
    0x08007960   0x00000010   Code   RO         6650    i.LoadChar          lundump.o
    0x08007970   0x00000124   Code   RO         6651    i.LoadConstants     lundump.o
    0x08007a94   0x00000110   Code   RO         6652    i.LoadDebug         lundump.o
    0x08007ba4   0x0000010c   Code   RO         6653    i.LoadFunction      lundump.o
    0x08007cb0   0x0000002c   Code   RO         6654    i.LoadInt           lundump.o
    0x08007cdc   0x00000036   Code   RO         6655    i.LoadString        lundump.o
    0x08007d12   0x00000002   PAD
    0x08007d14   0x00000138   Code   RO            5    i.Locate2           main.o
    0x08007e4c   0x00000006   Code   RO            6    i.MM2               main.o
    0x08007e52   0x00000002   Code   RO          262    i.MemManage_Handler  stm32f10x_it.o
    0x08007e54   0x00000002   Code   RO          263    i.NMI_Handler       stm32f10x_it.o
    0x08007e56   0x00000002   PAD
    0x08007e58   0x00000064   Code   RO          715    i.NVIC_Init         misc.o
    0x08007ebc   0x00000002   Code   RO            7    i.Nothing           main.o
    0x08007ebe   0x00000002   Code   RO          264    i.PendSV_Handler    stm32f10x_it.o
    0x08007ec0   0x00000018   Code   RO          986    i.RCC_AHBPeriphClockCmd  stm32f10x_rcc.o
    0x08007ed8   0x00000018   Code   RO          989    i.RCC_APB2PeriphClockCmd  stm32f10x_rcc.o
    0x08007ef0   0x0000008c   Code   RO         2599    i.SDEnWideBus       platform_mmc.o
    0x08007f7c   0x0000000c   Code   RO         2115    i.SDIO_ClearFlag    stm32f10x_sdio.o
    0x08007f88   0x0000000c   Code   RO         2117    i.SDIO_ClockCmd     stm32f10x_sdio.o
    0x08007f94   0x00000014   Code   RO         2600    i.SDIO_Clock_Set    platform_mmc.o
    0x08007fa8   0x0000000c   Code   RO         2120    i.SDIO_DMACmd       stm32f10x_sdio.o
    0x08007fb4   0x0000002c   Code   RO         2121    i.SDIO_DataConfig   stm32f10x_sdio.o
    0x08007fe0   0x00000024   Code   RO         2123    i.SDIO_DeInit       stm32f10x_sdio.o
    0x08008004   0x00000014   Code   RO         2127    i.SDIO_GetFlagStatus  stm32f10x_sdio.o
    0x08008018   0x00000010   Code   RO         2129    i.SDIO_GetPowerState  stm32f10x_sdio.o
    0x08008028   0x00000004   Code   RO         2601    i.SDIO_IRQHandler   platform_mmc.o
    0x0800802c   0x0000002c   Code   RO         2132    i.SDIO_Init         stm32f10x_sdio.o
    0x08008058   0x0000000c   Code   RO         2133    i.SDIO_ReadData     stm32f10x_sdio.o
    0x08008064   0x00000028   Code   RO         2135    i.SDIO_SendCommand  stm32f10x_sdio.o
    0x0800808c   0x00000018   Code   RO         2137    i.SDIO_SetPowerState  stm32f10x_sdio.o
    0x080080a4   0x0000000c   Code   RO         2143    i.SDIO_WriteData    stm32f10x_sdio.o
    0x080080b0   0x00000064   Code   RO         2602    i.SD_DMA_Config     platform_mmc.o
    0x08008114   0x0000004c   Code   RO         2603    i.SD_EnableWideBusOperation  platform_mmc.o
    0x08008160   0x00000210   Code   RO         2604    i.SD_GetCardInfo    platform_mmc.o
    0x08008370   0x000000e0   Code   RO         2606    i.SD_Init           platform_mmc.o
    0x08008450   0x00000114   Code   RO         2607    i.SD_InitializeCards  platform_mmc.o
    0x08008564   0x00000180   Code   RO         2609    i.SD_PowerON        platform_mmc.o
    0x080086e4   0x000000e8   Code   RO         2610    i.SD_ProcessIRQSrc  platform_mmc.o
    0x080087cc   0x000001f8   Code   RO         2611    i.SD_ReadBlock      platform_mmc.o
    0x080089c4   0x00000078   Code   RO         2612    i.SD_ReadDisk       platform_mmc.o
    0x08008a3c   0x0000025c   Code   RO         2613    i.SD_ReadMultiBlocks  platform_mmc.o
    0x08008c98   0x0000002c   Code   RO         2614    i.SD_SelectDeselect  platform_mmc.o
    0x08008cc4   0x00000018   Code   RO         2616    i.SD_SetDeviceMode  platform_mmc.o
    0x08008cdc   0x000002d4   Code   RO         2617    i.SD_WriteBlock     platform_mmc.o
    0x08008fb0   0x00000070   Code   RO         2618    i.SD_WriteDisk      platform_mmc.o
    0x08009020   0x000002ec   Code   RO         2619    i.SD_WriteMultiBlocks  platform_mmc.o
    0x0800930c   0x00000002   Code   RO          265    i.SVC_Handler       stm32f10x_it.o
    0x0800930e   0x00000002   PAD
    0x08009310   0x000000a8   Code   RO          348    i.SetSysClockTo72   system_stm32f10x.o
    0x080093b8   0x0000002a   Code   RO            9    i.Setrand           main.o
    0x080093e2   0x00000018   Code   RO          719    i.SysTick_CLKSourceConfig  misc.o
    0x080093fa   0x00000002   Code   RO          266    i.SysTick_Handler   stm32f10x_it.o
    0x080093fc   0x00000050   Code   RO          350    i.SystemInit        system_stm32f10x.o
    0x0800944c   0x00000002   Code   RO          267    i.UsageFault_Handler  stm32f10x_it.o
    0x0800944e   0x00000012   Code   RO           10    i._LCD_Clear        main.o
    0x08009460   0x0000004a   Code   RO           11    i._LCD_Fill         main.o
    0x080094aa   0x0000004a   Code   RO           12    i._LCD_ShowNum      main.o
    0x080094f4   0x00000028   Code   RO         7668    i.__ARM_fpclassify  m_ws.l(fpclassify.o)
    0x0800951c   0x000000aa   Code   RO         7670    i.__kernel_poly     m_ws.l(poly.o)
    0x080095c6   0x00000002   PAD
    0x080095c8   0x00000010   Code   RO         7648    i.__mathlib_dbl_divzero  m_ws.l(dunder.o)
    0x080095d8   0x00000004   Code   RO         7650    i.__mathlib_dbl_infnan2  m_ws.l(dunder.o)
    0x080095dc   0x0000000c   Code   RO         7651    i.__mathlib_dbl_invalid  m_ws.l(dunder.o)
    0x080095e8   0x0000000e   Code   RO         7652    i.__mathlib_dbl_overflow  m_ws.l(dunder.o)
    0x080095f6   0x00000002   PAD
    0x080095f8   0x00000010   Code   RO         7654    i.__mathlib_dbl_underflow  m_ws.l(dunder.o)
    0x08009608   0x00000010   Code   RO         7838    i.__mathlib_narrow  m_ws.l(narrow.o)
    0x08009618   0x00000088   Code   RO         7839    i.__mathlib_tofloat  m_ws.l(narrow.o)
    0x080096a0   0x00000016   Code   RO         7375    i.__support_ldexp   m_ws.l(ldexp.o)
    0x080096b6   0x00000012   Code   RO           13    i._delay_ms         main.o
    0x080096c8   0x0000000e   Code   RO         7079    i._is_digit         c_w.l(__printf_wp.o)
    0x080096d6   0x00000004   Code   RO         2787    i._sys_close        retarget.o
    0x080096da   0x00000004   Code   RO         2788    i._sys_command_string  retarget.o
    0x080096de   0x00000002   Code   RO         2790    i._sys_exit         retarget.o
    0x080096e0   0x00000004   Code   RO         2791    i._sys_flen         retarget.o
    0x080096e4   0x00000004   Code   RO         2792    i._sys_istty        retarget.o
    0x080096e8   0x00000004   Code   RO         2793    i._sys_open         retarget.o
    0x080096ec   0x00000004   Code   RO         2794    i._sys_read         retarget.o
    0x080096f0   0x00000006   Code   RO         2795    i._sys_seek         retarget.o
    0x080096f6   0x00000004   Code   RO         2796    i._sys_tmpnam       retarget.o
    0x080096fa   0x00000004   Code   RO         2797    i._sys_write        retarget.o
    0x080096fe   0x00000002   Code   RO         2798    i._ttywrch          retarget.o
    0x08009700   0x000000d0   Code   RO         3962    i.addk              lcode.o
    0x080097d0   0x00000064   Code   RO         5836    i.adjust_assign     lparser.o
    0x08009834   0x000000f0   Code   RO         4605    i.adjust_varargs    ldo.o
    0x08009924   0x00000038   Code   RO         5837    i.adjustlocalvars   lparser.o
    0x0800995c   0x0000002e   Code   RO         6412    i.arrayindex        ltable.o
    0x0800998a   0x00000002   PAD
    0x0800998c   0x0000012c   Code   RO         5838    i.assignment        lparser.o
    0x08009ab8   0x000000c2   Code   RO         4885    i.atomic            lgc.o
    0x08009b7a   0x00000002   PAD
    0x08009b7c   0x00000130   Code   RO         4409    i.auxgetinfo        ldebug.o
    0x08009cac   0x0000002a   Code   RO         3737    i.auxopen           lbaselib.o
    0x08009cd6   0x00000002   PAD
    0x08009cd8   0x000000f0   Code   RO         3738    i.auxresume         lbaselib.o
    0x08009dc8   0x000000f0   Code   RO         3739    i.base_open         lbaselib.o
    0x08009eb8   0x0000001e   Code   RO         5839    i.block             lparser.o
    0x08009ed6   0x00000028   Code   RO         5840    i.block_follow      lparser.o
    0x08009efe   0x00000002   PAD
    0x08009f00   0x00000084   Code   RO         5841    i.body              lparser.o
    0x08009f84   0x0000005c   Code   RO         5842    i.breakstat         lparser.o
    0x08009fe0   0x00000018   Code   RO         5254    i.buffreplace       llex.o
    0x08009ff8   0x00000066   Code   RO         6708    i.callTM            lvm.o
    0x0800a05e   0x00000072   Code   RO         6709    i.callTMres         lvm.o
    0x0800a0d0   0x0000003e   Code   RO         6710    i.call_binTM        lvm.o
    0x0800a10e   0x0000005c   Code   RO         6711    i.call_orderTM      lvm.o
    0x0800a16a   0x0000000c   Code   RO         5843    i.check             lparser.o
    0x0800a176   0x0000003e   Code   RO         4410    i.checkArgMode      ldebug.o
    0x0800a1b4   0x0000005c   Code   RO         2300    i.check_fs          ff.o
    0x0800a210   0x00000080   Code   RO         5844    i.check_match       lparser.o
    0x0800a290   0x0000003e   Code   RO         5255    i.check_next        llex.o
    0x0800a2ce   0x00000018   Code   RO         5845    i.checkname         lparser.o
    0x0800a2e6   0x00000012   Code   RO         5846    i.checknext         lparser.o
    0x0800a2f8   0x00000210   Code   RO         2301    i.chk_mounted       ff.o
    0x0800a508   0x00000038   Code   RO         5847    i.chunk             lparser.o
    0x0800a540   0x00000068   Code   RO         4886    i.cleartable        lgc.o
    0x0800a5a8   0x00000134   Code   RO         5848    i.close_func        lparser.o
    0x0800a6dc   0x00000050   Code   RO         6137    i.close_state       lstate.o
    0x0800a72c   0x00000018   Code   RO         2302    i.clust2sect        ff.o
    0x0800a744   0x00000014   Code   RO         3963    i.code_label        lcode.o
    0x0800a758   0x00000072   Code   RO         3964    i.codearith         lcode.o
    0x0800a7ca   0x0000005a   Code   RO         3965    i.codecomp          lcode.o
    0x0800a824   0x00000074   Code   RO         3966    i.codenot           lcode.o
    0x0800a898   0x0000001a   Code   RO         5849    i.codestring        lparser.o
    0x0800a8b2   0x00000072   Code   RO         4411    i.collectvalidlines  ldebug.o
    0x0800a924   0x00000028   Code   RO         5850    i.cond              lparser.o
    0x0800a94c   0x00000018   Code   RO         3967    i.condjump          lcode.o
    0x0800a964   0x000000ea   Code   RO         3968    i.constfolding      lcode.o
    0x0800aa4e   0x00000158   Code   RO         5851    i.constructor       lparser.o
    0x0800aba6   0x00000012   Code   RO         2620    i.convert_from_bytes_to_power_of_two  platform_mmc.o
    0x0800abb8   0x0000006e   Code   RO         4606    i.correctstack      ldo.o
    0x0800ac26   0x00000040   Code   RO         3740    i.costatus          lbaselib.o
    0x0800ac66   0x00000028   Code   RO         6413    i.countint          ltable.o
    0x0800ac8e   0x00000096   Code   RO         2303    i.create_chain      ff.o
    0x0800ad24   0x00000120   Code   RO         2304    i.create_name       ff.o
    0x0800ae44   0x00000026   Code   RO         4412    i.currentline       ldebug.o
    0x0800ae6a   0x00000030   Code   RO         4413    i.currentpc         ldebug.o
    0x0800ae9a   0x00000002   PAD
    0x0800ae9c   0x0000003c   Code   RO          643    i.delay_init        delay.o
    0x0800aed8   0x0000003c   Code   RO          644    i.delay_ms          delay.o
    0x0800af14   0x00000034   Code   RO          645    i.delay_us          delay.o
    0x0800af48   0x000000ee   Code   RO         2305    i.dir_next          ff.o
    0x0800b036   0x0000005c   Code   RO         2307    i.dir_register      ff.o
    0x0800b092   0x0000007e   Code   RO         2309    i.dir_sdi           ff.o
    0x0800b110   0x00000026   Code   RO         3969    i.discharge2anyreg  lcode.o
    0x0800b136   0x0000008e   Code   RO         3970    i.discharge2reg     lcode.o
    0x0800b1c4   0x00000024   Code   RO         2526    i.disk_initialize   diskio.o
    0x0800b1e8   0x0000006c   Code   RO         2527    i.disk_ioctl        diskio.o
    0x0800b254   0x00000032   Code   RO         2528    i.disk_read         diskio.o
    0x0800b286   0x00000004   Code   RO         2529    i.disk_status       diskio.o
    0x0800b28a   0x00000032   Code   RO         2530    i.disk_write        diskio.o
    0x0800b2bc   0x000001e4   Code   RO           14    i.do_file_script    main.o
    0x0800b4a0   0x0000001a   Code   RO         5852    i.enterblock        lparser.o
    0x0800b4ba   0x00000002   PAD
    0x0800b4bc   0x0000003c   Code   RO         5853    i.enterlevel        lparser.o
    0x0800b4f8   0x0000004c   Code   RO         3471    i.errfile           lauxlib.o
    0x0800b544   0x00000038   Code   RO         6656    i.error             lundump.o
    0x0800b57c   0x00000030   Code   RO         5854    i.error_expected    lparser.o
    0x0800b5ac   0x00000080   Code   RO         5855    i.errorlimit        lparser.o
    0x0800b62c   0x0000001e   Code   RO         5856    i.exp1              lparser.o
    0x0800b64a   0x000000ae   Code   RO         3971    i.exp2reg           lcode.o
    0x0800b6f8   0x00000030   Code   RO         5857    i.explist1          lparser.o
    0x0800b728   0x00000006   Code   RO         5858    i.expr              lparser.o
    0x0800b72e   0x00000006   Code   RO         2959    i.f_call            lapi.o
    0x0800b734   0x00000012   Code   RO         2311    i.f_close           ff.o
    0x0800b746   0x0000012e   Code   RO         2313    i.f_lseek           ff.o
    0x0800b874   0x00000078   Code   RO         6138    i.f_luaopen         lstate.o
    0x0800b8ec   0x00000020   Code   RO         2315    i.f_mount           ff.o
    0x0800b90c   0x00000136   Code   RO         2316    i.f_open            ff.o
    0x0800ba42   0x00000002   PAD
    0x0800ba44   0x0000008c   Code   RO         4607    i.f_parser          ldo.o
    0x0800bad0   0x0000014e   Code   RO         2318    i.f_read            ff.o
    0x0800bc1e   0x00000098   Code   RO         2322    i.f_sync            ff.o
    0x0800bcb6   0x0000018c   Code   RO         2326    i.f_write           ff.o
    0x0800be42   0x00000018   Code   RO         7539    i.fgetc             c_w.l(fgetc.o)
    0x0800be5a   0x0000002c   Code   RO         5859    i.field             lparser.o
    0x0800be86   0x00000002   PAD
    0x0800be88   0x0000008c   Code   RO         6414    i.findindex         ltable.o
    0x0800bf14   0x00000058   Code   RO         3972    i.fixjump           lcode.o
    0x0800bf6c   0x000000dc   Code   RO         7359    i.floor             m_ws.l(floor.o)
    0x0800c048   0x000000aa   Code   RO         2327    i.follow_path       ff.o
    0x0800c0f2   0x00000002   PAD
    0x0800c0f4   0x000000b4   Code   RO         5860    i.forbody           lparser.o
    0x0800c1a8   0x000000e4   Code   RO         5861    i.forlist           lparser.o
    0x0800c28c   0x000000dc   Code   RO         5862    i.fornum            lparser.o
    0x0800c368   0x0000007c   Code   RO         5863    i.forstat           lparser.o
    0x0800c3e4   0x0000001a   Code   RO         7543    i.fputc             c_w.l(fputc.o)
    0x0800c3fe   0x0000000e   Code   RO         3973    i.freeexp           lcode.o
    0x0800c40c   0x00000044   Code   RO         4887    i.freeobj           lgc.o
    0x0800c450   0x00000014   Code   RO         3974    i.freereg           lcode.o
    0x0800c464   0x0000002a   Code   RO         6139    i.freestack         lstate.o
    0x0800c48e   0x00000002   PAD
    0x0800c490   0x00000058   Code   RO         7371    i.frexp             m_ws.l(frexp.o)
    0x0800c4e8   0x00000128   Code   RO         5864    i.funcargs          lparser.o
    0x0800c610   0x000000a4   Code   RO         3741    i.generic_reader    lbaselib.o
    0x0800c6b4   0x00000044   Code   RO         3472    i.getF              lauxlib.o
    0x0800c6f8   0x00000010   Code   RO         3473    i.getS              lauxlib.o
    0x0800c708   0x0000006c   Code   RO         6712    i.get_compTM        lvm.o
    0x0800c774   0x000000b8   Code   RO         2328    i.get_fat           ff.o
    0x0800c82c   0x00000004   Code   RO         2533    i.get_fattime       diskio.o
    0x0800c830   0x0000008e   Code   RO         5865    i.getbinopr         lparser.o
    0x0800c8be   0x00000014   Code   RO         2960    i.getcurrenv        lapi.o
    0x0800c8d2   0x00000002   PAD
    0x0800c8d4   0x000000e4   Code   RO         3742    i.getfunc           lbaselib.o
    0x0800c9b8   0x00000068   Code   RO         4415    i.getfuncname       ldebug.o
    0x0800ca20   0x00000024   Code   RO         3975    i.getjump           lcode.o
    0x0800ca44   0x00000024   Code   RO         3976    i.getjumpcontrol    lcode.o
    0x0800ca68   0x00000016   Code   RO         4416    i.getluaproto       ldebug.o
    0x0800ca7e   0x00000002   PAD
    0x0800ca80   0x000000ec   Code   RO         4417    i.getobjname        ldebug.o
    0x0800cb6c   0x00000044   Code   RO         4608    i.growCI            ldo.o
    0x0800cbb0   0x00000038   Code   RO         6415    i.hashnum           ltable.o
    0x0800cbe8   0x00000094   Code   RO         5866    i.ifstat            lparser.o
    0x0800cc7c   0x0000008c   Code   RO         5256    i.inclinenumber     llex.o
    0x0800cd08   0x0000007c   Code   RO         2961    i.index2adr         lapi.o
    0x0800cd84   0x000000d8   Code   RO         5867    i.indexupvalue      lparser.o
    0x0800ce5c   0x0000000e   Code   RO         5868    i.init_exp          lparser.o
    0x0800ce6a   0x00000002   PAD
    0x0800ce6c   0x00000024   Code   RO         3977    i.invertjump        lcode.o
    0x0800ce90   0x0000003c   Code   RO         3743    i.ipairsaux         lbaselib.o
    0x0800cecc   0x0000002c   Code   RO         4888    i.iscleared         lgc.o
    0x0800cef8   0x0000001a   Code   RO         3978    i.isnumeral         lcode.o
    0x0800cf12   0x00000058   Code   RO         3979    i.jumponcond        lcode.o
    0x0800cf6a   0x00000002   PAD
    0x0800cf6c   0x00000028   Code   RO         4418    i.kname             ldebug.o
    0x0800cf94   0x00000018   Code   RO         3474    i.l_alloc           lauxlib.o
    0x0800cfac   0x0000004a   Code   RO         6713    i.l_strcmp          lvm.o
    0x0800cff6   0x00000012   Code   RO         2330    i.ld_clust          ff.o
    0x0800d008   0x00000074   Code   RO         7376    i.ldexp             m_ws.l(ldexp.o)
    0x0800d07c   0x00000038   Code   RO         5869    i.leaveblock        lparser.o
    0x0800d0b4   0x0000006e   Code   RO         6714    i.lessequal         lvm.o
    0x0800d122   0x00000002   PAD
    0x0800d124   0x00000044   Code   RO         5870    i.listfield         lparser.o
    0x0800d168   0x000003c4   Code   RO         5257    i.llex              llex.o
    0x0800d52c   0x0000001c   Code   RO         3744    i.load_aux          lbaselib.o
    0x0800d548   0x00000068   Code   RO         5871    i.localfunc         lparser.o
    0x0800d5b0   0x00000050   Code   RO         3745    i.luaB_assert       lbaselib.o
    0x0800d600   0x00000054   Code   RO         3746    i.luaB_auxwrap      lbaselib.o
    0x0800d654   0x00000058   Code   RO         3747    i.luaB_cocreate     lbaselib.o
    0x0800d6ac   0x00000090   Code   RO         3748    i.luaB_collectgarbage  lbaselib.o
    0x0800d73c   0x0000006c   Code   RO         3749    i.luaB_coresume     lbaselib.o
    0x0800d7a8   0x00000014   Code   RO         3750    i.luaB_corunning    lbaselib.o
    0x0800d7bc   0x00000048   Code   RO         3751    i.luaB_costatus     lbaselib.o
    0x0800d804   0x0000001c   Code   RO         3752    i.luaB_cowrap       lbaselib.o
    0x0800d820   0x0000003e   Code   RO         3753    i.luaB_dofile       lbaselib.o
    0x0800d85e   0x00000046   Code   RO         3754    i.luaB_error        lbaselib.o
    0x0800d8a4   0x00000018   Code   RO         3755    i.luaB_gcinfo       lbaselib.o
    0x0800d8bc   0x00000034   Code   RO         3756    i.luaB_getfenv      lbaselib.o
    0x0800d8f0   0x00000038   Code   RO         3757    i.luaB_getmetatable  lbaselib.o
    0x0800d928   0x0000002c   Code   RO         3758    i.luaB_ipairs       lbaselib.o
    0x0800d954   0x00000048   Code   RO         3759    i.luaB_load         lbaselib.o
    0x0800d99c   0x00000022   Code   RO         3760    i.luaB_loadfile     lbaselib.o
    0x0800d9be   0x00000030   Code   RO         3761    i.luaB_loadstring   lbaselib.o
    0x0800d9ee   0x00000002   PAD
    0x0800d9f0   0x000000bc   Code   RO         3762    i.luaB_newproxy     lbaselib.o
    0x0800daac   0x0000002c   Code   RO         3763    i.luaB_next         lbaselib.o
    0x0800dad8   0x0000002c   Code   RO         3764    i.luaB_pairs        lbaselib.o
    0x0800db04   0x0000003c   Code   RO         3765    i.luaB_pcall        lbaselib.o
    0x0800db40   0x000000cc   Code   RO         3766    i.luaB_print        lbaselib.o
    0x0800dc0c   0x00000028   Code   RO         3767    i.luaB_rawequal     lbaselib.o
    0x0800dc34   0x00000028   Code   RO         3768    i.luaB_rawget       lbaselib.o
    0x0800dc5c   0x00000030   Code   RO         3769    i.luaB_rawset       lbaselib.o
    0x0800dc8c   0x00000070   Code   RO         3770    i.luaB_select       lbaselib.o
    0x0800dcfc   0x000000ac   Code   RO         3771    i.luaB_setfenv      lbaselib.o
    0x0800dda8   0x00000098   Code   RO         3772    i.luaB_setmetatable  lbaselib.o
    0x0800de40   0x000000ac   Code   RO         3773    i.luaB_tonumber     lbaselib.o
    0x0800deec   0x000000bc   Code   RO         3774    i.luaB_tostring     lbaselib.o
    0x0800dfa8   0x00000026   Code   RO         3775    i.luaB_type         lbaselib.o
    0x0800dfce   0x00000002   PAD
    0x0800dfd0   0x00000094   Code   RO         3776    i.luaB_unpack       lbaselib.o
    0x0800e064   0x00000046   Code   RO         3777    i.luaB_xpcall       lbaselib.o
    0x0800e0aa   0x00000014   Code   RO         3778    i.luaB_yield        lbaselib.o
    0x0800e0be   0x00000012   Code   RO         4889    i.luaC_barrierback  lgc.o
    0x0800e0d0   0x00000020   Code   RO         4890    i.luaC_barrierf     lgc.o
    0x0800e0f0   0x0000003a   Code   RO         4892    i.luaC_freeall      lgc.o
    0x0800e12a   0x00000050   Code   RO         4893    i.luaC_fullgc       lgc.o
    0x0800e17a   0x00000014   Code   RO         4894    i.luaC_link         lgc.o
    0x0800e18e   0x00000048   Code   RO         4895    i.luaC_linkupval    lgc.o
    0x0800e1d6   0x0000007c   Code   RO         4896    i.luaC_separateudata  lgc.o
    0x0800e252   0x00000002   PAD
    0x0800e254   0x0000005c   Code   RO         4897    i.luaC_step         lgc.o
    0x0800e2b0   0x00000070   Code   RO         4609    i.luaD_call         ldo.o
    0x0800e320   0x00000084   Code   RO         4610    i.luaD_callhook     ldo.o
    0x0800e3a4   0x00000010   Code   RO         4611    i.luaD_growstack    ldo.o
    0x0800e3b4   0x00000064   Code   RO         4612    i.luaD_pcall        ldo.o
    0x0800e418   0x0000009e   Code   RO         4613    i.luaD_poscall      ldo.o
    0x0800e4b6   0x00000158   Code   RO         4614    i.luaD_precall      ldo.o
    0x0800e60e   0x00000002   PAD
    0x0800e610   0x0000003c   Code   RO         4615    i.luaD_protectedparser  ldo.o
    0x0800e64c   0x0000002e   Code   RO         4616    i.luaD_rawrunprotected  ldo.o
    0x0800e67a   0x00000002   PAD
    0x0800e67c   0x0000005c   Code   RO         4617    i.luaD_reallocCI    ldo.o
    0x0800e6d8   0x00000040   Code   RO         4618    i.luaD_reallocstack  ldo.o
    0x0800e718   0x00000070   Code   RO         4619    i.luaD_seterrorobj  ldo.o
    0x0800e788   0x0000005a   Code   RO         4620    i.luaD_throw        ldo.o
    0x0800e7e2   0x00000026   Code   RO         6140    i.luaE_freethread   lstate.o
    0x0800e808   0x00000054   Code   RO         6141    i.luaE_newthread    lstate.o
    0x0800e85c   0x00000056   Code   RO         4813    i.luaF_close        lfunc.o
    0x0800e8b2   0x0000006a   Code   RO         4814    i.luaF_findupval    lfunc.o
    0x0800e91c   0x00000016   Code   RO         4815    i.luaF_freeclosure  lfunc.o
    0x0800e932   0x0000006e   Code   RO         4816    i.luaF_freeproto    lfunc.o
    0x0800e9a0   0x00000026   Code   RO         4817    i.luaF_freeupval    lfunc.o
    0x0800e9c6   0x00000002   PAD
    0x0800e9c8   0x00000046   Code   RO         4818    i.luaF_getlocalname  lfunc.o
    0x0800ea0e   0x00000034   Code   RO         4819    i.luaF_newCclosure  lfunc.o
    0x0800ea42   0x00000040   Code   RO         4820    i.luaF_newLclosure  lfunc.o
    0x0800ea82   0x0000004e   Code   RO         4821    i.luaF_newproto     lfunc.o
    0x0800ead0   0x00000028   Code   RO         4822    i.luaF_newupval     lfunc.o
    0x0800eaf8   0x00000038   Code   RO         4419    i.luaG_aritherror   ldebug.o
    0x0800eb30   0x00000012   Code   RO         4420    i.luaG_checkcode    ldebug.o
    0x0800eb42   0x00000020   Code   RO         4421    i.luaG_checkopenop  ldebug.o
    0x0800eb62   0x00000002   PAD
    0x0800eb64   0x00000020   Code   RO         4422    i.luaG_concaterror  ldebug.o
    0x0800eb84   0x00000068   Code   RO         4423    i.luaG_errormsg     ldebug.o
    0x0800ebec   0x00000074   Code   RO         4424    i.luaG_ordererror   ldebug.o
    0x0800ec60   0x00000068   Code   RO         4425    i.luaG_runerror     ldebug.o
    0x0800ecc8   0x000000a0   Code   RO         4426    i.luaG_typeerror    ldebug.o
    0x0800ed68   0x00000040   Code   RO         6416    i.luaH_free         ltable.o
    0x0800eda8   0x00000074   Code   RO         6417    i.luaH_get          ltable.o
    0x0800ee1c   0x000000a0   Code   RO         6418    i.luaH_getn         ltable.o
    0x0800eebc   0x00000058   Code   RO         6419    i.luaH_getnum       ltable.o
    0x0800ef14   0x00000030   Code   RO         6420    i.luaH_getstr       ltable.o
    0x0800ef44   0x00000050   Code   RO         6421    i.luaH_new          ltable.o
    0x0800ef94   0x0000008a   Code   RO         6422    i.luaH_next         ltable.o
    0x0800f01e   0x00000002   PAD
    0x0800f020   0x00000020   Code   RO         6423    i.luaH_resizearray  ltable.o
    0x0800f040   0x0000007c   Code   RO         6424    i.luaH_set          ltable.o
    0x0800f0bc   0x00000038   Code   RO         6425    i.luaH_setnum       ltable.o
    0x0800f0f4   0x00000030   Code   RO         6426    i.luaH_setstr       ltable.o
    0x0800f124   0x0000004c   Code   RO         3980    i.luaK_checkstack   lcode.o
    0x0800f170   0x00000094   Code   RO         3981    i.luaK_code         lcode.o
    0x0800f204   0x0000001a   Code   RO         3982    i.luaK_codeABC      lcode.o
    0x0800f21e   0x00000010   Code   RO         3983    i.luaK_codeABx      lcode.o
    0x0800f22e   0x00000030   Code   RO         3984    i.luaK_concat       lcode.o
    0x0800f25e   0x00000070   Code   RO         3985    i.luaK_dischargevars  lcode.o
    0x0800f2ce   0x00000086   Code   RO         3986    i.luaK_exp2RK       lcode.o
    0x0800f354   0x00000038   Code   RO         3987    i.luaK_exp2anyreg   lcode.o
    0x0800f38c   0x0000002a   Code   RO         3988    i.luaK_exp2nextreg  lcode.o
    0x0800f3b6   0x00000010   Code   RO         3989    i.luaK_exp2val      lcode.o
    0x0800f3c6   0x00000012   Code   RO         3990    i.luaK_fixline      lcode.o
    0x0800f3d8   0x00000008   Code   RO         3991    i.luaK_getlabel     lcode.o
    0x0800f3e0   0x0000005e   Code   RO         3992    i.luaK_goiftrue     lcode.o
    0x0800f43e   0x00000012   Code   RO         3993    i.luaK_indexed      lcode.o
    0x0800f450   0x000000a0   Code   RO         3994    i.luaK_infix        lcode.o
    0x0800f4f0   0x0000002c   Code   RO         3995    i.luaK_jump         lcode.o
    0x0800f51c   0x0000006c   Code   RO         3996    i.luaK_nil          lcode.o
    0x0800f588   0x00000016   Code   RO         3997    i.luaK_numberK      lcode.o
    0x0800f59e   0x0000001a   Code   RO         3998    i.luaK_patchlist    lcode.o
    0x0800f5b8   0x0000000e   Code   RO         3999    i.luaK_patchtohere  lcode.o
    0x0800f5c6   0x00000106   Code   RO         4000    i.luaK_posfix       lcode.o
    0x0800f6cc   0x00000060   Code   RO         4001    i.luaK_prefix       lcode.o
    0x0800f72c   0x00000012   Code   RO         4002    i.luaK_reserveregs  lcode.o
    0x0800f73e   0x00000012   Code   RO         4003    i.luaK_ret          lcode.o
    0x0800f750   0x00000044   Code   RO         4004    i.luaK_self         lcode.o
    0x0800f794   0x0000004a   Code   RO         4005    i.luaK_setlist      lcode.o
    0x0800f7de   0x0000003c   Code   RO         4006    i.luaK_setoneret    lcode.o
    0x0800f81a   0x0000005a   Code   RO         4007    i.luaK_setreturns   lcode.o
    0x0800f874   0x0000007e   Code   RO         4008    i.luaK_storevar     lcode.o
    0x0800f8f2   0x00000014   Code   RO         4009    i.luaK_stringK      lcode.o
    0x0800f906   0x00000002   PAD
    0x0800f908   0x000000c8   Code   RO         3478    i.luaL_argerror     lauxlib.o
    0x0800f9d0   0x00000040   Code   RO         3480    i.luaL_callmeta     lauxlib.o
    0x0800fa10   0x00000030   Code   RO         3481    i.luaL_checkany     lauxlib.o
    0x0800fa40   0x00000026   Code   RO         3482    i.luaL_checkinteger  lauxlib.o
    0x0800fa66   0x0000001c   Code   RO         3483    i.luaL_checklstring  lauxlib.o
    0x0800fa82   0x00000002   PAD
    0x0800fa84   0x00000064   Code   RO         3485    i.luaL_checkoption  lauxlib.o
    0x0800fae8   0x00000034   Code   RO         3486    i.luaL_checkstack   lauxlib.o
    0x0800fb1c   0x00000020   Code   RO         3487    i.luaL_checktype    lauxlib.o
    0x0800fb3c   0x0000002c   Code   RO         3489    i.luaL_error        lauxlib.o
    0x0800fb68   0x000000b0   Code   RO         3490    i.luaL_findtable    lauxlib.o
    0x0800fc18   0x00000046   Code   RO         3491    i.luaL_getmetafield  lauxlib.o
    0x0800fc5e   0x00000002   PAD
    0x0800fc60   0x00000014   Code   RO         3493    i.luaL_loadbuffer   lauxlib.o
    0x0800fc74   0x00000118   Code   RO         3494    i.luaL_loadfile     lauxlib.o
    0x0800fd8c   0x0000001c   Code   RO         3495    i.luaL_loadstring   lauxlib.o
    0x0800fda8   0x00000020   Code   RO         3497    i.luaL_newstate     lauxlib.o
    0x0800fdc8   0x00000108   Code   RO         3498    i.luaL_openlib      lauxlib.o
    0x0800fed0   0x00000020   Code   RO         3499    i.luaL_optinteger   lauxlib.o
    0x0800fef0   0x00000038   Code   RO         3500    i.luaL_optlstring   lauxlib.o
    0x0800ff28   0x00000006   Code   RO         3505    i.luaL_register     lauxlib.o
    0x0800ff2e   0x00000002   PAD
    0x0800ff30   0x00000044   Code   RO         3506    i.luaL_typerror     lauxlib.o
    0x0800ff74   0x0000004c   Code   RO         3508    i.luaL_where        lauxlib.o
    0x0800ffc0   0x0000005c   Code   RO         5531    i.luaM_growaux_     lmem.o
    0x0801001c   0x0000002e   Code   RO         5532    i.luaM_realloc_     lmem.o
    0x0801004a   0x00000002   PAD
    0x0801004c   0x00000034   Code   RO         5533    i.luaM_toobig       lmem.o
    0x08010080   0x000000a4   Code   RO         5650    i.luaO_chunkid      lobject.o
    0x08010124   0x00000014   Code   RO         5651    i.luaO_fb2int       lobject.o
    0x08010138   0x0000001c   Code   RO         5652    i.luaO_int2fb       lobject.o
    0x08010154   0x0000001c   Code   RO         5653    i.luaO_log2         lobject.o
    0x08010170   0x00000012   Code   RO         5654    i.luaO_pushfstring  lobject.o
    0x08010182   0x00000002   PAD
    0x08010184   0x00000140   Code   RO         5655    i.luaO_pushvfstring  lobject.o
    0x080102c4   0x00000038   Code   RO         5656    i.luaO_rawequalObj  lobject.o
    0x080102fc   0x0000005a   Code   RO         5657    i.luaO_str2d        lobject.o
    0x08010356   0x00000082   Code   RO         6200    i.luaS_newlstr      lstring.o
    0x080103d8   0x00000046   Code   RO         6201    i.luaS_newudata     lstring.o
    0x0801041e   0x00000002   PAD
    0x08010420   0x00000086   Code   RO         6202    i.luaS_resize       lstring.o
    0x080104a6   0x00000020   Code   RO         6616    i.luaT_gettm        ltm.o
    0x080104c6   0x00000002   PAD
    0x080104c8   0x0000003c   Code   RO         6617    i.luaT_gettmbyobj   ltm.o
    0x08010504   0x00000040   Code   RO         6618    i.luaT_init         ltm.o
    0x08010544   0x0000002c   Code   RO         6657    i.luaU_header       lundump.o
    0x08010570   0x00000084   Code   RO         6658    i.luaU_undump       lundump.o
    0x080105f4   0x00000138   Code   RO         6715    i.luaV_concat       lvm.o
    0x0801072c   0x00000072   Code   RO         6716    i.luaV_equalval     lvm.o
    0x0801079e   0x00000002   PAD
    0x080107a0   0x00000ace   Code   RO         6717    i.luaV_execute      lvm.o
    0x0801126e   0x00000002   PAD
    0x08011270   0x000000b8   Code   RO         6718    i.luaV_gettable     lvm.o
    0x08011328   0x00000058   Code   RO         6719    i.luaV_lessthan     lvm.o
    0x08011380   0x000000e0   Code   RO         6720    i.luaV_settable     lvm.o
    0x08011460   0x0000002e   Code   RO         6721    i.luaV_tonumber     lvm.o
    0x0801148e   0x00000002   PAD
    0x08011490   0x00000044   Code   RO         6722    i.luaV_tostring     lvm.o
    0x080114d4   0x00000034   Code   RO         5258    i.luaX_init         llex.o
    0x08011508   0x00000088   Code   RO         5259    i.luaX_lexerror     llex.o
    0x08011590   0x00000010   Code   RO         5260    i.luaX_lookahead    llex.o
    0x080115a0   0x00000028   Code   RO         5261    i.luaX_newstring    llex.o
    0x080115c8   0x00000030   Code   RO         5262    i.luaX_next         llex.o
    0x080115f8   0x00000058   Code   RO         5263    i.luaX_setinput     llex.o
    0x08011650   0x00000006   Code   RO         5264    i.luaX_syntaxerror  llex.o
    0x08011656   0x00000002   PAD
    0x08011658   0x00000050   Code   RO         5265    i.luaX_token2str    llex.o
    0x080116a8   0x0000005e   Code   RO         5872    i.luaY_parser       lparser.o
    0x08011706   0x00000026   Code   RO         6826    i.luaZ_fill         lzio.o
    0x0801172c   0x0000000e   Code   RO         6827    i.luaZ_init         lzio.o
    0x0801173a   0x0000002c   Code   RO         6828    i.luaZ_lookahead    lzio.o
    0x08011766   0x00000032   Code   RO         6829    i.luaZ_openspace    lzio.o
    0x08011798   0x00000046   Code   RO         6830    i.luaZ_read         lzio.o
    0x080117de   0x00000008   Code   RO         2963    i.lua_atpanic       lapi.o
    0x080117e6   0x00000026   Code   RO         2964    i.lua_call          lapi.o
    0x0801180c   0x0000004c   Code   RO         2965    i.lua_checkstack    lapi.o
    0x08011858   0x00000058   Code   RO         2966    i.lua_concat        lapi.o
    0x080118b0   0x00000036   Code   RO         2968    i.lua_createtable   lapi.o
    0x080118e6   0x0000000a   Code   RO         2971    i.lua_error         lapi.o
    0x080118f0   0x0000007a   Code   RO         2972    i.lua_gc            lapi.o
    0x0801196a   0x00000042   Code   RO         2974    i.lua_getfenv       lapi.o
    0x080119ac   0x00000036   Code   RO         2975    i.lua_getfield      lapi.o
    0x080119e2   0x00000086   Code   RO         4430    i.lua_getinfo       ldebug.o
    0x08011a68   0x00000038   Code   RO         2976    i.lua_getmetatable  lapi.o
    0x08011aa0   0x0000004a   Code   RO         4432    i.lua_getstack      ldebug.o
    0x08011aea   0x0000000a   Code   RO         2978    i.lua_gettop        lapi.o
    0x08011af4   0x00000032   Code   RO         2980    i.lua_insert        lapi.o
    0x08011b26   0x0000001a   Code   RO         2981    i.lua_iscfunction   lapi.o
    0x08011b40   0x0000001c   Code   RO         2982    i.lua_isnumber      lapi.o
    0x08011b5c   0x00000016   Code   RO         2983    i.lua_isstring      lapi.o
    0x08011b72   0x00000002   PAD
    0x08011b74   0x00000028   Code   RO         2986    i.lua_load          lapi.o
    0x08011b9c   0x000000b0   Code   RO         6143    i.lua_newstate      lstate.o
    0x08011c4c   0x0000002a   Code   RO         2987    i.lua_newthread     lapi.o
    0x08011c76   0x00000038   Code   RO         2988    i.lua_newuserdata   lapi.o
    0x08011cae   0x00000022   Code   RO         2989    i.lua_next          lapi.o
    0x08011cd0   0x00000042   Code   RO         2990    i.lua_objlen        lapi.o
    0x08011d12   0x00000002   PAD
    0x08011d14   0x0000004c   Code   RO         2991    i.lua_pcall         lapi.o
    0x08011d60   0x00000014   Code   RO         2992    i.lua_pushboolean   lapi.o
    0x08011d74   0x0000005c   Code   RO         2993    i.lua_pushcclosure  lapi.o
    0x08011dd0   0x00000026   Code   RO         2994    i.lua_pushfstring   lapi.o
    0x08011df6   0x0000001c   Code   RO         2995    i.lua_pushinteger   lapi.o
    0x08011e12   0x00000036   Code   RO         2997    i.lua_pushlstring   lapi.o
    0x08011e48   0x0000000e   Code   RO         2998    i.lua_pushnil       lapi.o
    0x08011e56   0x00000012   Code   RO         2999    i.lua_pushnumber    lapi.o
    0x08011e68   0x00000024   Code   RO         3000    i.lua_pushstring    lapi.o
    0x08011e8c   0x0000001e   Code   RO         3001    i.lua_pushthread    lapi.o
    0x08011eaa   0x0000001e   Code   RO         3002    i.lua_pushvalue     lapi.o
    0x08011ec8   0x00000026   Code   RO         3003    i.lua_pushvfstring  lapi.o
    0x08011eee   0x00000002   PAD
    0x08011ef0   0x00000034   Code   RO         3004    i.lua_rawequal      lapi.o
    0x08011f24   0x00000022   Code   RO         3005    i.lua_rawget        lapi.o
    0x08011f46   0x00000028   Code   RO         3006    i.lua_rawgeti       lapi.o
    0x08011f6e   0x00000052   Code   RO         3007    i.lua_rawset        lapi.o
    0x08011fc0   0x0000002c   Code   RO         3009    i.lua_remove        lapi.o
    0x08011fec   0x000000b0   Code   RO         3010    i.lua_replace       lapi.o
    0x0801209c   0x000000a4   Code   RO         4621    i.lua_resume        ldo.o
    0x08012140   0x0000005a   Code   RO         3012    i.lua_setfenv       lapi.o
    0x0801219a   0x00000038   Code   RO         3013    i.lua_setfield      lapi.o
    0x080121d2   0x00000006   Code   RO         3014    i.lua_setlevel      lapi.o
    0x080121d8   0x0000006e   Code   RO         3015    i.lua_setmetatable  lapi.o
    0x08012246   0x00000020   Code   RO         3016    i.lua_settable      lapi.o
    0x08012266   0x00000034   Code   RO         3017    i.lua_settop        lapi.o
    0x0801229a   0x00000004   Code   RO         3019    i.lua_status        lapi.o
    0x0801229e   0x0000001a   Code   RO         3020    i.lua_toboolean     lapi.o
    0x080122b8   0x0000002a   Code   RO         3022    i.lua_tointeger     lapi.o
    0x080122e2   0x0000004e   Code   RO         3023    i.lua_tolstring     lapi.o
    0x08012330   0x00000024   Code   RO         3024    i.lua_tonumber      lapi.o
    0x08012354   0x00000032   Code   RO         3025    i.lua_topointer     lapi.o
    0x08012386   0x00000014   Code   RO         3026    i.lua_tothread      lapi.o
    0x0801239a   0x0000001e   Code   RO         3027    i.lua_touserdata    lapi.o
    0x080123b8   0x0000001c   Code   RO         3028    i.lua_type          lapi.o
    0x080123d4   0x00000020   Code   RO         3029    i.lua_typename      lapi.o
    0x080123f4   0x00000034   Code   RO         3030    i.lua_xmove         lapi.o
    0x08012428   0x0000005c   Code   RO         4622    i.lua_yield         ldo.o
    0x08012484   0x00000028   Code   RO         3779    i.luaopen_base      lbaselib.o
    0x080124ac   0x00000148   Code   RO           15    i.main              main.o
    0x080125f4   0x0000004a   Code   RO         6427    i.mainposition      ltable.o
    0x0801263e   0x00000002   PAD
    0x08012640   0x00000026   Code   RO         4898    i.markmt            lgc.o
    0x08012666   0x00000054   Code   RO         4899    i.markroot          lgc.o
    0x080126ba   0x00000002   PAD
    0x080126bc   0x00000012   Code   RO         2331    i.mem_cpy           ff.o
    0x080126ce   0x0000000e   Code   RO         2332    i.mem_set           ff.o
    0x080126dc   0x00000038   Code   RO         2889    i.mmc_close         mmcfs.o
    0x08012714   0x00000018   Code   RO         2890    i.mmc_file_len      mmcfs.o
    0x0801272c   0x00000040   Code   RO         2891    i.mmc_lseek         mmcfs.o
    0x0801276c   0x000000c4   Code   RO         2892    i.mmc_open          mmcfs.o
    0x08012830   0x00000024   Code   RO         2893    i.mmc_read          mmcfs.o
    0x08012854   0x00000024   Code   RO         2894    i.mmc_write         mmcfs.o
    0x08012878   0x00000024   Code   RO         2895    i.mmcfs_find_empty_fd  mmcfs.o
    0x0801289c   0x0000006a   Code   RO         2333    i.move_window       ff.o
    0x08012906   0x0000002e   Code   RO         4010    i.need_value        lcode.o
    0x08012934   0x0000004c   Code   RO         5873    i.new_localvar      lparser.o
    0x08012980   0x000000bc   Code   RO         6428    i.newkey            ltable.o
    0x08012a3c   0x00000090   Code   RO         6203    i.newlstr           lstring.o
    0x08012acc   0x0000008e   Code   RO         5874    i.open_func         lparser.o
    0x08012b5a   0x00000002   PAD
    0x08012b5c   0x00000050   Code   RO         3509    i.panic             lauxlib.o
    0x08012bac   0x000000c0   Code   RO         5875    i.parlist           lparser.o
    0x08012c6c   0x0000003e   Code   RO         4011    i.patchlistaux      lcode.o
    0x08012caa   0x0000003c   Code   RO         4012    i.patchtestreg      lcode.o
    0x08012ce6   0x00000002   PAD
    0x08012ce8   0x000009b8   Code   RO         7409    i.pow               m_ws.l(pow.o)
    0x080136a0   0x00000030   Code   RO         6144    i.preinit_state     lstate.o
    0x080136d0   0x000000d8   Code   RO         5876    i.primaryexp        lparser.o
    0x080137a8   0x0000001a   Code   RO         4900    i.propagateall      lgc.o
    0x080137c2   0x000000c0   Code   RO         4901    i.propagatemark     lgc.o
    0x08013882   0x00000002   PAD
    0x08013884   0x000000d8   Code   RO         5877    i.pushclosure       lparser.o
    0x0801395c   0x00000038   Code   RO         5658    i.pushstr           lobject.o
    0x08013994   0x000000fa   Code   RO         2334    i.put_fat           ff.o
    0x08013a8e   0x00000002   PAD
    0x08013a90   0x000001b4   Code   RO         5266    i.read_long_string  llex.o
    0x08013c44   0x00000114   Code   RO         5267    i.read_numeral      llex.o
    0x08013d58   0x000001fc   Code   RO         5268    i.read_string       llex.o
    0x08013f54   0x00000088   Code   RO         4902    i.reallymarkobject  lgc.o
    0x08013fdc   0x00000098   Code   RO         5878    i.recfield          lparser.o
    0x08014074   0x00000094   Code   RO         5879    i.registerlocalvar  lparser.o
    0x08014108   0x000000ec   Code   RO         6429    i.rehash            ltable.o
    0x080141f4   0x00000004   Code   RO         2799    i.remove            retarget.o
    0x080141f8   0x00000062   Code   RO         2335    i.remove_chain      ff.o
    0x0801425a   0x0000000c   Code   RO         4903    i.removeentry       lgc.o
    0x08014266   0x00000022   Code   RO         4013    i.removevalues      lcode.o
    0x08014288   0x00000032   Code   RO         5880    i.removevars        lparser.o
    0x080142ba   0x00000002   PAD
    0x080142bc   0x0000008c   Code   RO         5881    i.repeatstat        lparser.o
    0x08014348   0x000000d4   Code   RO         6430    i.resize            ltable.o
    0x0801441c   0x00000022   Code   RO         4623    i.restore_stack_limit  ldo.o
    0x0801443e   0x00000054   Code   RO         4624    i.resume            ldo.o
    0x08014492   0x0000003e   Code   RO         4625    i.resume_error      ldo.o
    0x080144d0   0x00000094   Code   RO         5882    i.retstat           lparser.o
    0x08014564   0x00000074   Code   RO         5269    i.save              llex.o
    0x080145d8   0x0000003e   Code   RO         6431    i.setarrayvector    ltable.o
    0x08014616   0x00000002   PAD
    0x08014618   0x00000084   Code   RO         6432    i.setnodevector     ltable.o
    0x0801469c   0x00000108   Code   RO         5883    i.simpleexp         lparser.o
    0x080147a4   0x000000fe   Code   RO         4904    i.singlestep        lgc.o
    0x080148a2   0x0000002a   Code   RO         5884    i.singlevar         lparser.o
    0x080148cc   0x00000092   Code   RO         5885    i.singlevaraux      lparser.o
    0x0801495e   0x0000006a   Code   RO         5270    i.skip_sep          llex.o
    0x080149c8   0x0000004c   Code   RO         7437    i.sqrt              m_ws.l(sqrt.o)
    0x08014a14   0x00000010   Code   RO         2336    i.st_clust          ff.o
    0x08014a24   0x0000005e   Code   RO         6145    i.stack_init        lstate.o
    0x08014a82   0x00000200   Code   RO         5886    i.statement         lparser.o
    0x08014c82   0x00000018   Code   RO         5887    i.str_checkname     lparser.o
    0x08014c9a   0x0000001c   Code   RO         7445    i.strtod            m_ws.l(strtod.o)
    0x08014cb6   0x00000002   PAD
    0x08014cb8   0x000000a8   Code   RO         5888    i.subexpr           lparser.o
    0x08014d60   0x0000006c   Code   RO         4905    i.sweeplist         lgc.o
    0x08014dcc   0x00000344   Code   RO         4435    i.symbexec          ldebug.o
    0x08015110   0x000000b8   Code   RO         2337    i.sync              ff.o
    0x080151c8   0x0000001a   Code   RO         3510    i.tag_error         lauxlib.o
    0x080151e2   0x00000024   Code   RO         5889    i.test_then_block   lparser.o
    0x08015206   0x00000014   Code   RO         5890    i.testnext          lparser.o
    0x0801521a   0x00000070   Code   RO         6723    i.traceexec         lvm.o
    0x0801528a   0x0000006c   Code   RO         4906    i.traverseclosure   lgc.o
    0x080152f6   0x00000002   PAD
    0x080152f8   0x000000a4   Code   RO         4907    i.traverseproto     lgc.o
    0x0801539c   0x000000b0   Code   RO         4908    i.traversestack     lgc.o
    0x0801544c   0x0000011a   Code   RO         4909    i.traversetable     lgc.o
    0x08015566   0x00000002   PAD
    0x08015568   0x00000074   Code   RO         4626    i.tryfuncTM         ldo.o
    0x080155dc   0x0000000e   Code   RO         4823    i.unlinkupval       lfunc.o
    0x080155ea   0x00000024   Code   RO         2338    i.validate          ff.o
    0x0801560e   0x00000026   Code   RO         5891    i.yindex            lparser.o
    0x08015634   0x0000002c   Code   RO         7568    locale$$code        c_w.l(lc_ctype_c.o)
    0x08015660   0x0000002c   Code   RO         7571    locale$$code        c_w.l(lc_collate_c.o)
    0x0801568c   0x0000002c   Code   RO         7786    locale$$code        c_w.l(lc_monetary_c.o)
    0x080156b8   0x0000002c   Code   RO         7789    locale$$code        c_w.l(lc_numeric_c.o)
    0x080156e4   0x00000062   Code   RO         7903    x$fpl$d2f           fz_ws.l(d2f.o)
    0x08015746   0x00000002   PAD
    0x08015748   0x00000150   Code   RO         7238    x$fpl$dadd          fz_ws.l(daddsub_clz.o)
    0x08015898   0x00000010   Code   RO         7630    x$fpl$dcheck1       fz_ws.l(dcheck1.o)
    0x080158a8   0x00000018   Code   RO         7632    x$fpl$dcmpinf       fz_ws.l(dcmpi.o)
    0x080158c0   0x000002b0   Code   RO         7245    x$fpl$ddiv          fz_ws.l(ddiv.o)
    0x08015b70   0x00000078   Code   RO         7248    x$fpl$deqf          fz_ws.l(deqf.o)
    0x08015be8   0x0000005e   Code   RO         7250    x$fpl$dfix          fz_ws.l(dfix.o)
    0x08015c46   0x00000002   PAD
    0x08015c48   0x0000005a   Code   RO         7254    x$fpl$dfixu         fz_ws.l(dfixu.o)
    0x08015ca2   0x0000002e   Code   RO         7259    x$fpl$dflt          fz_ws.l(dflt_clz.o)
    0x08015cd0   0x00000026   Code   RO         7258    x$fpl$dfltu         fz_ws.l(dflt_clz.o)
    0x08015cf6   0x00000002   PAD
    0x08015cf8   0x00000078   Code   RO         7264    x$fpl$dleqf         fz_ws.l(dleqf.o)
    0x08015d70   0x00000154   Code   RO         7266    x$fpl$dmul          fz_ws.l(dmul.o)
    0x08015ec4   0x0000009c   Code   RO         7634    x$fpl$dnaninf       fz_ws.l(dnaninf.o)
    0x08015f60   0x0000000c   Code   RO         7638    x$fpl$dretinf       fz_ws.l(dretinf.o)
    0x08015f6c   0x0000006c   Code   RO         7268    x$fpl$drleqf        fz_ws.l(drleqf.o)
    0x08015fd8   0x00000016   Code   RO         7239    x$fpl$drsb          fz_ws.l(daddsub_clz.o)
    0x08015fee   0x00000002   PAD
    0x08015ff0   0x000001cc   Code   RO         7640    x$fpl$dsqrt         fz_ws.l(dsqrt_noumaal.o)
    0x080161bc   0x000001d4   Code   RO         7240    x$fpl$dsub          fz_ws.l(daddsub_clz.o)
    0x08016390   0x0000000a   Code   RO         7919    x$fpl$fretinf       fz_ws.l(fretinf.o)
    0x0801639a   0x00000004   Code   RO         7270    x$fpl$printf1       fz_ws.l(printf1.o)
    0x0801639e   0x00000064   Code   RO         7830    x$fpl$retnan        fz_ws.l(retnan.o)
    0x08016402   0x0000005c   Code   RO         7278    x$fpl$scalbn        fz_ws.l(scalbn.o)
    0x0801645e   0x00000004   Code   RO         7280    x$fpl$scanf1        fz_ws.l(scanf1.o)
    0x08016462   0x00000008   Code   RO         7832    x$fpl$scanf2        fz_ws.l(scanf2.o)
    0x0801646a   0x00000030   Code   RO         7905    x$fpl$trapveneer    fz_ws.l(trapv.o)
    0x0801649a   0x00000000   Code   RO         7644    x$fpl$usenofp       fz_ws.l(usenofp.o)
    0x0801649a   0x00000002   PAD
    0x0801649c   0x00000038   Data   RO           17    .constdata          main.o
    0x080164d4   0x000019a0   Data   RO          411    .constdata          lcd.o
    0x08017e74   0x00000096   Data   RO         2800    .constdata          retarget.o
    0x08017f0a   0x00000096   Data   RO         2801    .constdata          retarget.o
    0x08017fa0   0x00000096   Data   RO         2802    .constdata          retarget.o
    0x08018036   0x00000002   PAD
    0x08018038   0x0000014c   Data   RO         3780    .constdata          lbaselib.o
    0x08018184   0x00000080   Data   RO         5271    .constdata          llex.o
    0x08018204   0x00000004   PAD
    0x08018208   0x00000010   Data   RO         5659    .constdata          lobject.o
    0x08018218   0x00000100   Data   RO         5660    .constdata          lobject.o
    0x08018318   0x00000026   Data   RO         5732    .constdata          lopcodes.o
    0x0801833e   0x0000001e   Data   RO         5892    .constdata          lparser.o
    0x0801835c   0x00000004   PAD
    0x08018360   0x00000020   Data   RO         6433    .constdata          ltable.o
    0x08018380   0x0000002c   Data   RO         6619    .constdata          ltm.o
    0x080183ac   0x00000044   Data   RO         6620    .constdata          ltm.o
    0x080183f0   0x00000028   Data   RO         7067    .constdata          c_w.l(_printf_hex_int_ll_ptr.o)
    0x08018418   0x00000011   Data   RO         7087    .constdata          c_w.l(__printf_flags_ss_wp.o)
    0x08018429   0x00000007   PAD
    0x08018430   0x00000088   Data   RO         7410    .constdata          m_ws.l(pow.o)
    0x080184b8   0x00000008   Data   RO         7672    .constdata          m_ws.l(qnan.o)
    0x080184c0   0x00000094   Data   RO         7752    .constdata          c_w.l(bigflt0.o)
    0x08018554   0x0000001a   Data   RO           19    .conststring        main.o
    0x0801856e   0x00000002   PAD
    0x08018570   0x0000000f   Data   RO           20    .conststring        main.o
    0x0801857f   0x00000001   PAD
    0x08018580   0x00000017   Data   RO           21    .conststring        main.o
    0x08018597   0x00000001   PAD
    0x08018598   0x00000011   Data   RO           22    .conststring        main.o
    0x080185a9   0x00000003   PAD
    0x080185ac   0x00000178   Data   RO         3781    .conststring        lbaselib.o
    0x08018724   0x000000c4   Data   RO         5272    .conststring        llex.o
    0x080187e8   0x00000043   Data   RO         6621    .conststring        ltm.o
    0x0801882b   0x00000001   PAD
    0x0801882c   0x0000008f   Data   RO         6622    .conststring        ltm.o
    0x080188bb   0x00000001   PAD
    0x080188bc   0x00000020   Data   RO         7935    Region$$Table       anon$$obj.o
    0x080188dc   0x00000008   Data   RO         7825    c$$dinf             fz_ws.l(fpconst.o)
    0x080188e4   0x00000110   Data   RO         7567    locale$$data        c_w.l(lc_ctype_c.o)
    0x080189f4   0x00000010   Data   RO         7570    locale$$data        c_w.l(lc_collate_c.o)
    0x08018a04   0x00000038   Data   RO         7785    locale$$data        c_w.l(lc_monetary_c.o)
    0x08018a3c   0x0000001c   Data   RO         7788    locale$$data        c_w.l(lc_numeric_c.o)


    Execution Region RW_IRAM1 (Base: 0x20000000, Size: 0x0000b5c8, Max: 0x00030000, ABSOLUTE, COMPRESSED[0x0000006c])

    Base Addr    Size         Type   Attr      Idx    E Section Name        Object

    0x20000000   0x00000050   Data   RW           24    .data               main.o
    0x20000050   0x00000028   Data   RW           25    .data               main.o
    0x20000078   0x00000028   Data   RW           26    .data               main.o
    0x200000a0   0x0000002c   Data   RW           28    .data               main.o
    0x200000cc   0x00000018   Data   RW           29    .data               main.o
    0x200000e4   0x00000018   Data   RW           30    .data               main.o
    0x200000fc   0x00000014   Data   RW          351    .data               system_stm32f10x.o
    0x20000110   0x00000004   Data   RW          412    .data               lcd.o
    0x20000114   0x00000001   Data   RW          597    .data               key.o
    0x20000115   0x00000001   PAD
    0x20000116   0x00000004   Data   RW          646    .data               delay.o
    0x2000011a   0x00000002   PAD
    0x2000011c   0x00000008   Data   RW         2339    .data               ff.o
    0x20000124   0x00000002   Data   RW         2534    .data               diskio.o
    0x20000126   0x00000002   PAD
    0x20000128   0x00000010   Data   RW         2622    .data               platform_mmc.o
    0x20000138   0x00000004   Data   RW         2898    .data               mmcfs.o
    0x2000013c   0x00000004   Data   RW         7145    .data               c_w.l(stdio_streams.o)
    0x20000140   0x00000004   Data   RW         7146    .data               c_w.l(stdio_streams.o)
    0x20000144   0x00000004   Data   RW         7147    .data               c_w.l(stdio_streams.o)
    0x20000148   0x00001230   Zero   RW           16    .bss                main.o
    0x20001378   0x0000000e   Zero   RW          410    .bss                lcd.o
    0x20001386   0x00000002   PAD
    0x20001388   0x000002c0   Zero   RW         2621    .bss                platform_mmc.o
    0x20001648   0x00000d0c   Zero   RW         2897    .bss                mmcfs.o
    0x20002354   0x00000054   Zero   RW         7142    .bss                c_w.l(stdio_streams.o)
    0x200023a8   0x00000054   Zero   RW         7143    .bss                c_w.l(stdio_streams.o)
    0x200023fc   0x00000054   Zero   RW         7144    .bss                c_w.l(stdio_streams.o)
    0x20002450   0x00000030   Zero   RW         7178    .bss                c_w.l(localeconv.o)
    0x20002480   0x000000e4   Zero   RW         7182    .bss                c_w.l(rand.o)
    0x20002564   0x00000060   Zero   RW         7465    .bss                c_w.l(libspace.o)
    0x200025c4   0x00000004   PAD
    0x200025c8   0x00008000   Zero   RW          709    HEAP                startup_stm32f10x_hd.o
    0x2000a5c8   0x00001000   Zero   RW          708    STACK               startup_stm32f10x_hd.o


==============================================================================

Image component sizes


      Code (inc. data)   RO Data    RW Data    ZI Data      Debug   Object Name

       172         24          0          4          0       1607   delay.o
       252         12          0          2          0       4101   diskio.o
      4176         42          0          8          0      25332   ff.o
       284         22          0          1          0       1190   key.o
      2742         98          0          0          0      48110   lapi.o
      2004        398          0          0          0      24157   lauxlib.o
      3932        880        708          0          0      23615   lbaselib.o
     13918        160       6560          4         14      52580   lcd.o
      3724        238          0          0          0      51823   lcode.o
      2634        338          0          0          0      32795   ldebug.o
      2436        236          0          0          0      29433   ldo.o
       680          0          0          0          0       6693   lfunc.o
      2634         26          0          0          0      17270   lgc.o
      3098        322        324          0          0      15936   llex.o
       190         40          0          0          0       2318   lmem.o
       780         54        272          0          0      19704   lobject.o
         0          0         38          0          0        628   lopcodes.o
      6716        702         30          0          0      42224   lparser.o
       682         26          0          0          0       4770   lstate.o
       478          4          0          0          0       3441   lstring.o
      2140        156         32          0          0      16376   ltable.o
       156         12        322          0          0       3020   ltm.o
      1222        154          0          0          0       7188   lundump.o
      4812        272          0          0          0      33699   lvm.o
       216          0          0          0          0       3270   lzio.o
      1646        178        137        252       4656     266006   main.o
       124          6          0          0          0       1430   misc.o
       448         72          0          4       3340       5335   mmcfs.o
      5748        262          0         16        704      32198   platform_mmc.o
        46          0        450          0          0       6534   retarget.o
        64         26        304          0      36864        780   startup_stm32f10x_hd.o
       308         10          0          0          0       3414   stm32f10x_dma.o
       232          6          0          0          0       1765   stm32f10x_fsmc.o
       176          0          0          0          0       2428   stm32f10x_gpio.o
        18          0          0          0          0       3462   stm32f10x_it.o
        48         12          0          0          0       1077   stm32f10x_rcc.o
       284         66          0          0          0       7578   stm32f10x_sdio.o
         8          0          0          0          0        813   sys.o
       248         24          0         20          0       1629   system_stm32f10x.o

    ----------------------------------------------------------------------
     69586       4878       9228        316      45580     805729   Object Totals
         0          0         32          0          0          0   (incl. Generated)
       110          0         19          5          2          0   (incl. Padding)

    ----------------------------------------------------------------------

      Code (inc. data)   RO Data    RW Data    ZI Data      Debug   Library Member Name

        20          0          0          0          0         84   __2fprintf.o
        44          6          0          0          0         84   __2sprintf.o
        90          0          0          0          0          0   __dczerorl2.o
        78          0          0          0          0        112   __dup.o
         8          0          0          0          0         68   __main.o
       392          4         17          0          0         92   __printf_flags_ss_wp.o
        14          0          0          0          0         68   __printf_wp.o
         0          0          0          0          0          0   __rtentry.o
        12          0          0          0          0          0   __rtentry2.o
         6          0          0          0          0          0   __rtentry4.o
        52          8          0          0          0          0   __scatter.o
        28          0          0          0          0          0   __scatter_zi.o
        28          0          0          0          0         68   _chval.o
       264          0          0          0          0         96   _get_argv.o
       114          0          0          0          0         76   _lconv.o
       320         14          0          0          0        152   _main_redirect.o
        44          0          0          0          0        108   _printf_char.o
        48          6          0          0          0         96   _printf_char_common.o
        36          4          0          0          0         80   _printf_char_file.o
      1050          0          0          0          0        216   _printf_fp_dec.o
       128         16          0          0          0         84   _printf_fp_infnan.o
         6          0          0          0          0          0   _printf_g.o
       148          4         40          0          0        160   _printf_hex_int_ll_ptr.o
       178          0          0          0          0         88   _printf_intcommon.o
         6          0          0          0          0          0   _printf_p.o
         0          0          0          0          0          0   _printf_percent.o
         4          0          0          0          0          0   _printf_percent_end.o
         6          0          0          0          0          0   _printf_s.o
        82          0          0          0          0         80   _printf_str.o
        22          0          0          0          0        100   _rserrno.o
        64          0          0          0          0         84   _sgetc.o
        10          0          0          0          0         68   _sputc.o
       158          0          0          0          0         92   _strtoul.o
         4          0          0          0          0         68   argv_veneer.o
       220          4        148          0          0         96   bigflt0.o
      2074        132          0          0          0        940   btod.o
        10          0          0          0          0         68   defsig_exit.o
        50          0          0          0          0         88   defsig_general.o
        80         58          0          0          0         76   defsig_rtmem_inner.o
        14          0          0          0          0         80   defsig_rtmem_outer.o
        52         38          0          0          0         76   defsig_rtred_inner.o
        14          0          0          0          0         80   defsig_rtred_outer.o
        12          0          0          0          0         72   exit.o
       102          0          0          0          0         96   fclose_tmpfile.o
         8          0          0          0          0         68   feof.o
         8          0          0          0          0         68   ferror.o
       100          4          0          0          0        120   fflush.o
        24          0          0          0          0         68   fgetc.o
       570          0          0          0          0        132   filbuf.o
       470          0          0          0          0         88   flsbuf.o
        56          6          0          0          0         80   flushlinebuffered.o
       236          4          0          0          0        128   fopen.o
        26          0          0          0          0         68   fputc.o
        34          0          0          0          0         80   fputs.o
       280          0          0          0          0         96   freadfast.o
       248          6          0          0          0         84   fseek.o
        66          0          0          0          0         76   ftell.o
         4          0          0          0          0         68   getc.o
        94          0          0          0          0         80   h1_alloc.o
        52          0          0          0          0         68   h1_extend.o
        78          0          0          0          0         80   h1_free.o
        14          0          0          0          0         84   h1_init.o
       184          0          0          0          0         92   h1_realloc.o
         6          0          0          0          0        152   heapauxi.o
         4          0          0          0          0        136   hguard.o
         4          0          0          0          0        136   hrguard.o
       138          0          0          0          0        168   init_alloc.o
       312         46          0          0          0        112   initio.o
        18          0          0          0          0         76   isspace.o
        44         10         16          0          0         76   lc_collate_c.o
        44         10        272          0          0         76   lc_ctype_c.o
        44         10         56          0          0         76   lc_monetary_c.o
        44         10         28          0          0         76   lc_numeric_c.o
         2          0          0          0          0          0   libinit.o
        74          0          0          0          0          0   libinit2.o
         2          0          0          0          0          0   libshutdown.o
         6          0          0          0          0          0   libshutdown2.o
         8          4          0          0         96         68   libspace.o
        72          0          0          0          0         76   llsdiv.o
        38          0          0          0          0         68   llshl.o
       138          0          0          0          0         80   lludiv10.o
       238          0          0          0          0        100   lludivv7m.o
        16          4          0          0         48         76   localeconv.o
         0          0          0          0          0          0   maybetermalloc1.o
        88          0          0          0          0         76   memcmp.o
       112         18          0          0        228        160   rand.o
        16          4          0          0          0         76   rt_ctype_table.o
         8          4          0          0          0         68   rt_errno_addr_intlibspace.o
         8          4          0          0          0         68   rt_heap_descriptor_intlibspace.o
         8          4          0          0          0         68   rt_locale_intlibspace.o
        68          0          0          0          0         68   rt_memclr.o
        78          0          0          0          0         80   rt_memclr_w.o
       138          0          0          0          0         68   rt_memcpy_v6.o
       100          0          0          0          0         80   rt_memcpy_w.o
         2          0          0          0          0          0   rtexit.o
        10          0          0          0          0          0   rtexit2.o
      1188         12          0          0          0        148   scanf_fp.o
       792         14          0          0          0        100   scanf_hexfp.o
       308         16          0          0          0        100   scanf_infnan.o
        70          0          0          0          0         80   setvbuf.o
       240          6          0          0          0        156   stdio.o
         0          0          0         12        252          0   stdio_streams.o
        24          0          0          0          0         68   strcat.o
        20          0          0          0          0         68   strchr.o
       128          0          0          0          0         68   strcmpv7m.o
        52          0          0          0          0         88   strcoll.o
        72          0          0          0          0         80   strcpy.o
        32          0          0          0          0         80   strcspn.o
       264        228          0          0          0         68   strerror.o
        62          0          0          0          0         76   strlen.o
        36          0          0          0          0         76   strncat.o
        86          0          0          0          0         76   strncpy.o
       160         12          0          0          0        120   strtod.o
       114          0          0          0          0         92   strtoul.o
        74          0          0          0          0         80   sys_stackheap_outer.o
        72         12          0          0          0         68   ungetc.o
         2          0          0          0          0         68   use_no_semi.o
        98          4          0          0          0         92   d2f.o
       826         16          0          0          0        348   daddsub_clz.o
        16          4          0          0          0         68   dcheck1.o
        24          0          0          0          0         68   dcmpi.o
       688        140          0          0          0        208   ddiv.o
       120          4          0          0          0         92   deqf.o
        94          4          0          0          0         92   dfix.o
        90          4          0          0          0         92   dfixu.o
        84          0          0          0          0        136   dflt_clz.o
       120          4          0          0          0         92   dleqf.o
       340         12          0          0          0        104   dmul.o
       156          4          0          0          0         92   dnaninf.o
        12          0          0          0          0         68   dretinf.o
       108          0          0          0          0         80   drleqf.o
       460         56          0          0          0        120   dsqrt_noumaal.o
         0          0          8          0          0          0   fpconst.o
        10          0          0          0          0         68   fretinf.o
         4          0          0          0          0         68   printf1.o
       100          0          0          0          0         68   retnan.o
        92          0          0          0          0         68   scalbn.o
         4          0          0          0          0         68   scanf1.o
         8          0          0          0          0         84   scanf2.o
        62          0          0          0          0         96   setjmp.o
        48          0          0          0          0         68   trapv.o
         0          0          0          0          0          0   usenofp.o
        62         10          0          0          0        340   dunder.o
       220         16          0          0          0         84   floor.o
        40          0          0          0          0         68   fpclassify.o
        88          8          0          0          0         76   frexp.o
       138          0          0          0          0        160   ldexp.o
       152          4          0          0          0        168   narrow.o
       170          0          0          0          0         96   poly.o
      2488        190        136          0          0        300   pow.o
         0          0          8          0          0          0   qnan.o
        76          0          0          0          0         84   sqrt.o
        28          0          0          0          0         80   strtod.o

    ----------------------------------------------------------------------
     21402       1224        736         12        628      13444   Library Totals
        48          2          7          0          4          0   (incl. Padding)

    ----------------------------------------------------------------------

      Code (inc. data)   RO Data    RW Data    ZI Data      Debug   Library Name

     14328        742        577         12        624       9648   c_w.l
      3564        252          8          0          0       2340   fz_ws.l
      3462        228        144          0          0       1456   m_ws.l

    ----------------------------------------------------------------------
     21402       1224        736         12        628      13444   Library Totals

    ----------------------------------------------------------------------

==============================================================================


      Code (inc. data)   RO Data    RW Data    ZI Data      Debug   

     90988       6102       9964        328      46208     782457   Grand Totals
     90988       6102       9964        108      46208     782457   ELF Image Totals (compressed)
     90988       6102       9964        108          0          0   ROM Totals

==============================================================================

    Total RO  Size (Code + RO Data)               100952 (  98.59kB)
    Total RW  Size (RW Data + ZI Data)             46536 (  45.45kB)
    Total ROM Size (Code + RO Data + RW Data)     101060 (  98.69kB)

==============================================================================

