<!doctype html public "-//w3c//dtd html 4.0 transitional//en">
<html><head>
<title>Static Call Graph - [..\OBJ\LED.axf]</title></head>
<body><HR>
<H1>Static Call Graph for image ..\OBJ\LED.axf</H1><HR>
<BR><P>#&#060CALLGRAPH&#062# ARM Linker, 5050169: Last Updated: Sun Sep 30 10:26:55 2018
<BR><P>
<H3>Maximum Stack Usage =       2832 bytes + Unknown(Cycles, Untraceable Function Pointers)</H3><H3>
Call chain for Maximum Stack Depth:</H3>
f_parser &rArr; luaY_parser &rArr; mainfunc &rArr; statlist &rArr; statement &rArr; forstat &rArr; fornum &rArr; exp1 &rArr; expr &rArr; subexpr &rArr;  subexpr (Cycle)
<P>
<H3>
Mutually Recursive functions
</H3> <LI><a href="#[2f]">ADC1_2_IRQHandler</a>&nbsp;&nbsp;&nbsp;&rArr;&nbsp;&nbsp;&nbsp;<a href="#[2f]">ADC1_2_IRQHandler</a><BR>
 <LI><a href="#[24b]">sweepstep</a>&nbsp;&nbsp;&nbsp;&rArr;&nbsp;&nbsp;&nbsp;<a href="#[159]">sweeplist</a><BR>
 <LI><a href="#[210]">luaV_concat</a>&nbsp;&nbsp;&nbsp;&rArr;&nbsp;&nbsp;&nbsp;<a href="#[ae]">luaS_newlstr</a><BR>
 <LI><a href="#[20d]">luaO_tostring</a>&nbsp;&nbsp;&nbsp;&rArr;&nbsp;&nbsp;&nbsp;<a href="#[ae]">luaS_newlstr</a><BR>
 <LI><a href="#[1ee]">luaG_tointerror</a>&nbsp;&nbsp;&nbsp;&rArr;&nbsp;&nbsp;&nbsp;<a href="#[1d3]">luaG_runerror</a><BR>
 <LI><a href="#[90]">luaO_pushfstring</a>&nbsp;&nbsp;&nbsp;&rArr;&nbsp;&nbsp;&nbsp;<a href="#[1ed]">luaO_pushvfstring</a><BR>
 <LI><a href="#[198]">kname</a>&nbsp;&nbsp;&nbsp;&rArr;&nbsp;&nbsp;&nbsp;<a href="#[195]">getobjname</a><BR>
 <LI><a href="#[195]">getobjname</a>&nbsp;&nbsp;&nbsp;&rArr;&nbsp;&nbsp;&nbsp;<a href="#[195]">getobjname</a><BR>
 <LI><a href="#[ea]">luaS_new</a>&nbsp;&nbsp;&nbsp;&rArr;&nbsp;&nbsp;&nbsp;<a href="#[ae]">luaS_newlstr</a><BR>
 <LI><a href="#[1e8]">luaG_typeerror</a>&nbsp;&nbsp;&nbsp;&rArr;&nbsp;&nbsp;&nbsp;<a href="#[1d3]">luaG_runerror</a><BR>
 <LI><a href="#[91]">luaD_throw</a>&nbsp;&nbsp;&nbsp;&rArr;&nbsp;&nbsp;&nbsp;<a href="#[1d6]">seterrorobj</a><BR>
 <LI><a href="#[1ce]">stackerror</a>&nbsp;&nbsp;&nbsp;&rArr;&nbsp;&nbsp;&nbsp;<a href="#[1d3]">luaG_runerror</a><BR>
 <LI><a href="#[21d]">luaV_objlen</a>&nbsp;&nbsp;&nbsp;&rArr;&nbsp;&nbsp;&nbsp;<a href="#[216]">luaT_callTM</a><BR>
 <LI><a href="#[1eb]">luaG_ordererror</a>&nbsp;&nbsp;&nbsp;&rArr;&nbsp;&nbsp;&nbsp;<a href="#[1d3]">luaG_runerror</a><BR>
 <LI><a href="#[218]">luaT_callorderTM</a>&nbsp;&nbsp;&nbsp;&rArr;&nbsp;&nbsp;&nbsp;<a href="#[217]">luaT_callbinTM</a><BR>
 <LI><a href="#[c8]">luaV_equalobj</a>&nbsp;&nbsp;&nbsp;&rArr;&nbsp;&nbsp;&nbsp;<a href="#[216]">luaT_callTM</a><BR>
 <LI><a href="#[ed]">luaV_finishset</a>&nbsp;&nbsp;&nbsp;&rArr;&nbsp;&nbsp;&nbsp;<a href="#[1d3]">luaG_runerror</a><BR>
 <LI><a href="#[c7]">luaH_set</a>&nbsp;&nbsp;&nbsp;&rArr;&nbsp;&nbsp;&nbsp;<a href="#[1f7]">luaH_newkey</a><BR>
 <LI><a href="#[1f7]">luaH_newkey</a>&nbsp;&nbsp;&nbsp;&rArr;&nbsp;&nbsp;&nbsp;<a href="#[1d3]">luaG_runerror</a><BR>
 <LI><a href="#[1a0]">luaH_setint</a>&nbsp;&nbsp;&nbsp;&rArr;&nbsp;&nbsp;&nbsp;<a href="#[1f7]">luaH_newkey</a><BR>
 <LI><a href="#[19f]">luaH_resize</a>&nbsp;&nbsp;&nbsp;&rArr;&nbsp;&nbsp;&nbsp;<a href="#[a3]">luaM_toobig</a><BR>
 <LI><a href="#[1f6]">setnodevector</a>&nbsp;&nbsp;&nbsp;&rArr;&nbsp;&nbsp;&nbsp;<a href="#[1d3]">luaG_runerror</a><BR>
 <LI><a href="#[1fb]">setarrayvector</a>&nbsp;&nbsp;&nbsp;&rArr;&nbsp;&nbsp;&nbsp;<a href="#[a3]">luaM_toobig</a><BR>
 <LI><a href="#[21a]">luaV_finishget</a>&nbsp;&nbsp;&nbsp;&rArr;&nbsp;&nbsp;&nbsp;<a href="#[1d3]">luaG_runerror</a><BR>
 <LI><a href="#[1d0]">luaV_execute</a>&nbsp;&nbsp;&nbsp;&rArr;&nbsp;&nbsp;&nbsp;<a href="#[210]">luaV_concat</a><BR>
 <LI><a href="#[14b]">luaC_newobj</a>&nbsp;&nbsp;&nbsp;&rArr;&nbsp;&nbsp;&nbsp;<a href="#[a4]">luaM_realloc_</a><BR>
 <LI><a href="#[1d1]">luaD_growstack</a>&nbsp;&nbsp;&nbsp;&rArr;&nbsp;&nbsp;&nbsp;<a href="#[1d3]">luaG_runerror</a><BR>
 <LI><a href="#[1d2]">luaD_reallocstack</a>&nbsp;&nbsp;&nbsp;&rArr;&nbsp;&nbsp;&nbsp;<a href="#[a3]">luaM_toobig</a><BR>
 <LI><a href="#[df]">reallymarkobject</a>&nbsp;&nbsp;&nbsp;&rArr;&nbsp;&nbsp;&nbsp;<a href="#[df]">reallymarkobject</a><BR>
 <LI><a href="#[11b]">luaC_step</a>&nbsp;&nbsp;&nbsp;&rArr;&nbsp;&nbsp;&nbsp;<a href="#[1c8]">singlestep</a><BR>
 <LI><a href="#[11d]">luaF_close</a>&nbsp;&nbsp;&nbsp;&rArr;&nbsp;&nbsp;&nbsp;<a href="#[a4]">luaM_realloc_</a><BR>
 <LI><a href="#[1da]">luaE_extendCI</a>&nbsp;&nbsp;&nbsp;&rArr;&nbsp;&nbsp;&nbsp;<a href="#[a4]">luaM_realloc_</a><BR>
 <LI><a href="#[1cf]">luaD_precall</a>&nbsp;&nbsp;&nbsp;&rArr;&nbsp;&nbsp;&nbsp;<a href="#[1cf]">luaD_precall</a><BR>
 <LI><a href="#[1a2]">luaV_mod</a>&nbsp;&nbsp;&nbsp;&rArr;&nbsp;&nbsp;&nbsp;<a href="#[1d3]">luaG_runerror</a><BR>
 <LI><a href="#[1a3]">luaV_div</a>&nbsp;&nbsp;&nbsp;&rArr;&nbsp;&nbsp;&nbsp;<a href="#[1d3]">luaG_runerror</a><BR>
 <LI><a href="#[1e3]">luaF_findupval</a>&nbsp;&nbsp;&nbsp;&rArr;&nbsp;&nbsp;&nbsp;<a href="#[a4]">luaM_realloc_</a><BR>
 <LI><a href="#[1ed]">luaO_pushvfstring</a>&nbsp;&nbsp;&nbsp;&rArr;&nbsp;&nbsp;&nbsp;<a href="#[1d3]">luaG_runerror</a><BR>
 <LI><a href="#[20c]">pushstr</a>&nbsp;&nbsp;&nbsp;&rArr;&nbsp;&nbsp;&nbsp;<a href="#[ae]">luaS_newlstr</a><BR>
 <LI><a href="#[106]">luaS_resize</a>&nbsp;&nbsp;&nbsp;&rArr;&nbsp;&nbsp;&nbsp;<a href="#[a4]">luaM_realloc_</a><BR>
 <LI><a href="#[1e1]">luaE_shrinkCI</a>&nbsp;&nbsp;&nbsp;&rArr;&nbsp;&nbsp;&nbsp;<a href="#[a4]">luaM_realloc_</a><BR>
 <LI><a href="#[18b]">luaE_freeCI</a>&nbsp;&nbsp;&nbsp;&rArr;&nbsp;&nbsp;&nbsp;<a href="#[a4]">luaM_realloc_</a><BR>
 <LI><a href="#[158]">entersweep</a>&nbsp;&nbsp;&nbsp;&rArr;&nbsp;&nbsp;&nbsp;<a href="#[159]">sweeplist</a><BR>
 <LI><a href="#[1bc]">txtToken</a>&nbsp;&nbsp;&nbsp;&rArr;&nbsp;&nbsp;&nbsp;<a href="#[10c]">save</a><BR>
 <LI><a href="#[161]">subexpr</a>&nbsp;&nbsp;&nbsp;&rArr;&nbsp;&nbsp;&nbsp;<a href="#[161]">subexpr</a><BR>
 <LI><a href="#[242]">yindex</a>&nbsp;&nbsp;&nbsp;&rArr;&nbsp;&nbsp;&nbsp;<a href="#[139]">expr</a><BR>
 <LI><a href="#[24c]">singlevaraux</a>&nbsp;&nbsp;&nbsp;&rArr;&nbsp;&nbsp;&nbsp;<a href="#[24c]">singlevaraux</a><BR>
 <LI><a href="#[237]">primaryexp</a>&nbsp;&nbsp;&nbsp;&rArr;&nbsp;&nbsp;&nbsp;<a href="#[139]">expr</a><BR>
 <LI><a href="#[da]">explist</a>&nbsp;&nbsp;&nbsp;&rArr;&nbsp;&nbsp;&nbsp;<a href="#[139]">expr</a><BR>
 <LI><a href="#[16e]">recfield</a>&nbsp;&nbsp;&nbsp;&rArr;&nbsp;&nbsp;&nbsp;<a href="#[139]">expr</a><BR>
 <LI><a href="#[16d]">listfield</a>&nbsp;&nbsp;&nbsp;&rArr;&nbsp;&nbsp;&nbsp;<a href="#[139]">expr</a><BR>
 <LI><a href="#[f2]">body</a>&nbsp;&nbsp;&nbsp;&rArr;&nbsp;&nbsp;&nbsp;<a href="#[f0]">statlist</a><BR>
 <LI><a href="#[ee]">block</a>&nbsp;&nbsp;&nbsp;&rArr;&nbsp;&nbsp;&nbsp;<a href="#[f0]">statlist</a><BR>
 <LI><a href="#[245]">repeatstat</a>&nbsp;&nbsp;&nbsp;&rArr;&nbsp;&nbsp;&nbsp;<a href="#[f0]">statlist</a><BR>
 <LI><a href="#[1b5]">skipnoopstat</a>&nbsp;&nbsp;&nbsp;&rArr;&nbsp;&nbsp;&nbsp;<a href="#[24f]">statement</a><BR>
 <LI><a href="#[19c]">test_then_block</a>&nbsp;&nbsp;&nbsp;&rArr;&nbsp;&nbsp;&nbsp;<a href="#[f0]">statlist</a><BR>
 <LI><a href="#[d3]">assignment</a>&nbsp;&nbsp;&nbsp;&rArr;&nbsp;&nbsp;&nbsp;<a href="#[d3]">assignment</a><BR>
 <LI><a href="#[ac]">LoadProtos</a>&nbsp;&nbsp;&nbsp;&rArr;&nbsp;&nbsp;&nbsp;<a href="#[aa]">LoadFunction</a><BR>
</UL>
<P>
<H3>
Function Pointers
</H3><UL>
 <LI><a href="#[2f]">ADC1_2_IRQHandler</a> from startup_stm32f10x_hd.o(.text) referenced from startup_stm32f10x_hd.o(RESET)
 <LI><a href="#[4c]">ADC3_IRQHandler</a> from startup_stm32f10x_hd.o(.text) referenced from startup_stm32f10x_hd.o(RESET)
 <LI><a href="#[17]">BusFault_Handler</a> from stm32f10x_it.o(i.BusFault_Handler) referenced from startup_stm32f10x_hd.o(RESET)
 <LI><a href="#[32]">CAN1_RX1_IRQHandler</a> from startup_stm32f10x_hd.o(.text) referenced from startup_stm32f10x_hd.o(RESET)
 <LI><a href="#[33]">CAN1_SCE_IRQHandler</a> from startup_stm32f10x_hd.o(.text) referenced from startup_stm32f10x_hd.o(RESET)
 <LI><a href="#[28]">DMA1_Channel1_IRQHandler</a> from startup_stm32f10x_hd.o(.text) referenced from startup_stm32f10x_hd.o(RESET)
 <LI><a href="#[29]">DMA1_Channel2_IRQHandler</a> from startup_stm32f10x_hd.o(.text) referenced from startup_stm32f10x_hd.o(RESET)
 <LI><a href="#[2a]">DMA1_Channel3_IRQHandler</a> from startup_stm32f10x_hd.o(.text) referenced from startup_stm32f10x_hd.o(RESET)
 <LI><a href="#[2b]">DMA1_Channel4_IRQHandler</a> from startup_stm32f10x_hd.o(.text) referenced from startup_stm32f10x_hd.o(RESET)
 <LI><a href="#[2c]">DMA1_Channel5_IRQHandler</a> from startup_stm32f10x_hd.o(.text) referenced from startup_stm32f10x_hd.o(RESET)
 <LI><a href="#[2d]">DMA1_Channel6_IRQHandler</a> from startup_stm32f10x_hd.o(.text) referenced from startup_stm32f10x_hd.o(RESET)
 <LI><a href="#[2e]">DMA1_Channel7_IRQHandler</a> from startup_stm32f10x_hd.o(.text) referenced from startup_stm32f10x_hd.o(RESET)
 <LI><a href="#[55]">DMA2_Channel1_IRQHandler</a> from startup_stm32f10x_hd.o(.text) referenced from startup_stm32f10x_hd.o(RESET)
 <LI><a href="#[56]">DMA2_Channel2_IRQHandler</a> from startup_stm32f10x_hd.o(.text) referenced from startup_stm32f10x_hd.o(RESET)
 <LI><a href="#[57]">DMA2_Channel3_IRQHandler</a> from startup_stm32f10x_hd.o(.text) referenced from startup_stm32f10x_hd.o(RESET)
 <LI><a href="#[58]">DMA2_Channel4_5_IRQHandler</a> from startup_stm32f10x_hd.o(.text) referenced from startup_stm32f10x_hd.o(RESET)
 <LI><a href="#[1a]">DebugMon_Handler</a> from stm32f10x_it.o(i.DebugMon_Handler) referenced from startup_stm32f10x_hd.o(RESET)
 <LI><a href="#[23]">EXTI0_IRQHandler</a> from startup_stm32f10x_hd.o(.text) referenced from startup_stm32f10x_hd.o(RESET)
 <LI><a href="#[45]">EXTI15_10_IRQHandler</a> from startup_stm32f10x_hd.o(.text) referenced from startup_stm32f10x_hd.o(RESET)
 <LI><a href="#[24]">EXTI1_IRQHandler</a> from startup_stm32f10x_hd.o(.text) referenced from startup_stm32f10x_hd.o(RESET)
 <LI><a href="#[25]">EXTI2_IRQHandler</a> from startup_stm32f10x_hd.o(.text) referenced from startup_stm32f10x_hd.o(RESET)
 <LI><a href="#[26]">EXTI3_IRQHandler</a> from startup_stm32f10x_hd.o(.text) referenced from startup_stm32f10x_hd.o(RESET)
 <LI><a href="#[27]">EXTI4_IRQHandler</a> from startup_stm32f10x_hd.o(.text) referenced from startup_stm32f10x_hd.o(RESET)
 <LI><a href="#[34]">EXTI9_5_IRQHandler</a> from startup_stm32f10x_hd.o(.text) referenced from startup_stm32f10x_hd.o(RESET)
 <LI><a href="#[21]">FLASH_IRQHandler</a> from startup_stm32f10x_hd.o(.text) referenced from startup_stm32f10x_hd.o(RESET)
 <LI><a href="#[4d]">FSMC_IRQHandler</a> from startup_stm32f10x_hd.o(.text) referenced from startup_stm32f10x_hd.o(RESET)
 <LI><a href="#[15]">HardFault_Handler</a> from stm32f10x_it.o(i.HardFault_Handler) referenced from startup_stm32f10x_hd.o(RESET)
 <LI><a href="#[3d]">I2C1_ER_IRQHandler</a> from startup_stm32f10x_hd.o(.text) referenced from startup_stm32f10x_hd.o(RESET)
 <LI><a href="#[3c]">I2C1_EV_IRQHandler</a> from startup_stm32f10x_hd.o(.text) referenced from startup_stm32f10x_hd.o(RESET)
 <LI><a href="#[3f]">I2C2_ER_IRQHandler</a> from startup_stm32f10x_hd.o(.text) referenced from startup_stm32f10x_hd.o(RESET)
 <LI><a href="#[3e]">I2C2_EV_IRQHandler</a> from startup_stm32f10x_hd.o(.text) referenced from startup_stm32f10x_hd.o(RESET)
 <LI><a href="#[16]">MemManage_Handler</a> from stm32f10x_it.o(i.MemManage_Handler) referenced from startup_stm32f10x_hd.o(RESET)
 <LI><a href="#[14]">NMI_Handler</a> from stm32f10x_it.o(i.NMI_Handler) referenced from startup_stm32f10x_hd.o(RESET)
 <LI><a href="#[1e]">PVD_IRQHandler</a> from startup_stm32f10x_hd.o(.text) referenced from startup_stm32f10x_hd.o(RESET)
 <LI><a href="#[1b]">PendSV_Handler</a> from stm32f10x_it.o(i.PendSV_Handler) referenced from startup_stm32f10x_hd.o(RESET)
 <LI><a href="#[22]">RCC_IRQHandler</a> from startup_stm32f10x_hd.o(.text) referenced from startup_stm32f10x_hd.o(RESET)
 <LI><a href="#[46]">RTCAlarm_IRQHandler</a> from startup_stm32f10x_hd.o(.text) referenced from startup_stm32f10x_hd.o(RESET)
 <LI><a href="#[20]">RTC_IRQHandler</a> from startup_stm32f10x_hd.o(.text) referenced from startup_stm32f10x_hd.o(RESET)
 <LI><a href="#[6a]">Reset_Handler</a> from startup_stm32f10x_hd.o(.text) referenced from startup_stm32f10x_hd.o(RESET)
 <LI><a href="#[4e]">SDIO_IRQHandler</a> from startup_stm32f10x_hd.o(.text) referenced from startup_stm32f10x_hd.o(RESET)
 <LI><a href="#[40]">SPI1_IRQHandler</a> from startup_stm32f10x_hd.o(.text) referenced from startup_stm32f10x_hd.o(RESET)
 <LI><a href="#[41]">SPI2_IRQHandler</a> from startup_stm32f10x_hd.o(.text) referenced from startup_stm32f10x_hd.o(RESET)
 <LI><a href="#[50]">SPI3_IRQHandler</a> from startup_stm32f10x_hd.o(.text) referenced from startup_stm32f10x_hd.o(RESET)
 <LI><a href="#[19]">SVC_Handler</a> from stm32f10x_it.o(i.SVC_Handler) referenced from startup_stm32f10x_hd.o(RESET)
 <LI><a href="#[1c]">SysTick_Handler</a> from stm32f10x_it.o(i.SysTick_Handler) referenced from startup_stm32f10x_hd.o(RESET)
 <LI><a href="#[5a]">SystemInit</a> from system_stm32f10x.o(i.SystemInit) referenced from startup_stm32f10x_hd.o(.text)
 <LI><a href="#[1f]">TAMPER_IRQHandler</a> from startup_stm32f10x_hd.o(.text) referenced from startup_stm32f10x_hd.o(RESET)
 <LI><a href="#[35]">TIM1_BRK_IRQHandler</a> from startup_stm32f10x_hd.o(.text) referenced from startup_stm32f10x_hd.o(RESET)
 <LI><a href="#[38]">TIM1_CC_IRQHandler</a> from startup_stm32f10x_hd.o(.text) referenced from startup_stm32f10x_hd.o(RESET)
 <LI><a href="#[37]">TIM1_TRG_COM_IRQHandler</a> from startup_stm32f10x_hd.o(.text) referenced from startup_stm32f10x_hd.o(RESET)
 <LI><a href="#[36]">TIM1_UP_IRQHandler</a> from startup_stm32f10x_hd.o(.text) referenced from startup_stm32f10x_hd.o(RESET)
 <LI><a href="#[39]">TIM2_IRQHandler</a> from startup_stm32f10x_hd.o(.text) referenced from startup_stm32f10x_hd.o(RESET)
 <LI><a href="#[3a]">TIM3_IRQHandler</a> from startup_stm32f10x_hd.o(.text) referenced from startup_stm32f10x_hd.o(RESET)
 <LI><a href="#[3b]">TIM4_IRQHandler</a> from startup_stm32f10x_hd.o(.text) referenced from startup_stm32f10x_hd.o(RESET)
 <LI><a href="#[4f]">TIM5_IRQHandler</a> from startup_stm32f10x_hd.o(.text) referenced from startup_stm32f10x_hd.o(RESET)
 <LI><a href="#[53]">TIM6_IRQHandler</a> from startup_stm32f10x_hd.o(.text) referenced from startup_stm32f10x_hd.o(RESET)
 <LI><a href="#[54]">TIM7_IRQHandler</a> from startup_stm32f10x_hd.o(.text) referenced from startup_stm32f10x_hd.o(RESET)
 <LI><a href="#[48]">TIM8_BRK_IRQHandler</a> from startup_stm32f10x_hd.o(.text) referenced from startup_stm32f10x_hd.o(RESET)
 <LI><a href="#[4b]">TIM8_CC_IRQHandler</a> from startup_stm32f10x_hd.o(.text) referenced from startup_stm32f10x_hd.o(RESET)
 <LI><a href="#[4a]">TIM8_TRG_COM_IRQHandler</a> from startup_stm32f10x_hd.o(.text) referenced from startup_stm32f10x_hd.o(RESET)
 <LI><a href="#[49]">TIM8_UP_IRQHandler</a> from startup_stm32f10x_hd.o(.text) referenced from startup_stm32f10x_hd.o(RESET)
 <LI><a href="#[51]">UART4_IRQHandler</a> from startup_stm32f10x_hd.o(.text) referenced from startup_stm32f10x_hd.o(RESET)
 <LI><a href="#[52]">UART5_IRQHandler</a> from startup_stm32f10x_hd.o(.text) referenced from startup_stm32f10x_hd.o(RESET)
 <LI><a href="#[42]">USART1_IRQHandler</a> from usart.o(i.USART1_IRQHandler) referenced from startup_stm32f10x_hd.o(RESET)
 <LI><a href="#[43]">USART2_IRQHandler</a> from startup_stm32f10x_hd.o(.text) referenced from startup_stm32f10x_hd.o(RESET)
 <LI><a href="#[44]">USART3_IRQHandler</a> from startup_stm32f10x_hd.o(.text) referenced from startup_stm32f10x_hd.o(RESET)
 <LI><a href="#[47]">USBWakeUp_IRQHandler</a> from startup_stm32f10x_hd.o(.text) referenced from startup_stm32f10x_hd.o(RESET)
 <LI><a href="#[30]">USB_HP_CAN1_TX_IRQHandler</a> from startup_stm32f10x_hd.o(.text) referenced from startup_stm32f10x_hd.o(RESET)
 <LI><a href="#[31]">USB_LP_CAN1_RX0_IRQHandler</a> from startup_stm32f10x_hd.o(.text) referenced from startup_stm32f10x_hd.o(RESET)
 <LI><a href="#[18]">UsageFault_Handler</a> from stm32f10x_it.o(i.UsageFault_Handler) referenced from startup_stm32f10x_hd.o(RESET)
 <LI><a href="#[1d]">WWDG_IRQHandler</a> from startup_stm32f10x_hd.o(.text) referenced from startup_stm32f10x_hd.o(RESET)
 <LI><a href="#[5b]">__main</a> from entry.o(.ARM.Collect$$$$00000000) referenced from startup_stm32f10x_hd.o(.text)
 <LI><a href="#[5d]">_sbackspace</a> from _sgetc.o(.text) referenced from strtod.o(.text)
 <LI><a href="#[5c]">_sgetc</a> from _sgetc.o(.text) referenced from strtod.o(.text)
 <LI><a href="#[61]">_snputc</a> from printfa.o(i._snputc) referenced from printfa.o(i.__0snprintf)
 <LI><a href="#[5f]">dothecall</a> from lgc.o(i.dothecall) referenced from lgc.o(i.GCTM)
 <LI><a href="#[67]">f_call</a> from lapi.o(i.f_call) referenced from lapi.o(i.lua_pcallk)
 <LI><a href="#[66]">f_luaopen</a> from lstate.o(i.f_luaopen) referenced from lstate.o(i.lua_newstate)
 <LI><a href="#[62]">f_parser</a> from ldo.o(i.f_parser) referenced from ldo.o(i.luaD_protectedparser)
 <LI><a href="#[60]">fputc</a> from usart.o(i.fputc) referenced from printfa.o(i.__0fprintf)
 <LI><a href="#[63]">getS</a> from lauxlib.o(i.getS) referenced from lauxlib.o(i.luaL_loadbufferx)
 <LI><a href="#[5e]">isspace</a> from isspace_o.o(.text) referenced from strtod.o(.text)
 <LI><a href="#[64]">l_alloc</a> from lauxlib.o(i.l_alloc) referenced from lauxlib.o(i.luaL_newstate)
 <LI><a href="#[68]">led_run</a> from main.o(i.led_run) referenced from main.o(i.main)
 <LI><a href="#[69]">lua_newstate</a> from lstate.o(i.lua_newstate) referenced from lstate.o(i.makeseed)
 <LI><a href="#[59]">main</a> from main.o(i.main) referenced from entry9a.o(.ARM.Collect$$$$0000000B)
 <LI><a href="#[65]">panic</a> from lauxlib.o(i.panic) referenced from lauxlib.o(i.luaL_newstate)
</UL>
<P>
<H3>
Global Symbols
</H3>
<P><STRONG><a name="[5b]"></a>__main</STRONG> (Thumb, 0 bytes, Stack size unknown bytes, entry.o(.ARM.Collect$$$$00000000))
<BR>[Address Reference Count : 1]<UL><LI> startup_stm32f10x_hd.o(.text)
</UL>
<P><STRONG><a name="[259]"></a>_main_stk</STRONG> (Thumb, 0 bytes, Stack size unknown bytes, entry2.o(.ARM.Collect$$$$00000001))

<P><STRONG><a name="[6b]"></a>_main_scatterload</STRONG> (Thumb, 0 bytes, Stack size unknown bytes, entry5.o(.ARM.Collect$$$$00000004))
<BR><BR>[Calls]<UL><LI><a href="#[6c]">&gt;&gt;</a>&nbsp;&nbsp;&nbsp;__scatterload
</UL>

<P><STRONG><a name="[87]"></a>__main_after_scatterload</STRONG> (Thumb, 0 bytes, Stack size unknown bytes, entry5.o(.ARM.Collect$$$$00000004))
<BR><BR>[Called By]<UL><LI><a href="#[6c]">&gt;&gt;</a>&nbsp;&nbsp;&nbsp;__scatterload
</UL>

<P><STRONG><a name="[25a]"></a>_main_clock</STRONG> (Thumb, 0 bytes, Stack size unknown bytes, entry7b.o(.ARM.Collect$$$$00000008))

<P><STRONG><a name="[25b]"></a>_main_cpp_init</STRONG> (Thumb, 0 bytes, Stack size unknown bytes, entry8b.o(.ARM.Collect$$$$0000000A))

<P><STRONG><a name="[25c]"></a>_main_init</STRONG> (Thumb, 0 bytes, Stack size unknown bytes, entry9a.o(.ARM.Collect$$$$0000000B))

<P><STRONG><a name="[25d]"></a>__rt_final_cpp</STRONG> (Thumb, 0 bytes, Stack size unknown bytes, entry10a.o(.ARM.Collect$$$$0000000D))

<P><STRONG><a name="[25e]"></a>__rt_final_exit</STRONG> (Thumb, 0 bytes, Stack size unknown bytes, entry11a.o(.ARM.Collect$$$$0000000F))

<P><STRONG><a name="[6a]"></a>Reset_Handler</STRONG> (Thumb, 8 bytes, Stack size 0 bytes, startup_stm32f10x_hd.o(.text))

<P><STRONG><a name="[2f]"></a>ADC1_2_IRQHandler</STRONG> (Thumb, 0 bytes, Stack size 0 bytes, startup_stm32f10x_hd.o(.text))
<BR><BR>[Calls]<UL><LI><a href="#[2f]">&gt;&gt;</a>&nbsp;&nbsp;&nbsp;ADC1_2_IRQHandler
</UL>
<BR>[Called By]<UL><LI><a href="#[2f]">&gt;&gt;</a>&nbsp;&nbsp;&nbsp;ADC1_2_IRQHandler
</UL>
<BR>[Address Reference Count : 1]<UL><LI> startup_stm32f10x_hd.o(RESET)
</UL>
<P><STRONG><a name="[4c]"></a>ADC3_IRQHandler</STRONG> (Thumb, 0 bytes, Stack size 0 bytes, startup_stm32f10x_hd.o(.text))
<BR>[Address Reference Count : 1]<UL><LI> startup_stm32f10x_hd.o(RESET)
</UL>
<P><STRONG><a name="[32]"></a>CAN1_RX1_IRQHandler</STRONG> (Thumb, 0 bytes, Stack size 0 bytes, startup_stm32f10x_hd.o(.text))
<BR>[Address Reference Count : 1]<UL><LI> startup_stm32f10x_hd.o(RESET)
</UL>
<P><STRONG><a name="[33]"></a>CAN1_SCE_IRQHandler</STRONG> (Thumb, 0 bytes, Stack size 0 bytes, startup_stm32f10x_hd.o(.text))
<BR>[Address Reference Count : 1]<UL><LI> startup_stm32f10x_hd.o(RESET)
</UL>
<P><STRONG><a name="[28]"></a>DMA1_Channel1_IRQHandler</STRONG> (Thumb, 0 bytes, Stack size 0 bytes, startup_stm32f10x_hd.o(.text))
<BR>[Address Reference Count : 1]<UL><LI> startup_stm32f10x_hd.o(RESET)
</UL>
<P><STRONG><a name="[29]"></a>DMA1_Channel2_IRQHandler</STRONG> (Thumb, 0 bytes, Stack size 0 bytes, startup_stm32f10x_hd.o(.text))
<BR>[Address Reference Count : 1]<UL><LI> startup_stm32f10x_hd.o(RESET)
</UL>
<P><STRONG><a name="[2a]"></a>DMA1_Channel3_IRQHandler</STRONG> (Thumb, 0 bytes, Stack size 0 bytes, startup_stm32f10x_hd.o(.text))
<BR>[Address Reference Count : 1]<UL><LI> startup_stm32f10x_hd.o(RESET)
</UL>
<P><STRONG><a name="[2b]"></a>DMA1_Channel4_IRQHandler</STRONG> (Thumb, 0 bytes, Stack size 0 bytes, startup_stm32f10x_hd.o(.text))
<BR>[Address Reference Count : 1]<UL><LI> startup_stm32f10x_hd.o(RESET)
</UL>
<P><STRONG><a name="[2c]"></a>DMA1_Channel5_IRQHandler</STRONG> (Thumb, 0 bytes, Stack size 0 bytes, startup_stm32f10x_hd.o(.text))
<BR>[Address Reference Count : 1]<UL><LI> startup_stm32f10x_hd.o(RESET)
</UL>
<P><STRONG><a name="[2d]"></a>DMA1_Channel6_IRQHandler</STRONG> (Thumb, 0 bytes, Stack size 0 bytes, startup_stm32f10x_hd.o(.text))
<BR>[Address Reference Count : 1]<UL><LI> startup_stm32f10x_hd.o(RESET)
</UL>
<P><STRONG><a name="[2e]"></a>DMA1_Channel7_IRQHandler</STRONG> (Thumb, 0 bytes, Stack size 0 bytes, startup_stm32f10x_hd.o(.text))
<BR>[Address Reference Count : 1]<UL><LI> startup_stm32f10x_hd.o(RESET)
</UL>
<P><STRONG><a name="[55]"></a>DMA2_Channel1_IRQHandler</STRONG> (Thumb, 0 bytes, Stack size 0 bytes, startup_stm32f10x_hd.o(.text))
<BR>[Address Reference Count : 1]<UL><LI> startup_stm32f10x_hd.o(RESET)
</UL>
<P><STRONG><a name="[56]"></a>DMA2_Channel2_IRQHandler</STRONG> (Thumb, 0 bytes, Stack size 0 bytes, startup_stm32f10x_hd.o(.text))
<BR>[Address Reference Count : 1]<UL><LI> startup_stm32f10x_hd.o(RESET)
</UL>
<P><STRONG><a name="[57]"></a>DMA2_Channel3_IRQHandler</STRONG> (Thumb, 0 bytes, Stack size 0 bytes, startup_stm32f10x_hd.o(.text))
<BR>[Address Reference Count : 1]<UL><LI> startup_stm32f10x_hd.o(RESET)
</UL>
<P><STRONG><a name="[58]"></a>DMA2_Channel4_5_IRQHandler</STRONG> (Thumb, 0 bytes, Stack size 0 bytes, startup_stm32f10x_hd.o(.text))
<BR>[Address Reference Count : 1]<UL><LI> startup_stm32f10x_hd.o(RESET)
</UL>
<P><STRONG><a name="[23]"></a>EXTI0_IRQHandler</STRONG> (Thumb, 0 bytes, Stack size 0 bytes, startup_stm32f10x_hd.o(.text))
<BR>[Address Reference Count : 1]<UL><LI> startup_stm32f10x_hd.o(RESET)
</UL>
<P><STRONG><a name="[45]"></a>EXTI15_10_IRQHandler</STRONG> (Thumb, 0 bytes, Stack size 0 bytes, startup_stm32f10x_hd.o(.text))
<BR>[Address Reference Count : 1]<UL><LI> startup_stm32f10x_hd.o(RESET)
</UL>
<P><STRONG><a name="[24]"></a>EXTI1_IRQHandler</STRONG> (Thumb, 0 bytes, Stack size 0 bytes, startup_stm32f10x_hd.o(.text))
<BR>[Address Reference Count : 1]<UL><LI> startup_stm32f10x_hd.o(RESET)
</UL>
<P><STRONG><a name="[25]"></a>EXTI2_IRQHandler</STRONG> (Thumb, 0 bytes, Stack size 0 bytes, startup_stm32f10x_hd.o(.text))
<BR>[Address Reference Count : 1]<UL><LI> startup_stm32f10x_hd.o(RESET)
</UL>
<P><STRONG><a name="[26]"></a>EXTI3_IRQHandler</STRONG> (Thumb, 0 bytes, Stack size 0 bytes, startup_stm32f10x_hd.o(.text))
<BR>[Address Reference Count : 1]<UL><LI> startup_stm32f10x_hd.o(RESET)
</UL>
<P><STRONG><a name="[27]"></a>EXTI4_IRQHandler</STRONG> (Thumb, 0 bytes, Stack size 0 bytes, startup_stm32f10x_hd.o(.text))
<BR>[Address Reference Count : 1]<UL><LI> startup_stm32f10x_hd.o(RESET)
</UL>
<P><STRONG><a name="[34]"></a>EXTI9_5_IRQHandler</STRONG> (Thumb, 0 bytes, Stack size 0 bytes, startup_stm32f10x_hd.o(.text))
<BR>[Address Reference Count : 1]<UL><LI> startup_stm32f10x_hd.o(RESET)
</UL>
<P><STRONG><a name="[21]"></a>FLASH_IRQHandler</STRONG> (Thumb, 0 bytes, Stack size 0 bytes, startup_stm32f10x_hd.o(.text))
<BR>[Address Reference Count : 1]<UL><LI> startup_stm32f10x_hd.o(RESET)
</UL>
<P><STRONG><a name="[4d]"></a>FSMC_IRQHandler</STRONG> (Thumb, 0 bytes, Stack size 0 bytes, startup_stm32f10x_hd.o(.text))
<BR>[Address Reference Count : 1]<UL><LI> startup_stm32f10x_hd.o(RESET)
</UL>
<P><STRONG><a name="[3d]"></a>I2C1_ER_IRQHandler</STRONG> (Thumb, 0 bytes, Stack size 0 bytes, startup_stm32f10x_hd.o(.text))
<BR>[Address Reference Count : 1]<UL><LI> startup_stm32f10x_hd.o(RESET)
</UL>
<P><STRONG><a name="[3c]"></a>I2C1_EV_IRQHandler</STRONG> (Thumb, 0 bytes, Stack size 0 bytes, startup_stm32f10x_hd.o(.text))
<BR>[Address Reference Count : 1]<UL><LI> startup_stm32f10x_hd.o(RESET)
</UL>
<P><STRONG><a name="[3f]"></a>I2C2_ER_IRQHandler</STRONG> (Thumb, 0 bytes, Stack size 0 bytes, startup_stm32f10x_hd.o(.text))
<BR>[Address Reference Count : 1]<UL><LI> startup_stm32f10x_hd.o(RESET)
</UL>
<P><STRONG><a name="[3e]"></a>I2C2_EV_IRQHandler</STRONG> (Thumb, 0 bytes, Stack size 0 bytes, startup_stm32f10x_hd.o(.text))
<BR>[Address Reference Count : 1]<UL><LI> startup_stm32f10x_hd.o(RESET)
</UL>
<P><STRONG><a name="[1e]"></a>PVD_IRQHandler</STRONG> (Thumb, 0 bytes, Stack size 0 bytes, startup_stm32f10x_hd.o(.text))
<BR>[Address Reference Count : 1]<UL><LI> startup_stm32f10x_hd.o(RESET)
</UL>
<P><STRONG><a name="[22]"></a>RCC_IRQHandler</STRONG> (Thumb, 0 bytes, Stack size 0 bytes, startup_stm32f10x_hd.o(.text))
<BR>[Address Reference Count : 1]<UL><LI> startup_stm32f10x_hd.o(RESET)
</UL>
<P><STRONG><a name="[46]"></a>RTCAlarm_IRQHandler</STRONG> (Thumb, 0 bytes, Stack size 0 bytes, startup_stm32f10x_hd.o(.text))
<BR>[Address Reference Count : 1]<UL><LI> startup_stm32f10x_hd.o(RESET)
</UL>
<P><STRONG><a name="[20]"></a>RTC_IRQHandler</STRONG> (Thumb, 0 bytes, Stack size 0 bytes, startup_stm32f10x_hd.o(.text))
<BR>[Address Reference Count : 1]<UL><LI> startup_stm32f10x_hd.o(RESET)
</UL>
<P><STRONG><a name="[4e]"></a>SDIO_IRQHandler</STRONG> (Thumb, 0 bytes, Stack size 0 bytes, startup_stm32f10x_hd.o(.text))
<BR>[Address Reference Count : 1]<UL><LI> startup_stm32f10x_hd.o(RESET)
</UL>
<P><STRONG><a name="[40]"></a>SPI1_IRQHandler</STRONG> (Thumb, 0 bytes, Stack size 0 bytes, startup_stm32f10x_hd.o(.text))
<BR>[Address Reference Count : 1]<UL><LI> startup_stm32f10x_hd.o(RESET)
</UL>
<P><STRONG><a name="[41]"></a>SPI2_IRQHandler</STRONG> (Thumb, 0 bytes, Stack size 0 bytes, startup_stm32f10x_hd.o(.text))
<BR>[Address Reference Count : 1]<UL><LI> startup_stm32f10x_hd.o(RESET)
</UL>
<P><STRONG><a name="[50]"></a>SPI3_IRQHandler</STRONG> (Thumb, 0 bytes, Stack size 0 bytes, startup_stm32f10x_hd.o(.text))
<BR>[Address Reference Count : 1]<UL><LI> startup_stm32f10x_hd.o(RESET)
</UL>
<P><STRONG><a name="[1f]"></a>TAMPER_IRQHandler</STRONG> (Thumb, 0 bytes, Stack size 0 bytes, startup_stm32f10x_hd.o(.text))
<BR>[Address Reference Count : 1]<UL><LI> startup_stm32f10x_hd.o(RESET)
</UL>
<P><STRONG><a name="[35]"></a>TIM1_BRK_IRQHandler</STRONG> (Thumb, 0 bytes, Stack size 0 bytes, startup_stm32f10x_hd.o(.text))
<BR>[Address Reference Count : 1]<UL><LI> startup_stm32f10x_hd.o(RESET)
</UL>
<P><STRONG><a name="[38]"></a>TIM1_CC_IRQHandler</STRONG> (Thumb, 0 bytes, Stack size 0 bytes, startup_stm32f10x_hd.o(.text))
<BR>[Address Reference Count : 1]<UL><LI> startup_stm32f10x_hd.o(RESET)
</UL>
<P><STRONG><a name="[37]"></a>TIM1_TRG_COM_IRQHandler</STRONG> (Thumb, 0 bytes, Stack size 0 bytes, startup_stm32f10x_hd.o(.text))
<BR>[Address Reference Count : 1]<UL><LI> startup_stm32f10x_hd.o(RESET)
</UL>
<P><STRONG><a name="[36]"></a>TIM1_UP_IRQHandler</STRONG> (Thumb, 0 bytes, Stack size 0 bytes, startup_stm32f10x_hd.o(.text))
<BR>[Address Reference Count : 1]<UL><LI> startup_stm32f10x_hd.o(RESET)
</UL>
<P><STRONG><a name="[39]"></a>TIM2_IRQHandler</STRONG> (Thumb, 0 bytes, Stack size 0 bytes, startup_stm32f10x_hd.o(.text))
<BR>[Address Reference Count : 1]<UL><LI> startup_stm32f10x_hd.o(RESET)
</UL>
<P><STRONG><a name="[3a]"></a>TIM3_IRQHandler</STRONG> (Thumb, 0 bytes, Stack size 0 bytes, startup_stm32f10x_hd.o(.text))
<BR>[Address Reference Count : 1]<UL><LI> startup_stm32f10x_hd.o(RESET)
</UL>
<P><STRONG><a name="[3b]"></a>TIM4_IRQHandler</STRONG> (Thumb, 0 bytes, Stack size 0 bytes, startup_stm32f10x_hd.o(.text))
<BR>[Address Reference Count : 1]<UL><LI> startup_stm32f10x_hd.o(RESET)
</UL>
<P><STRONG><a name="[4f]"></a>TIM5_IRQHandler</STRONG> (Thumb, 0 bytes, Stack size 0 bytes, startup_stm32f10x_hd.o(.text))
<BR>[Address Reference Count : 1]<UL><LI> startup_stm32f10x_hd.o(RESET)
</UL>
<P><STRONG><a name="[53]"></a>TIM6_IRQHandler</STRONG> (Thumb, 0 bytes, Stack size 0 bytes, startup_stm32f10x_hd.o(.text))
<BR>[Address Reference Count : 1]<UL><LI> startup_stm32f10x_hd.o(RESET)
</UL>
<P><STRONG><a name="[54]"></a>TIM7_IRQHandler</STRONG> (Thumb, 0 bytes, Stack size 0 bytes, startup_stm32f10x_hd.o(.text))
<BR>[Address Reference Count : 1]<UL><LI> startup_stm32f10x_hd.o(RESET)
</UL>
<P><STRONG><a name="[48]"></a>TIM8_BRK_IRQHandler</STRONG> (Thumb, 0 bytes, Stack size 0 bytes, startup_stm32f10x_hd.o(.text))
<BR>[Address Reference Count : 1]<UL><LI> startup_stm32f10x_hd.o(RESET)
</UL>
<P><STRONG><a name="[4b]"></a>TIM8_CC_IRQHandler</STRONG> (Thumb, 0 bytes, Stack size 0 bytes, startup_stm32f10x_hd.o(.text))
<BR>[Address Reference Count : 1]<UL><LI> startup_stm32f10x_hd.o(RESET)
</UL>
<P><STRONG><a name="[4a]"></a>TIM8_TRG_COM_IRQHandler</STRONG> (Thumb, 0 bytes, Stack size 0 bytes, startup_stm32f10x_hd.o(.text))
<BR>[Address Reference Count : 1]<UL><LI> startup_stm32f10x_hd.o(RESET)
</UL>
<P><STRONG><a name="[49]"></a>TIM8_UP_IRQHandler</STRONG> (Thumb, 0 bytes, Stack size 0 bytes, startup_stm32f10x_hd.o(.text))
<BR>[Address Reference Count : 1]<UL><LI> startup_stm32f10x_hd.o(RESET)
</UL>
<P><STRONG><a name="[51]"></a>UART4_IRQHandler</STRONG> (Thumb, 0 bytes, Stack size 0 bytes, startup_stm32f10x_hd.o(.text))
<BR>[Address Reference Count : 1]<UL><LI> startup_stm32f10x_hd.o(RESET)
</UL>
<P><STRONG><a name="[52]"></a>UART5_IRQHandler</STRONG> (Thumb, 0 bytes, Stack size 0 bytes, startup_stm32f10x_hd.o(.text))
<BR>[Address Reference Count : 1]<UL><LI> startup_stm32f10x_hd.o(RESET)
</UL>
<P><STRONG><a name="[43]"></a>USART2_IRQHandler</STRONG> (Thumb, 0 bytes, Stack size 0 bytes, startup_stm32f10x_hd.o(.text))
<BR>[Address Reference Count : 1]<UL><LI> startup_stm32f10x_hd.o(RESET)
</UL>
<P><STRONG><a name="[44]"></a>USART3_IRQHandler</STRONG> (Thumb, 0 bytes, Stack size 0 bytes, startup_stm32f10x_hd.o(.text))
<BR>[Address Reference Count : 1]<UL><LI> startup_stm32f10x_hd.o(RESET)
</UL>
<P><STRONG><a name="[47]"></a>USBWakeUp_IRQHandler</STRONG> (Thumb, 0 bytes, Stack size 0 bytes, startup_stm32f10x_hd.o(.text))
<BR>[Address Reference Count : 1]<UL><LI> startup_stm32f10x_hd.o(RESET)
</UL>
<P><STRONG><a name="[30]"></a>USB_HP_CAN1_TX_IRQHandler</STRONG> (Thumb, 0 bytes, Stack size 0 bytes, startup_stm32f10x_hd.o(.text))
<BR>[Address Reference Count : 1]<UL><LI> startup_stm32f10x_hd.o(RESET)
</UL>
<P><STRONG><a name="[31]"></a>USB_LP_CAN1_RX0_IRQHandler</STRONG> (Thumb, 0 bytes, Stack size 0 bytes, startup_stm32f10x_hd.o(.text))
<BR>[Address Reference Count : 1]<UL><LI> startup_stm32f10x_hd.o(RESET)
</UL>
<P><STRONG><a name="[1d]"></a>WWDG_IRQHandler</STRONG> (Thumb, 0 bytes, Stack size 0 bytes, startup_stm32f10x_hd.o(.text))
<BR>[Address Reference Count : 1]<UL><LI> startup_stm32f10x_hd.o(RESET)
</UL>
<P><STRONG><a name="[6d]"></a>__aeabi_ldivmod</STRONG> (Thumb, 98 bytes, Stack size 24 bytes, ldiv.o(.text))
<BR><BR>[Stack]<UL><LI>Max Depth = 64<LI>Call Chain = __aeabi_ldivmod &rArr; __aeabi_uldivmod
</UL>
<BR>[Calls]<UL><LI><a href="#[6e]">&gt;&gt;</a>&nbsp;&nbsp;&nbsp;__aeabi_uldivmod
</UL>
<BR>[Called By]<UL><LI><a href="#[1a2]">&gt;&gt;</a>&nbsp;&nbsp;&nbsp;luaV_mod
<LI><a href="#[1a3]">&gt;&gt;</a>&nbsp;&nbsp;&nbsp;luaV_div
</UL>

<P><STRONG><a name="[73]"></a>__aeabi_llsl</STRONG> (Thumb, 30 bytes, Stack size 0 bytes, llshl.o(.text))
<BR><BR>[Called By]<UL><LI><a href="#[72]">&gt;&gt;</a>&nbsp;&nbsp;&nbsp;__aeabi_dadd
<LI><a href="#[1a4]">&gt;&gt;</a>&nbsp;&nbsp;&nbsp;luaV_shiftl
<LI><a href="#[7d]">&gt;&gt;</a>&nbsp;&nbsp;&nbsp;__aeabi_d2lz
<LI><a href="#[75]">&gt;&gt;</a>&nbsp;&nbsp;&nbsp;_double_epilogue
<LI><a href="#[86]">&gt;&gt;</a>&nbsp;&nbsp;&nbsp;__aeabi_d2ulz
<LI><a href="#[6e]">&gt;&gt;</a>&nbsp;&nbsp;&nbsp;__aeabi_uldivmod
</UL>

<P><STRONG><a name="[25f]"></a>_ll_shift_l</STRONG> (Thumb, 0 bytes, Stack size 0 bytes, llshl.o(.text), UNUSED)

<P><STRONG><a name="[7e]"></a>__aeabi_llsr</STRONG> (Thumb, 32 bytes, Stack size 0 bytes, llushr.o(.text))
<BR><BR>[Called By]<UL><LI><a href="#[1a4]">&gt;&gt;</a>&nbsp;&nbsp;&nbsp;luaV_shiftl
<LI><a href="#[7d]">&gt;&gt;</a>&nbsp;&nbsp;&nbsp;__aeabi_d2lz
<LI><a href="#[84]">&gt;&gt;</a>&nbsp;&nbsp;&nbsp;_dsqrt
<LI><a href="#[75]">&gt;&gt;</a>&nbsp;&nbsp;&nbsp;_double_epilogue
<LI><a href="#[86]">&gt;&gt;</a>&nbsp;&nbsp;&nbsp;__aeabi_d2ulz
<LI><a href="#[6e]">&gt;&gt;</a>&nbsp;&nbsp;&nbsp;__aeabi_uldivmod
</UL>

<P><STRONG><a name="[260]"></a>_ll_ushift_r</STRONG> (Thumb, 0 bytes, Stack size 0 bytes, llushr.o(.text), UNUSED)

<P><STRONG><a name="[6f]"></a>__rt_ctype_table</STRONG> (Thumb, 4 bytes, Stack size 0 bytes, ctype_o.o(.text))
<BR><BR>[Called By]<UL><LI><a href="#[5e]">&gt;&gt;</a>&nbsp;&nbsp;&nbsp;isspace
</UL>

<P><STRONG><a name="[5e]"></a>isspace</STRONG> (Thumb, 18 bytes, Stack size 8 bytes, isspace_o.o(.text))
<BR><BR>[Stack]<UL><LI>Max Depth = 8<LI>Call Chain = isspace
</UL>
<BR>[Calls]<UL><LI><a href="#[6f]">&gt;&gt;</a>&nbsp;&nbsp;&nbsp;__rt_ctype_table
</UL>
<BR>[Address Reference Count : 1]<UL><LI> strtod.o(.text)
</UL>
<P><STRONG><a name="[1af]"></a>localeconv</STRONG> (Thumb, 4 bytes, Stack size 0 bytes, localeconv.o(.text))
<BR><BR>[Called By]<UL><LI><a href="#[20d]">&gt;&gt;</a>&nbsp;&nbsp;&nbsp;luaO_tostring
<LI><a href="#[1ab]">&gt;&gt;</a>&nbsp;&nbsp;&nbsp;l_str2d
</UL>

<P><STRONG><a name="[146]"></a>__aeabi_memcpy</STRONG> (Thumb, 36 bytes, Stack size 0 bytes, memcpya.o(.text))
<BR><BR>[Called By]<UL><LI><a href="#[ae]">&gt;&gt;</a>&nbsp;&nbsp;&nbsp;luaS_newlstr
<LI><a href="#[1e6]">&gt;&gt;</a>&nbsp;&nbsp;&nbsp;luaO_chunkid
<LI><a href="#[1a5]">&gt;&gt;</a>&nbsp;&nbsp;&nbsp;internshrstr
<LI><a href="#[145]">&gt;&gt;</a>&nbsp;&nbsp;&nbsp;copy2buff
<LI><a href="#[9e]">&gt;&gt;</a>&nbsp;&nbsp;&nbsp;luaZ_read
<LI><a href="#[bb]">&gt;&gt;</a>&nbsp;&nbsp;&nbsp;internal_alloc
</UL>

<P><STRONG><a name="[1fa]"></a>__aeabi_memcpy4</STRONG> (Thumb, 0 bytes, Stack size 0 bytes, memcpya.o(.text))
<BR><BR>[Called By]<UL><LI><a href="#[202]">&gt;&gt;</a>&nbsp;&nbsp;&nbsp;luaK_posfix
<LI><a href="#[1f7]">&gt;&gt;</a>&nbsp;&nbsp;&nbsp;luaH_newkey
</UL>

<P><STRONG><a name="[261]"></a>__aeabi_memcpy8</STRONG> (Thumb, 0 bytes, Stack size 0 bytes, memcpya.o(.text), UNUSED)

<P><STRONG><a name="[111]"></a>strchr</STRONG> (Thumb, 20 bytes, Stack size 0 bytes, strchr.o(.text))
<BR><BR>[Called By]<UL><LI><a href="#[1ed]">&gt;&gt;</a>&nbsp;&nbsp;&nbsp;luaO_pushvfstring
<LI><a href="#[110]">&gt;&gt;</a>&nbsp;&nbsp;&nbsp;checkmode
<LI><a href="#[1e6]">&gt;&gt;</a>&nbsp;&nbsp;&nbsp;luaO_chunkid
<LI><a href="#[239]">&gt;&gt;</a>&nbsp;&nbsp;&nbsp;traversetable
<LI><a href="#[1ab]">&gt;&gt;</a>&nbsp;&nbsp;&nbsp;l_str2d
</UL>

<P><STRONG><a name="[10e]"></a>strlen</STRONG> (Thumb, 14 bytes, Stack size 0 bytes, strlen.o(.text))
<BR><BR>[Called By]<UL><LI><a href="#[207]">&gt;&gt;</a>&nbsp;&nbsp;&nbsp;luaL_loadstring
<LI><a href="#[ea]">&gt;&gt;</a>&nbsp;&nbsp;&nbsp;luaS_new
<LI><a href="#[1ed]">&gt;&gt;</a>&nbsp;&nbsp;&nbsp;luaO_pushvfstring
<LI><a href="#[1e6]">&gt;&gt;</a>&nbsp;&nbsp;&nbsp;luaO_chunkid
<LI><a href="#[1ab]">&gt;&gt;</a>&nbsp;&nbsp;&nbsp;l_str2d
<LI><a href="#[1b3]">&gt;&gt;</a>&nbsp;&nbsp;&nbsp;l_strcmp
<LI><a href="#[103]">&gt;&gt;</a>&nbsp;&nbsp;&nbsp;checkliteral
</UL>

<P><STRONG><a name="[71]"></a>strcmp</STRONG> (Thumb, 28 bytes, Stack size 8 bytes, strcmp.o(.text))
<BR><BR>[Stack]<UL><LI>Max Depth = 8<LI>Call Chain = strcmp
</UL>
<BR>[Called By]<UL><LI><a href="#[ea]">&gt;&gt;</a>&nbsp;&nbsp;&nbsp;luaS_new
<LI><a href="#[1eb]">&gt;&gt;</a>&nbsp;&nbsp;&nbsp;luaG_ordererror
<LI><a href="#[195]">&gt;&gt;</a>&nbsp;&nbsp;&nbsp;getobjname
<LI><a href="#[70]">&gt;&gt;</a>&nbsp;&nbsp;&nbsp;strcoll
</UL>

<P><STRONG><a name="[10f]"></a>memcmp</STRONG> (Thumb, 26 bytes, Stack size 12 bytes, memcmp.o(.text))
<BR><BR>[Stack]<UL><LI>Max Depth = 12<LI>Call Chain = memcmp
</UL>
<BR>[Called By]<UL><LI><a href="#[213]">&gt;&gt;</a>&nbsp;&nbsp;&nbsp;luaS_eqlngstr
<LI><a href="#[1a5]">&gt;&gt;</a>&nbsp;&nbsp;&nbsp;internshrstr
<LI><a href="#[103]">&gt;&gt;</a>&nbsp;&nbsp;&nbsp;checkliteral
</UL>

<P><STRONG><a name="[70]"></a>strcoll</STRONG> (Thumb, 4 bytes, Stack size 0 bytes, strcoll.o(.text))
<BR><BR>[Stack]<UL><LI>Max Depth = 8<LI>Call Chain = strcoll &rArr; strcmp
</UL>
<BR>[Calls]<UL><LI><a href="#[71]">&gt;&gt;</a>&nbsp;&nbsp;&nbsp;strcmp
</UL>
<BR>[Called By]<UL><LI><a href="#[1b3]">&gt;&gt;</a>&nbsp;&nbsp;&nbsp;l_strcmp
</UL>

<P><STRONG><a name="[1ae]"></a>strcpy</STRONG> (Thumb, 18 bytes, Stack size 0 bytes, strcpy.o(.text))
<BR><BR>[Called By]<UL><LI><a href="#[1ab]">&gt;&gt;</a>&nbsp;&nbsp;&nbsp;l_str2d
</UL>

<P><STRONG><a name="[212]"></a>strspn</STRONG> (Thumb, 28 bytes, Stack size 12 bytes, strspn.o(.text))
<BR><BR>[Stack]<UL><LI>Max Depth = 12<LI>Call Chain = strspn
</UL>
<BR>[Called By]<UL><LI><a href="#[20d]">&gt;&gt;</a>&nbsp;&nbsp;&nbsp;luaO_tostring
</UL>

<P><STRONG><a name="[1ac]"></a>strpbrk</STRONG> (Thumb, 32 bytes, Stack size 8 bytes, strpbrk.o(.text))
<BR><BR>[Stack]<UL><LI>Max Depth = 8<LI>Call Chain = strpbrk
</UL>
<BR>[Called By]<UL><LI><a href="#[1ab]">&gt;&gt;</a>&nbsp;&nbsp;&nbsp;l_str2d
</UL>

<P><STRONG><a name="[72]"></a>__aeabi_dadd</STRONG> (Thumb, 322 bytes, Stack size 48 bytes, dadd.o(.text))
<BR><BR>[Stack]<UL><LI>Max Depth = 88<LI>Call Chain = __aeabi_dadd &rArr; _double_epilogue &rArr; _double_round
</UL>
<BR>[Calls]<UL><LI><a href="#[75]">&gt;&gt;</a>&nbsp;&nbsp;&nbsp;_double_epilogue
<LI><a href="#[73]">&gt;&gt;</a>&nbsp;&nbsp;&nbsp;__aeabi_llsl
<LI><a href="#[74]">&gt;&gt;</a>&nbsp;&nbsp;&nbsp;__aeabi_lasr
<LI><a href="#[76]">&gt;&gt;</a>&nbsp;&nbsp;&nbsp;_double_round
</UL>
<BR>[Called By]<UL><LI><a href="#[17c]">&gt;&gt;</a>&nbsp;&nbsp;&nbsp;luaV_tointeger
<LI><a href="#[1d0]">&gt;&gt;</a>&nbsp;&nbsp;&nbsp;luaV_execute
<LI><a href="#[20a]">&gt;&gt;</a>&nbsp;&nbsp;&nbsp;numarith
<LI><a href="#[77]">&gt;&gt;</a>&nbsp;&nbsp;&nbsp;__aeabi_dsub
<LI><a href="#[21c]">&gt;&gt;</a>&nbsp;&nbsp;&nbsp;pow
<LI><a href="#[177]">&gt;&gt;</a>&nbsp;&nbsp;&nbsp;floor
<LI><a href="#[78]">&gt;&gt;</a>&nbsp;&nbsp;&nbsp;__aeabi_drsub
<LI><a href="#[c2]">&gt;&gt;</a>&nbsp;&nbsp;&nbsp;_fp_digits
<LI><a href="#[b9]">&gt;&gt;</a>&nbsp;&nbsp;&nbsp;__kernel_poly
<LI><a href="#[bd]">&gt;&gt;</a>&nbsp;&nbsp;&nbsp;__mathlib_dbl_infnan2
</UL>

<P><STRONG><a name="[77]"></a>__aeabi_dsub</STRONG> (Thumb, 6 bytes, Stack size 0 bytes, dadd.o(.text))
<BR><BR>[Stack]<UL><LI>Max Depth = 88<LI>Call Chain = __aeabi_dsub &rArr; __aeabi_dadd &rArr; _double_epilogue &rArr; _double_round
</UL>
<BR>[Calls]<UL><LI><a href="#[72]">&gt;&gt;</a>&nbsp;&nbsp;&nbsp;__aeabi_dadd
</UL>
<BR>[Called By]<UL><LI><a href="#[1d0]">&gt;&gt;</a>&nbsp;&nbsp;&nbsp;luaV_execute
<LI><a href="#[20a]">&gt;&gt;</a>&nbsp;&nbsp;&nbsp;numarith
<LI><a href="#[21c]">&gt;&gt;</a>&nbsp;&nbsp;&nbsp;pow
</UL>

<P><STRONG><a name="[78]"></a>__aeabi_drsub</STRONG> (Thumb, 6 bytes, Stack size 0 bytes, dadd.o(.text))
<BR><BR>[Stack]<UL><LI>Max Depth = 88<LI>Call Chain = __aeabi_drsub &rArr; __aeabi_dadd &rArr; _double_epilogue &rArr; _double_round
</UL>
<BR>[Calls]<UL><LI><a href="#[72]">&gt;&gt;</a>&nbsp;&nbsp;&nbsp;__aeabi_dadd
</UL>
<BR>[Called By]<UL><LI><a href="#[21c]">&gt;&gt;</a>&nbsp;&nbsp;&nbsp;pow
<LI><a href="#[178]">&gt;&gt;</a>&nbsp;&nbsp;&nbsp;fmod
<LI><a href="#[177]">&gt;&gt;</a>&nbsp;&nbsp;&nbsp;floor
</UL>

<P><STRONG><a name="[79]"></a>__aeabi_dmul</STRONG> (Thumb, 228 bytes, Stack size 48 bytes, dmul.o(.text))
<BR><BR>[Stack]<UL><LI>Max Depth = 88<LI>Call Chain = __aeabi_dmul &rArr; _double_epilogue &rArr; _double_round
</UL>
<BR>[Calls]<UL><LI><a href="#[75]">&gt;&gt;</a>&nbsp;&nbsp;&nbsp;_double_epilogue
</UL>
<BR>[Called By]<UL><LI><a href="#[1d0]">&gt;&gt;</a>&nbsp;&nbsp;&nbsp;luaV_execute
<LI><a href="#[20a]">&gt;&gt;</a>&nbsp;&nbsp;&nbsp;numarith
<LI><a href="#[21c]">&gt;&gt;</a>&nbsp;&nbsp;&nbsp;pow
<LI><a href="#[1aa]">&gt;&gt;</a>&nbsp;&nbsp;&nbsp;l_hashfloat
<LI><a href="#[c2]">&gt;&gt;</a>&nbsp;&nbsp;&nbsp;_fp_digits
<LI><a href="#[88]">&gt;&gt;</a>&nbsp;&nbsp;&nbsp;_fp_value
<LI><a href="#[b9]">&gt;&gt;</a>&nbsp;&nbsp;&nbsp;__kernel_poly
</UL>

<P><STRONG><a name="[7a]"></a>__aeabi_ddiv</STRONG> (Thumb, 222 bytes, Stack size 32 bytes, ddiv.o(.text))
<BR><BR>[Stack]<UL><LI>Max Depth = 40<LI>Call Chain = __aeabi_ddiv &rArr; _double_round
</UL>
<BR>[Calls]<UL><LI><a href="#[76]">&gt;&gt;</a>&nbsp;&nbsp;&nbsp;_double_round
</UL>
<BR>[Called By]<UL><LI><a href="#[1d0]">&gt;&gt;</a>&nbsp;&nbsp;&nbsp;luaV_execute
<LI><a href="#[20a]">&gt;&gt;</a>&nbsp;&nbsp;&nbsp;numarith
<LI><a href="#[21c]">&gt;&gt;</a>&nbsp;&nbsp;&nbsp;pow
<LI><a href="#[c2]">&gt;&gt;</a>&nbsp;&nbsp;&nbsp;_fp_digits
<LI><a href="#[88]">&gt;&gt;</a>&nbsp;&nbsp;&nbsp;_fp_value
<LI><a href="#[be]">&gt;&gt;</a>&nbsp;&nbsp;&nbsp;__mathlib_dbl_invalid
<LI><a href="#[bc]">&gt;&gt;</a>&nbsp;&nbsp;&nbsp;__mathlib_dbl_divzero
</UL>

<P><STRONG><a name="[7b]"></a>__aeabi_i2d</STRONG> (Thumb, 34 bytes, Stack size 16 bytes, dflti.o(.text))
<BR><BR>[Stack]<UL><LI>Max Depth = 56<LI>Call Chain = __aeabi_i2d &rArr; _double_epilogue &rArr; _double_round
</UL>
<BR>[Calls]<UL><LI><a href="#[75]">&gt;&gt;</a>&nbsp;&nbsp;&nbsp;_double_epilogue
</UL>
<BR>[Called By]<UL><LI><a href="#[21c]">&gt;&gt;</a>&nbsp;&nbsp;&nbsp;pow
</UL>

<P><STRONG><a name="[7c]"></a>__aeabi_l2d</STRONG> (Thumb, 40 bytes, Stack size 24 bytes, dfltl.o(.text))
<BR><BR>[Stack]<UL><LI>Max Depth = 64<LI>Call Chain = __aeabi_l2d &rArr; _double_epilogue &rArr; _double_round
</UL>
<BR>[Calls]<UL><LI><a href="#[75]">&gt;&gt;</a>&nbsp;&nbsp;&nbsp;_double_epilogue
</UL>
<BR>[Called By]<UL><LI><a href="#[17d]">&gt;&gt;</a>&nbsp;&nbsp;&nbsp;luaV_tonumber_
<LI><a href="#[13e]">&gt;&gt;</a>&nbsp;&nbsp;&nbsp;validop
<LI><a href="#[9b]">&gt;&gt;</a>&nbsp;&nbsp;&nbsp;LTintfloat
<LI><a href="#[96]">&gt;&gt;</a>&nbsp;&nbsp;&nbsp;LEintfloat
</UL>

<P><STRONG><a name="[7d]"></a>__aeabi_d2lz</STRONG> (Thumb, 74 bytes, Stack size 16 bytes, dfixl.o(.text))
<BR><BR>[Stack]<UL><LI>Max Depth = 16<LI>Call Chain = __aeabi_d2lz
</UL>
<BR>[Calls]<UL><LI><a href="#[7e]">&gt;&gt;</a>&nbsp;&nbsp;&nbsp;__aeabi_llsr
<LI><a href="#[73]">&gt;&gt;</a>&nbsp;&nbsp;&nbsp;__aeabi_llsl
</UL>
<BR>[Called By]<UL><LI><a href="#[17c]">&gt;&gt;</a>&nbsp;&nbsp;&nbsp;luaV_tointeger
<LI><a href="#[9b]">&gt;&gt;</a>&nbsp;&nbsp;&nbsp;LTintfloat
<LI><a href="#[96]">&gt;&gt;</a>&nbsp;&nbsp;&nbsp;LEintfloat
<LI><a href="#[1aa]">&gt;&gt;</a>&nbsp;&nbsp;&nbsp;l_hashfloat
</UL>

<P><STRONG><a name="[9a]"></a>__aeabi_cdcmpeq</STRONG> (Thumb, 0 bytes, Stack size 0 bytes, cdcmple.o(.text))
<BR><BR>[Called By]<UL><LI><a href="#[17c]">&gt;&gt;</a>&nbsp;&nbsp;&nbsp;luaV_tointeger
<LI><a href="#[c8]">&gt;&gt;</a>&nbsp;&nbsp;&nbsp;luaV_equalobj
<LI><a href="#[13e]">&gt;&gt;</a>&nbsp;&nbsp;&nbsp;validop
<LI><a href="#[13c]">&gt;&gt;</a>&nbsp;&nbsp;&nbsp;constfolding
<LI><a href="#[9c]">&gt;&gt;</a>&nbsp;&nbsp;&nbsp;LTnum
<LI><a href="#[99]">&gt;&gt;</a>&nbsp;&nbsp;&nbsp;LEnum
<LI><a href="#[102]">&gt;&gt;</a>&nbsp;&nbsp;&nbsp;checkHeader
<LI><a href="#[1f7]">&gt;&gt;</a>&nbsp;&nbsp;&nbsp;luaH_newkey
</UL>

<P><STRONG><a name="[98]"></a>__aeabi_cdcmple</STRONG> (Thumb, 48 bytes, Stack size 0 bytes, cdcmple.o(.text))
<BR><BR>[Called By]<UL><LI><a href="#[17c]">&gt;&gt;</a>&nbsp;&nbsp;&nbsp;luaV_tointeger
<LI><a href="#[1d0]">&gt;&gt;</a>&nbsp;&nbsp;&nbsp;luaV_execute
<LI><a href="#[20a]">&gt;&gt;</a>&nbsp;&nbsp;&nbsp;numarith
<LI><a href="#[17b]">&gt;&gt;</a>&nbsp;&nbsp;&nbsp;forlimit
<LI><a href="#[9c]">&gt;&gt;</a>&nbsp;&nbsp;&nbsp;LTnum
<LI><a href="#[9b]">&gt;&gt;</a>&nbsp;&nbsp;&nbsp;LTintfloat
<LI><a href="#[99]">&gt;&gt;</a>&nbsp;&nbsp;&nbsp;LEnum
<LI><a href="#[96]">&gt;&gt;</a>&nbsp;&nbsp;&nbsp;LEintfloat
<LI><a href="#[1aa]">&gt;&gt;</a>&nbsp;&nbsp;&nbsp;l_hashfloat
</UL>

<P><STRONG><a name="[97]"></a>__aeabi_cdrcmple</STRONG> (Thumb, 48 bytes, Stack size 0 bytes, cdrcmple.o(.text))
<BR><BR>[Called By]<UL><LI><a href="#[17c]">&gt;&gt;</a>&nbsp;&nbsp;&nbsp;luaV_tointeger
<LI><a href="#[21c]">&gt;&gt;</a>&nbsp;&nbsp;&nbsp;pow
<LI><a href="#[177]">&gt;&gt;</a>&nbsp;&nbsp;&nbsp;floor
<LI><a href="#[9b]">&gt;&gt;</a>&nbsp;&nbsp;&nbsp;LTintfloat
<LI><a href="#[96]">&gt;&gt;</a>&nbsp;&nbsp;&nbsp;LEintfloat
<LI><a href="#[1aa]">&gt;&gt;</a>&nbsp;&nbsp;&nbsp;l_hashfloat
<LI><a href="#[c2]">&gt;&gt;</a>&nbsp;&nbsp;&nbsp;_fp_digits
</UL>

<P><STRONG><a name="[7f]"></a>__aeabi_d2f</STRONG> (Thumb, 56 bytes, Stack size 8 bytes, d2f.o(.text), UNUSED)
<BR><BR>[Calls]<UL><LI><a href="#[80]">&gt;&gt;</a>&nbsp;&nbsp;&nbsp;_float_round
</UL>
<BR>[Called By]<UL><LI><a href="#[8a]">&gt;&gt;</a>&nbsp;&nbsp;&nbsp;_scanf_really_real
</UL>

<P><STRONG><a name="[1de]"></a>setjmp</STRONG> (Thumb, 26 bytes, Stack size 8 bytes, setjmp.o(.text))
<BR><BR>[Stack]<UL><LI>Max Depth = 8<LI>Call Chain = setjmp
</UL>
<BR>[Called By]<UL><LI><a href="#[1d5]">&gt;&gt;</a>&nbsp;&nbsp;&nbsp;luaD_rawrunprotected
</UL>

<P><STRONG><a name="[1e2]"></a>longjmp</STRONG> (Thumb, 36 bytes, Stack size 0 bytes, setjmp.o(.text))
<BR><BR>[Called By]<UL><LI><a href="#[91]">&gt;&gt;</a>&nbsp;&nbsp;&nbsp;luaD_throw
</UL>

<P><STRONG><a name="[262]"></a>__aeabi_uidiv</STRONG> (Thumb, 0 bytes, Stack size 12 bytes, uidiv.o(.text), UNUSED)

<P><STRONG><a name="[c5]"></a>__aeabi_uidivmod</STRONG> (Thumb, 44 bytes, Stack size 12 bytes, uidiv.o(.text), UNUSED)
<BR><BR>[Called By]<UL><LI><a href="#[b7]">&gt;&gt;</a>&nbsp;&nbsp;&nbsp;_printf_core
</UL>

<P><STRONG><a name="[6e]"></a>__aeabi_uldivmod</STRONG> (Thumb, 98 bytes, Stack size 40 bytes, uldiv.o(.text))
<BR><BR>[Stack]<UL><LI>Max Depth = 40<LI>Call Chain = __aeabi_uldivmod
</UL>
<BR>[Calls]<UL><LI><a href="#[7e]">&gt;&gt;</a>&nbsp;&nbsp;&nbsp;__aeabi_llsr
<LI><a href="#[73]">&gt;&gt;</a>&nbsp;&nbsp;&nbsp;__aeabi_llsl
</UL>
<BR>[Called By]<UL><LI><a href="#[b7]">&gt;&gt;</a>&nbsp;&nbsp;&nbsp;_printf_core
<LI><a href="#[c2]">&gt;&gt;</a>&nbsp;&nbsp;&nbsp;_fp_digits
<LI><a href="#[6d]">&gt;&gt;</a>&nbsp;&nbsp;&nbsp;__aeabi_ldivmod
</UL>

<P><STRONG><a name="[74]"></a>__aeabi_lasr</STRONG> (Thumb, 36 bytes, Stack size 0 bytes, llsshr.o(.text))
<BR><BR>[Called By]<UL><LI><a href="#[72]">&gt;&gt;</a>&nbsp;&nbsp;&nbsp;__aeabi_dadd
</UL>

<P><STRONG><a name="[263]"></a>_ll_sshift_r</STRONG> (Thumb, 0 bytes, Stack size 0 bytes, llsshr.o(.text), UNUSED)

<P><STRONG><a name="[83]"></a>__strtod_int</STRONG> (Thumb, 88 bytes, Stack size 40 bytes, strtod.o(.text))
<BR><BR>[Stack]<UL><LI>Max Depth = 200<LI>Call Chain = __strtod_int &rArr; _local_sscanf &rArr; _scanf_real
</UL>
<BR>[Calls]<UL><LI><a href="#[81]">&gt;&gt;</a>&nbsp;&nbsp;&nbsp;_local_sscanf
</UL>
<BR>[Called By]<UL><LI><a href="#[1b0]">&gt;&gt;</a>&nbsp;&nbsp;&nbsp;strtod
</UL>

<P><STRONG><a name="[264]"></a>__I$use$fp</STRONG> (Thumb, 0 bytes, Stack size 0 bytes, iusefp.o(.text), UNUSED)

<P><STRONG><a name="[80]"></a>_float_round</STRONG> (Thumb, 18 bytes, Stack size 0 bytes, fepilogue.o(.text), UNUSED)
<BR><BR>[Called By]<UL><LI><a href="#[7f]">&gt;&gt;</a>&nbsp;&nbsp;&nbsp;__aeabi_d2f
</UL>

<P><STRONG><a name="[265]"></a>_float_epilogue</STRONG> (Thumb, 92 bytes, Stack size 4 bytes, fepilogue.o(.text), UNUSED)

<P><STRONG><a name="[76]"></a>_double_round</STRONG> (Thumb, 30 bytes, Stack size 8 bytes, depilogue.o(.text))
<BR><BR>[Stack]<UL><LI>Max Depth = 8<LI>Call Chain = _double_round
</UL>
<BR>[Called By]<UL><LI><a href="#[7a]">&gt;&gt;</a>&nbsp;&nbsp;&nbsp;__aeabi_ddiv
<LI><a href="#[72]">&gt;&gt;</a>&nbsp;&nbsp;&nbsp;__aeabi_dadd
<LI><a href="#[84]">&gt;&gt;</a>&nbsp;&nbsp;&nbsp;_dsqrt
<LI><a href="#[75]">&gt;&gt;</a>&nbsp;&nbsp;&nbsp;_double_epilogue
</UL>

<P><STRONG><a name="[75]"></a>_double_epilogue</STRONG> (Thumb, 156 bytes, Stack size 32 bytes, depilogue.o(.text))
<BR><BR>[Stack]<UL><LI>Max Depth = 40<LI>Call Chain = _double_epilogue &rArr; _double_round
</UL>
<BR>[Calls]<UL><LI><a href="#[7e]">&gt;&gt;</a>&nbsp;&nbsp;&nbsp;__aeabi_llsr
<LI><a href="#[73]">&gt;&gt;</a>&nbsp;&nbsp;&nbsp;__aeabi_llsl
<LI><a href="#[76]">&gt;&gt;</a>&nbsp;&nbsp;&nbsp;_double_round
</UL>
<BR>[Called By]<UL><LI><a href="#[7b]">&gt;&gt;</a>&nbsp;&nbsp;&nbsp;__aeabi_i2d
<LI><a href="#[72]">&gt;&gt;</a>&nbsp;&nbsp;&nbsp;__aeabi_dadd
<LI><a href="#[7c]">&gt;&gt;</a>&nbsp;&nbsp;&nbsp;__aeabi_l2d
<LI><a href="#[79]">&gt;&gt;</a>&nbsp;&nbsp;&nbsp;__aeabi_dmul
<LI><a href="#[85]">&gt;&gt;</a>&nbsp;&nbsp;&nbsp;_drem
<LI><a href="#[89]">&gt;&gt;</a>&nbsp;&nbsp;&nbsp;__aeabi_ul2d
</UL>

<P><STRONG><a name="[c0]"></a>__ARM_scalbn</STRONG> (Thumb, 46 bytes, Stack size 16 bytes, dscalb.o(.text))
<BR><BR>[Stack]<UL><LI>Max Depth = 16<LI>Call Chain = __ARM_scalbn
</UL>
<BR>[Called By]<UL><LI><a href="#[21c]">&gt;&gt;</a>&nbsp;&nbsp;&nbsp;pow
<LI><a href="#[18c]">&gt;&gt;</a>&nbsp;&nbsp;&nbsp;frexp
<LI><a href="#[c1]">&gt;&gt;</a>&nbsp;&nbsp;&nbsp;__mathlib_dbl_underflow
<LI><a href="#[bf]">&gt;&gt;</a>&nbsp;&nbsp;&nbsp;__mathlib_dbl_overflow
</UL>

<P><STRONG><a name="[266]"></a>scalbn</STRONG> (Thumb, 0 bytes, Stack size 16 bytes, dscalb.o(.text), UNUSED)

<P><STRONG><a name="[84]"></a>_dsqrt</STRONG> (Thumb, 162 bytes, Stack size 32 bytes, dsqrt.o(.text))
<BR><BR>[Stack]<UL><LI>Max Depth = 40<LI>Call Chain = _dsqrt &rArr; _double_round
</UL>
<BR>[Calls]<UL><LI><a href="#[7e]">&gt;&gt;</a>&nbsp;&nbsp;&nbsp;__aeabi_llsr
<LI><a href="#[76]">&gt;&gt;</a>&nbsp;&nbsp;&nbsp;_double_round
</UL>
<BR>[Called By]<UL><LI><a href="#[235]">&gt;&gt;</a>&nbsp;&nbsp;&nbsp;sqrt
</UL>

<P><STRONG><a name="[85]"></a>_drem</STRONG> (Thumb, 134 bytes, Stack size 48 bytes, drem.o(.text))
<BR><BR>[Stack]<UL><LI>Max Depth = 88<LI>Call Chain = _drem &rArr; _double_epilogue &rArr; _double_round
</UL>
<BR>[Calls]<UL><LI><a href="#[75]">&gt;&gt;</a>&nbsp;&nbsp;&nbsp;_double_epilogue
</UL>
<BR>[Called By]<UL><LI><a href="#[178]">&gt;&gt;</a>&nbsp;&nbsp;&nbsp;fmod
</UL>

<P><STRONG><a name="[86]"></a>__aeabi_d2ulz</STRONG> (Thumb, 48 bytes, Stack size 0 bytes, dfixul.o(.text), UNUSED)
<BR><BR>[Calls]<UL><LI><a href="#[7e]">&gt;&gt;</a>&nbsp;&nbsp;&nbsp;__aeabi_llsr
<LI><a href="#[73]">&gt;&gt;</a>&nbsp;&nbsp;&nbsp;__aeabi_llsl
</UL>
<BR>[Called By]<UL><LI><a href="#[c2]">&gt;&gt;</a>&nbsp;&nbsp;&nbsp;_fp_digits
</UL>

<P><STRONG><a name="[6c]"></a>__scatterload</STRONG> (Thumb, 28 bytes, Stack size 0 bytes, init.o(.text))
<BR><BR>[Calls]<UL><LI><a href="#[87]">&gt;&gt;</a>&nbsp;&nbsp;&nbsp;__main_after_scatterload
</UL>
<BR>[Called By]<UL><LI><a href="#[6b]">&gt;&gt;</a>&nbsp;&nbsp;&nbsp;_main_scatterload
</UL>

<P><STRONG><a name="[267]"></a>__scatterload_rt2</STRONG> (Thumb, 0 bytes, Stack size 0 bytes, init.o(.text), UNUSED)

<P><STRONG><a name="[82]"></a>_scanf_real</STRONG> (Thumb, 0 bytes, Stack size 104 bytes, scanf_fp.o(.text))
<BR><BR>[Stack]<UL><LI>Max Depth = 104<LI>Call Chain = _scanf_real
</UL>
<BR>[Called By]<UL><LI><a href="#[81]">&gt;&gt;</a>&nbsp;&nbsp;&nbsp;_local_sscanf
</UL>

<P><STRONG><a name="[8a]"></a>_scanf_really_real</STRONG> (Thumb, 556 bytes, Stack size 104 bytes, scanf_fp.o(.text), UNUSED)
<BR><BR>[Calls]<UL><LI><a href="#[7f]">&gt;&gt;</a>&nbsp;&nbsp;&nbsp;__aeabi_d2f
<LI><a href="#[8b]">&gt;&gt;</a>&nbsp;&nbsp;&nbsp;_is_digit
<LI><a href="#[88]">&gt;&gt;</a>&nbsp;&nbsp;&nbsp;_fp_value
</UL>

<P><STRONG><a name="[5c]"></a>_sgetc</STRONG> (Thumb, 30 bytes, Stack size 0 bytes, _sgetc.o(.text))
<BR>[Address Reference Count : 1]<UL><LI> strtod.o(.text)
</UL>
<P><STRONG><a name="[5d]"></a>_sbackspace</STRONG> (Thumb, 34 bytes, Stack size 0 bytes, _sgetc.o(.text))
<BR>[Address Reference Count : 1]<UL><LI> strtod.o(.text)
</UL>
<P><STRONG><a name="[89]"></a>__aeabi_ul2d</STRONG> (Thumb, 24 bytes, Stack size 16 bytes, dfltul.o(.text), UNUSED)
<BR><BR>[Calls]<UL><LI><a href="#[75]">&gt;&gt;</a>&nbsp;&nbsp;&nbsp;_double_epilogue
</UL>
<BR>[Called By]<UL><LI><a href="#[88]">&gt;&gt;</a>&nbsp;&nbsp;&nbsp;_fp_value
</UL>

<P><STRONG><a name="[17]"></a>BusFault_Handler</STRONG> (Thumb, 4 bytes, Stack size 0 bytes, stm32f10x_it.o(i.BusFault_Handler))
<BR>[Address Reference Count : 1]<UL><LI> startup_stm32f10x_hd.o(RESET)
</UL>
<P><STRONG><a name="[1a]"></a>DebugMon_Handler</STRONG> (Thumb, 2 bytes, Stack size 0 bytes, stm32f10x_it.o(i.DebugMon_Handler))
<BR>[Address Reference Count : 1]<UL><LI> startup_stm32f10x_hd.o(RESET)
</UL>
<P><STRONG><a name="[94]"></a>GPIO_Init</STRONG> (Thumb, 278 bytes, Stack size 24 bytes, stm32f10x_gpio.o(i.GPIO_Init))
<BR><BR>[Stack]<UL><LI>Max Depth = 24<LI>Call Chain = GPIO_Init
</UL>
<BR>[Called By]<UL><LI><a href="#[22d]">&gt;&gt;</a>&nbsp;&nbsp;&nbsp;uart_init
<LI><a href="#[92]">&gt;&gt;</a>&nbsp;&nbsp;&nbsp;LED_Init
</UL>

<P><STRONG><a name="[95]"></a>GPIO_SetBits</STRONG> (Thumb, 4 bytes, Stack size 0 bytes, stm32f10x_gpio.o(i.GPIO_SetBits))
<BR><BR>[Called By]<UL><LI><a href="#[92]">&gt;&gt;</a>&nbsp;&nbsp;&nbsp;LED_Init
</UL>

<P><STRONG><a name="[15]"></a>HardFault_Handler</STRONG> (Thumb, 4 bytes, Stack size 0 bytes, stm32f10x_it.o(i.HardFault_Handler))
<BR>[Address Reference Count : 1]<UL><LI> startup_stm32f10x_hd.o(RESET)
</UL>
<P><STRONG><a name="[92]"></a>LED_Init</STRONG> (Thumb, 68 bytes, Stack size 8 bytes, led.o(i.LED_Init))
<BR><BR>[Stack]<UL><LI>Max Depth = 32<LI>Call Chain = LED_Init &rArr; GPIO_Init
</UL>
<BR>[Calls]<UL><LI><a href="#[93]">&gt;&gt;</a>&nbsp;&nbsp;&nbsp;RCC_APB2PeriphClockCmd
<LI><a href="#[95]">&gt;&gt;</a>&nbsp;&nbsp;&nbsp;GPIO_SetBits
<LI><a href="#[94]">&gt;&gt;</a>&nbsp;&nbsp;&nbsp;GPIO_Init
</UL>
<BR>[Called By]<UL><LI><a href="#[59]">&gt;&gt;</a>&nbsp;&nbsp;&nbsp;main
</UL>

<P><STRONG><a name="[16]"></a>MemManage_Handler</STRONG> (Thumb, 4 bytes, Stack size 0 bytes, stm32f10x_it.o(i.MemManage_Handler))
<BR>[Address Reference Count : 1]<UL><LI> startup_stm32f10x_hd.o(RESET)
</UL>
<P><STRONG><a name="[14]"></a>NMI_Handler</STRONG> (Thumb, 2 bytes, Stack size 0 bytes, stm32f10x_it.o(i.NMI_Handler))
<BR>[Address Reference Count : 1]<UL><LI> startup_stm32f10x_hd.o(RESET)
</UL>
<P><STRONG><a name="[255]"></a>NVIC_Init</STRONG> (Thumb, 100 bytes, Stack size 16 bytes, misc.o(i.NVIC_Init))
<BR><BR>[Stack]<UL><LI>Max Depth = 16<LI>Call Chain = NVIC_Init
</UL>
<BR>[Called By]<UL><LI><a href="#[22d]">&gt;&gt;</a>&nbsp;&nbsp;&nbsp;uart_init
</UL>

<P><STRONG><a name="[1b]"></a>PendSV_Handler</STRONG> (Thumb, 2 bytes, Stack size 0 bytes, stm32f10x_it.o(i.PendSV_Handler))
<BR>[Address Reference Count : 1]<UL><LI> startup_stm32f10x_hd.o(RESET)
</UL>
<P><STRONG><a name="[93]"></a>RCC_APB2PeriphClockCmd</STRONG> (Thumb, 26 bytes, Stack size 0 bytes, stm32f10x_rcc.o(i.RCC_APB2PeriphClockCmd))
<BR><BR>[Called By]<UL><LI><a href="#[22d]">&gt;&gt;</a>&nbsp;&nbsp;&nbsp;uart_init
<LI><a href="#[92]">&gt;&gt;</a>&nbsp;&nbsp;&nbsp;LED_Init
</UL>

<P><STRONG><a name="[b5]"></a>RCC_GetClocksFreq</STRONG> (Thumb, 192 bytes, Stack size 12 bytes, stm32f10x_rcc.o(i.RCC_GetClocksFreq))
<BR><BR>[Stack]<UL><LI>Max Depth = 12<LI>Call Chain = RCC_GetClocksFreq
</UL>
<BR>[Called By]<UL><LI><a href="#[b4]">&gt;&gt;</a>&nbsp;&nbsp;&nbsp;USART_Init
</UL>

<P><STRONG><a name="[19]"></a>SVC_Handler</STRONG> (Thumb, 2 bytes, Stack size 0 bytes, stm32f10x_it.o(i.SVC_Handler))
<BR>[Address Reference Count : 1]<UL><LI> startup_stm32f10x_hd.o(RESET)
</UL>
<P><STRONG><a name="[14f]"></a>SysTick_CLKSourceConfig</STRONG> (Thumb, 40 bytes, Stack size 0 bytes, misc.o(i.SysTick_CLKSourceConfig))
<BR><BR>[Called By]<UL><LI><a href="#[14e]">&gt;&gt;</a>&nbsp;&nbsp;&nbsp;delay_init
</UL>

<P><STRONG><a name="[1c]"></a>SysTick_Handler</STRONG> (Thumb, 2 bytes, Stack size 0 bytes, stm32f10x_it.o(i.SysTick_Handler))
<BR>[Address Reference Count : 1]<UL><LI> startup_stm32f10x_hd.o(RESET)
</UL>
<P><STRONG><a name="[5a]"></a>SystemInit</STRONG> (Thumb, 78 bytes, Stack size 8 bytes, system_stm32f10x.o(i.SystemInit))
<BR><BR>[Stack]<UL><LI>Max Depth = 28<LI>Call Chain = SystemInit &rArr; SetSysClock &rArr; SetSysClockTo72
</UL>
<BR>[Calls]<UL><LI><a href="#[b0]">&gt;&gt;</a>&nbsp;&nbsp;&nbsp;SetSysClock
</UL>
<BR>[Address Reference Count : 1]<UL><LI> startup_stm32f10x_hd.o(.text)
</UL>
<P><STRONG><a name="[42]"></a>USART1_IRQHandler</STRONG> (Thumb, 122 bytes, Stack size 8 bytes, usart.o(i.USART1_IRQHandler))
<BR><BR>[Stack]<UL><LI>Max Depth = 24<LI>Call Chain = USART1_IRQHandler &rArr; USART_GetITStatus
</UL>
<BR>[Calls]<UL><LI><a href="#[b3]">&gt;&gt;</a>&nbsp;&nbsp;&nbsp;USART_ReceiveData
<LI><a href="#[b2]">&gt;&gt;</a>&nbsp;&nbsp;&nbsp;USART_GetITStatus
</UL>
<BR>[Address Reference Count : 1]<UL><LI> startup_stm32f10x_hd.o(RESET)
</UL>
<P><STRONG><a name="[257]"></a>USART_Cmd</STRONG> (Thumb, 24 bytes, Stack size 0 bytes, stm32f10x_usart.o(i.USART_Cmd))
<BR><BR>[Called By]<UL><LI><a href="#[22d]">&gt;&gt;</a>&nbsp;&nbsp;&nbsp;uart_init
</UL>

<P><STRONG><a name="[b2]"></a>USART_GetITStatus</STRONG> (Thumb, 84 bytes, Stack size 16 bytes, stm32f10x_usart.o(i.USART_GetITStatus))
<BR><BR>[Stack]<UL><LI>Max Depth = 16<LI>Call Chain = USART_GetITStatus
</UL>
<BR>[Called By]<UL><LI><a href="#[42]">&gt;&gt;</a>&nbsp;&nbsp;&nbsp;USART1_IRQHandler
</UL>

<P><STRONG><a name="[256]"></a>USART_ITConfig</STRONG> (Thumb, 74 bytes, Stack size 20 bytes, stm32f10x_usart.o(i.USART_ITConfig))
<BR><BR>[Stack]<UL><LI>Max Depth = 20<LI>Call Chain = USART_ITConfig
</UL>
<BR>[Called By]<UL><LI><a href="#[22d]">&gt;&gt;</a>&nbsp;&nbsp;&nbsp;uart_init
</UL>

<P><STRONG><a name="[b4]"></a>USART_Init</STRONG> (Thumb, 210 bytes, Stack size 56 bytes, stm32f10x_usart.o(i.USART_Init))
<BR><BR>[Stack]<UL><LI>Max Depth = 68<LI>Call Chain = USART_Init &rArr; RCC_GetClocksFreq
</UL>
<BR>[Calls]<UL><LI><a href="#[b5]">&gt;&gt;</a>&nbsp;&nbsp;&nbsp;RCC_GetClocksFreq
</UL>
<BR>[Called By]<UL><LI><a href="#[22d]">&gt;&gt;</a>&nbsp;&nbsp;&nbsp;uart_init
</UL>

<P><STRONG><a name="[b3]"></a>USART_ReceiveData</STRONG> (Thumb, 10 bytes, Stack size 0 bytes, stm32f10x_usart.o(i.USART_ReceiveData))
<BR><BR>[Called By]<UL><LI><a href="#[42]">&gt;&gt;</a>&nbsp;&nbsp;&nbsp;USART1_IRQHandler
</UL>

<P><STRONG><a name="[18]"></a>UsageFault_Handler</STRONG> (Thumb, 4 bytes, Stack size 0 bytes, stm32f10x_it.o(i.UsageFault_Handler))
<BR>[Address Reference Count : 1]<UL><LI> startup_stm32f10x_hd.o(RESET)
</UL>
<P><STRONG><a name="[b6]"></a>__0fprintf</STRONG> (Thumb, 22 bytes, Stack size 24 bytes, printfa.o(i.__0fprintf), UNUSED)
<BR><BR>[Calls]<UL><LI><a href="#[b7]">&gt;&gt;</a>&nbsp;&nbsp;&nbsp;_printf_core
</UL>

<P><STRONG><a name="[268]"></a>__1fprintf</STRONG> (Thumb, 0 bytes, Stack size 24 bytes, printfa.o(i.__0fprintf), UNUSED)

<P><STRONG><a name="[233]"></a>__2fprintf</STRONG> (Thumb, 0 bytes, Stack size 24 bytes, printfa.o(i.__0fprintf))
<BR><BR>[Stack]<UL><LI>Max Depth = 24<LI>Call Chain = __2fprintf
</UL>
<BR>[Called By]<UL><LI><a href="#[65]">&gt;&gt;</a>&nbsp;&nbsp;&nbsp;panic
</UL>

<P><STRONG><a name="[269]"></a>__c89fprintf</STRONG> (Thumb, 0 bytes, Stack size 24 bytes, printfa.o(i.__0fprintf), UNUSED)

<P><STRONG><a name="[26a]"></a>fprintf</STRONG> (Thumb, 0 bytes, Stack size 24 bytes, printfa.o(i.__0fprintf), UNUSED)

<P><STRONG><a name="[b8]"></a>__0snprintf</STRONG> (Thumb, 36 bytes, Stack size 32 bytes, printfa.o(i.__0snprintf), UNUSED)
<BR><BR>[Calls]<UL><LI><a href="#[b7]">&gt;&gt;</a>&nbsp;&nbsp;&nbsp;_printf_core
</UL>

<P><STRONG><a name="[26b]"></a>__1snprintf</STRONG> (Thumb, 0 bytes, Stack size 32 bytes, printfa.o(i.__0snprintf), UNUSED)

<P><STRONG><a name="[20e]"></a>__2snprintf</STRONG> (Thumb, 0 bytes, Stack size 32 bytes, printfa.o(i.__0snprintf))
<BR><BR>[Stack]<UL><LI>Max Depth = 32<LI>Call Chain = __2snprintf
</UL>
<BR>[Called By]<UL><LI><a href="#[20d]">&gt;&gt;</a>&nbsp;&nbsp;&nbsp;luaO_tostring
<LI><a href="#[1ed]">&gt;&gt;</a>&nbsp;&nbsp;&nbsp;luaO_pushvfstring
</UL>

<P><STRONG><a name="[26c]"></a>__c89snprintf</STRONG> (Thumb, 0 bytes, Stack size 32 bytes, printfa.o(i.__0snprintf), UNUSED)

<P><STRONG><a name="[26d]"></a>snprintf</STRONG> (Thumb, 0 bytes, Stack size 32 bytes, printfa.o(i.__0snprintf), UNUSED)

<P><STRONG><a name="[236]"></a>__ARM_fpclassify</STRONG> (Thumb, 40 bytes, Stack size 0 bytes, fpclassify.o(i.__ARM_fpclassify))
<BR><BR>[Called By]<UL><LI><a href="#[21c]">&gt;&gt;</a>&nbsp;&nbsp;&nbsp;pow
</UL>

<P><STRONG><a name="[1a8]"></a>free</STRONG> (Thumb, 88 bytes, Stack size 12 bytes, mallocr.o(i.__free$realloc))
<BR><BR>[Stack]<UL><LI>Max Depth = 12<LI>Call Chain = free
</UL>
<BR>[Called By]<UL><LI><a href="#[64]">&gt;&gt;</a>&nbsp;&nbsp;&nbsp;l_alloc
<LI><a href="#[1a9]">&gt;&gt;</a>&nbsp;&nbsp;&nbsp;realloc
</UL>

<P><STRONG><a name="[b9]"></a>__kernel_poly</STRONG> (Thumb, 170 bytes, Stack size 24 bytes, poly.o(i.__kernel_poly))
<BR><BR>[Stack]<UL><LI>Max Depth = 112<LI>Call Chain = __kernel_poly &rArr; __aeabi_dadd &rArr; _double_epilogue &rArr; _double_round
</UL>
<BR>[Calls]<UL><LI><a href="#[72]">&gt;&gt;</a>&nbsp;&nbsp;&nbsp;__aeabi_dadd
<LI><a href="#[79]">&gt;&gt;</a>&nbsp;&nbsp;&nbsp;__aeabi_dmul
</UL>
<BR>[Called By]<UL><LI><a href="#[21c]">&gt;&gt;</a>&nbsp;&nbsp;&nbsp;pow
</UL>

<P><STRONG><a name="[ba]"></a>__malloc$realloc</STRONG> (Thumb, 64 bytes, Stack size 32 bytes, mallocr.o(i.__malloc$realloc))
<BR><BR>[Stack]<UL><LI>Max Depth = 56<LI>Call Chain = __malloc$realloc &rArr; internal_alloc
</UL>
<BR>[Calls]<UL><LI><a href="#[bb]">&gt;&gt;</a>&nbsp;&nbsp;&nbsp;internal_alloc
</UL>
<BR>[Called By]<UL><LI><a href="#[1a9]">&gt;&gt;</a>&nbsp;&nbsp;&nbsp;realloc
</UL>

<P><STRONG><a name="[bc]"></a>__mathlib_dbl_divzero</STRONG> (Thumb, 12 bytes, Stack size 0 bytes, dunder.o(i.__mathlib_dbl_divzero))
<BR><BR>[Stack]<UL><LI>Max Depth = 40<LI>Call Chain = __mathlib_dbl_divzero &rArr; __aeabi_ddiv &rArr; _double_round
</UL>
<BR>[Calls]<UL><LI><a href="#[7a]">&gt;&gt;</a>&nbsp;&nbsp;&nbsp;__aeabi_ddiv
</UL>
<BR>[Called By]<UL><LI><a href="#[21c]">&gt;&gt;</a>&nbsp;&nbsp;&nbsp;pow
</UL>

<P><STRONG><a name="[bd]"></a>__mathlib_dbl_infnan2</STRONG> (Thumb, 4 bytes, Stack size 0 bytes, dunder.o(i.__mathlib_dbl_infnan2))
<BR><BR>[Stack]<UL><LI>Max Depth = 88<LI>Call Chain = __mathlib_dbl_infnan2 &rArr; __aeabi_dadd &rArr; _double_epilogue &rArr; _double_round
</UL>
<BR>[Calls]<UL><LI><a href="#[72]">&gt;&gt;</a>&nbsp;&nbsp;&nbsp;__aeabi_dadd
</UL>
<BR>[Called By]<UL><LI><a href="#[21c]">&gt;&gt;</a>&nbsp;&nbsp;&nbsp;pow
</UL>

<P><STRONG><a name="[be]"></a>__mathlib_dbl_invalid</STRONG> (Thumb, 12 bytes, Stack size 0 bytes, dunder.o(i.__mathlib_dbl_invalid))
<BR><BR>[Stack]<UL><LI>Max Depth = 40<LI>Call Chain = __mathlib_dbl_invalid &rArr; __aeabi_ddiv &rArr; _double_round
</UL>
<BR>[Calls]<UL><LI><a href="#[7a]">&gt;&gt;</a>&nbsp;&nbsp;&nbsp;__aeabi_ddiv
</UL>
<BR>[Called By]<UL><LI><a href="#[21c]">&gt;&gt;</a>&nbsp;&nbsp;&nbsp;pow
<LI><a href="#[178]">&gt;&gt;</a>&nbsp;&nbsp;&nbsp;fmod
</UL>

<P><STRONG><a name="[bf]"></a>__mathlib_dbl_overflow</STRONG> (Thumb, 14 bytes, Stack size 0 bytes, dunder.o(i.__mathlib_dbl_overflow))
<BR><BR>[Stack]<UL><LI>Max Depth = 16<LI>Call Chain = __mathlib_dbl_overflow &rArr; __ARM_scalbn
</UL>
<BR>[Calls]<UL><LI><a href="#[c0]">&gt;&gt;</a>&nbsp;&nbsp;&nbsp;__ARM_scalbn
</UL>
<BR>[Called By]<UL><LI><a href="#[21c]">&gt;&gt;</a>&nbsp;&nbsp;&nbsp;pow
</UL>

<P><STRONG><a name="[c1]"></a>__mathlib_dbl_underflow</STRONG> (Thumb, 10 bytes, Stack size 0 bytes, dunder.o(i.__mathlib_dbl_underflow))
<BR><BR>[Stack]<UL><LI>Max Depth = 16<LI>Call Chain = __mathlib_dbl_underflow &rArr; __ARM_scalbn
</UL>
<BR>[Calls]<UL><LI><a href="#[c0]">&gt;&gt;</a>&nbsp;&nbsp;&nbsp;__ARM_scalbn
</UL>
<BR>[Called By]<UL><LI><a href="#[21c]">&gt;&gt;</a>&nbsp;&nbsp;&nbsp;pow
</UL>

<P><STRONG><a name="[26e]"></a>__scatterload_copy</STRONG> (Thumb, 14 bytes, Stack size unknown bytes, handlers.o(i.__scatterload_copy), UNUSED)

<P><STRONG><a name="[26f]"></a>__scatterload_null</STRONG> (Thumb, 2 bytes, Stack size unknown bytes, handlers.o(i.__scatterload_null), UNUSED)

<P><STRONG><a name="[270]"></a>__scatterload_zeroinit</STRONG> (Thumb, 14 bytes, Stack size unknown bytes, handlers.o(i.__scatterload_zeroinit), UNUSED)

<P><STRONG><a name="[179]"></a>__set_errno</STRONG> (Thumb, 6 bytes, Stack size 0 bytes, errno.o(i.__set_errno))
<BR><BR>[Called By]<UL><LI><a href="#[235]">&gt;&gt;</a>&nbsp;&nbsp;&nbsp;sqrt
<LI><a href="#[21c]">&gt;&gt;</a>&nbsp;&nbsp;&nbsp;pow
<LI><a href="#[178]">&gt;&gt;</a>&nbsp;&nbsp;&nbsp;fmod
</UL>

<P><STRONG><a name="[8b]"></a>_is_digit</STRONG> (Thumb, 14 bytes, Stack size 0 bytes, scanf_fp.o(i._is_digit), UNUSED)
<BR><BR>[Called By]<UL><LI><a href="#[8a]">&gt;&gt;</a>&nbsp;&nbsp;&nbsp;_scanf_really_real
</UL>

<P><STRONG><a name="[14e]"></a>delay_init</STRONG> (Thumb, 50 bytes, Stack size 8 bytes, delay.o(i.delay_init))
<BR><BR>[Stack]<UL><LI>Max Depth = 8<LI>Call Chain = delay_init
</UL>
<BR>[Calls]<UL><LI><a href="#[14f]">&gt;&gt;</a>&nbsp;&nbsp;&nbsp;SysTick_CLKSourceConfig
</UL>
<BR>[Called By]<UL><LI><a href="#[59]">&gt;&gt;</a>&nbsp;&nbsp;&nbsp;main
</UL>

<P><STRONG><a name="[1ba]"></a>delay_ms</STRONG> (Thumb, 72 bytes, Stack size 0 bytes, delay.o(i.delay_ms))
<BR><BR>[Called By]<UL><LI><a href="#[68]">&gt;&gt;</a>&nbsp;&nbsp;&nbsp;led_run
</UL>

<P><STRONG><a name="[177]"></a>floor</STRONG> (Thumb, 204 bytes, Stack size 24 bytes, floor.o(i.floor))
<BR><BR>[Stack]<UL><LI>Max Depth = 112<LI>Call Chain = floor &rArr; __aeabi_dadd &rArr; _double_epilogue &rArr; _double_round
</UL>
<BR>[Calls]<UL><LI><a href="#[72]">&gt;&gt;</a>&nbsp;&nbsp;&nbsp;__aeabi_dadd
<LI><a href="#[97]">&gt;&gt;</a>&nbsp;&nbsp;&nbsp;__aeabi_cdrcmple
<LI><a href="#[78]">&gt;&gt;</a>&nbsp;&nbsp;&nbsp;__aeabi_drsub
</UL>
<BR>[Called By]<UL><LI><a href="#[17c]">&gt;&gt;</a>&nbsp;&nbsp;&nbsp;luaV_tointeger
<LI><a href="#[1d0]">&gt;&gt;</a>&nbsp;&nbsp;&nbsp;luaV_execute
<LI><a href="#[20a]">&gt;&gt;</a>&nbsp;&nbsp;&nbsp;numarith
</UL>

<P><STRONG><a name="[178]"></a>fmod</STRONG> (Thumb, 144 bytes, Stack size 16 bytes, fmod.o(i.fmod))
<BR><BR>[Stack]<UL><LI>Max Depth = 104<LI>Call Chain = fmod &rArr; _drem &rArr; _double_epilogue &rArr; _double_round
</UL>
<BR>[Calls]<UL><LI><a href="#[85]">&gt;&gt;</a>&nbsp;&nbsp;&nbsp;_drem
<LI><a href="#[78]">&gt;&gt;</a>&nbsp;&nbsp;&nbsp;__aeabi_drsub
<LI><a href="#[179]">&gt;&gt;</a>&nbsp;&nbsp;&nbsp;__set_errno
<LI><a href="#[be]">&gt;&gt;</a>&nbsp;&nbsp;&nbsp;__mathlib_dbl_invalid
</UL>
<BR>[Called By]<UL><LI><a href="#[1d0]">&gt;&gt;</a>&nbsp;&nbsp;&nbsp;luaV_execute
<LI><a href="#[20a]">&gt;&gt;</a>&nbsp;&nbsp;&nbsp;numarith
</UL>

<P><STRONG><a name="[60]"></a>fputc</STRONG> (Thumb, 24 bytes, Stack size 0 bytes, usart.o(i.fputc))
<BR>[Address Reference Count : 1]<UL><LI> printfa.o(i.__0fprintf)
</UL>
<P><STRONG><a name="[18c]"></a>frexp</STRONG> (Thumb, 80 bytes, Stack size 8 bytes, frexp.o(i.frexp))
<BR><BR>[Stack]<UL><LI>Max Depth = 24<LI>Call Chain = frexp &rArr; __ARM_scalbn
</UL>
<BR>[Calls]<UL><LI><a href="#[c0]">&gt;&gt;</a>&nbsp;&nbsp;&nbsp;__ARM_scalbn
</UL>
<BR>[Called By]<UL><LI><a href="#[1aa]">&gt;&gt;</a>&nbsp;&nbsp;&nbsp;l_hashfloat
</UL>

<P><STRONG><a name="[ca]"></a>luaC_barrier_</STRONG> (Thumb, 52 bytes, Stack size 24 bytes, lgc.o(i.luaC_barrier_))
<BR><BR>[Stack]<UL><LI>Max Depth = 56<LI>Call Chain = luaC_barrier_ &rArr; reallymarkobject &rArr;  reallymarkobject (Cycle)
</UL>
<BR>[Calls]<UL><LI><a href="#[df]">&gt;&gt;</a>&nbsp;&nbsp;&nbsp;reallymarkobject
</UL>
<BR>[Called By]<UL><LI><a href="#[c6]">&gt;&gt;</a>&nbsp;&nbsp;&nbsp;addk
<LI><a href="#[231]">&gt;&gt;</a>&nbsp;&nbsp;&nbsp;registerlocalvar
<LI><a href="#[22e]">&gt;&gt;</a>&nbsp;&nbsp;&nbsp;newupvalue
<LI><a href="#[cb]">&gt;&gt;</a>&nbsp;&nbsp;&nbsp;addprototype
</UL>

<P><STRONG><a name="[ec]"></a>luaC_barrierback_</STRONG> (Thumb, 18 bytes, Stack size 0 bytes, lgc.o(i.luaC_barrierback_))
<BR><BR>[Called By]<UL><LI><a href="#[ed]">&gt;&gt;</a>&nbsp;&nbsp;&nbsp;luaV_finishset
<LI><a href="#[e9]">&gt;&gt;</a>&nbsp;&nbsp;&nbsp;auxsetstr
<LI><a href="#[1d0]">&gt;&gt;</a>&nbsp;&nbsp;&nbsp;luaV_execute
<LI><a href="#[1f7]">&gt;&gt;</a>&nbsp;&nbsp;&nbsp;luaH_newkey
</UL>

<P><STRONG><a name="[215]"></a>luaC_fix</STRONG> (Thumb, 24 bytes, Stack size 0 bytes, lgc.o(i.luaC_fix))
<BR><BR>[Called By]<UL><LI><a href="#[167]">&gt;&gt;</a>&nbsp;&nbsp;&nbsp;luaX_init
<LI><a href="#[166]">&gt;&gt;</a>&nbsp;&nbsp;&nbsp;luaT_init
<LI><a href="#[165]">&gt;&gt;</a>&nbsp;&nbsp;&nbsp;luaS_init
</UL>

<P><STRONG><a name="[11e]"></a>luaC_freeallobjects</STRONG> (Thumb, 74 bytes, Stack size 16 bytes, lgc.o(i.luaC_freeallobjects))
<BR><BR>[Stack]<UL><LI>Max Depth = 1880<LI>Call Chain = luaC_freeallobjects &rArr; sweeplist &rArr; freeobj &rArr; freeLclosure &rArr; luaC_upvdeccount &rArr; luaM_realloc_ &rArr; luaC_fullgc &rArr; luaC_runtilstate &rArr; singlestep &rArr; runafewfinalizers &rArr; GCTM &rArr; luaD_pcall &rArr; seterrorobj &rArr; luaS_newlstr &rArr; internshrstr &rArr; luaS_resize &rArr;  luaM_realloc_ (Cycle)
</UL>
<BR>[Calls]<UL><LI><a href="#[159]">&gt;&gt;</a>&nbsp;&nbsp;&nbsp;sweeplist
<LI><a href="#[e5]">&gt;&gt;</a>&nbsp;&nbsp;&nbsp;separatetobefnz
<LI><a href="#[fd]">&gt;&gt;</a>&nbsp;&nbsp;&nbsp;callallpendingfinalizers
</UL>
<BR>[Called By]<UL><LI><a href="#[11c]">&gt;&gt;</a>&nbsp;&nbsp;&nbsp;close_state
</UL>

<P><STRONG><a name="[1c5]"></a>luaC_fullgc</STRONG> (Thumb, 78 bytes, Stack size 16 bytes, lgc.o(i.luaC_fullgc))
<BR><BR>[Stack]<UL><LI>Max Depth = 1736<LI>Call Chain = luaC_fullgc &rArr; luaC_runtilstate &rArr; singlestep &rArr; runafewfinalizers &rArr; GCTM &rArr; luaD_pcall &rArr; seterrorobj &rArr; luaS_newlstr &rArr; internshrstr &rArr; luaS_resize &rArr;  luaM_realloc_ (Cycle)
</UL>
<BR>[Calls]<UL><LI><a href="#[1c6]">&gt;&gt;</a>&nbsp;&nbsp;&nbsp;luaC_runtilstate
<LI><a href="#[1c7]">&gt;&gt;</a>&nbsp;&nbsp;&nbsp;setpause
<LI><a href="#[158]">&gt;&gt;</a>&nbsp;&nbsp;&nbsp;entersweep
</UL>
<BR>[Called By]<UL><LI><a href="#[a4]">&gt;&gt;</a>&nbsp;&nbsp;&nbsp;luaM_realloc_
</UL>

<P><STRONG><a name="[14b]"></a>luaC_newobj</STRONG> (Thumb, 52 bytes, Stack size 24 bytes, lgc.o(i.luaC_newobj))
<BR><BR>[Stack]<UL><LI>Max Depth = 24 + In Cycle
<LI>Call Chain = luaC_newobj &rArr;  luaM_realloc_ (Cycle)
</UL>
<BR>[Calls]<UL><LI><a href="#[a4]">&gt;&gt;</a>&nbsp;&nbsp;&nbsp;luaM_realloc_
</UL>
<BR>[Called By]<UL><LI><a href="#[19e]">&gt;&gt;</a>&nbsp;&nbsp;&nbsp;luaH_new
<LI><a href="#[1e4]">&gt;&gt;</a>&nbsp;&nbsp;&nbsp;luaF_newCclosure
<LI><a href="#[ad]">&gt;&gt;</a>&nbsp;&nbsp;&nbsp;luaF_newproto
<LI><a href="#[1e5]">&gt;&gt;</a>&nbsp;&nbsp;&nbsp;luaF_newLclosure
<LI><a href="#[14a]">&gt;&gt;</a>&nbsp;&nbsp;&nbsp;createstrobj
</UL>

<P><STRONG><a name="[1c6]"></a>luaC_runtilstate</STRONG> (Thumb, 32 bytes, Stack size 16 bytes, lgc.o(i.luaC_runtilstate))
<BR><BR>[Stack]<UL><LI>Max Depth = 1720<LI>Call Chain = luaC_runtilstate &rArr; singlestep &rArr; runafewfinalizers &rArr; GCTM &rArr; luaD_pcall &rArr; seterrorobj &rArr; luaS_newlstr &rArr; internshrstr &rArr; luaS_resize &rArr;  luaM_realloc_ (Cycle)
</UL>
<BR>[Calls]<UL><LI><a href="#[1c8]">&gt;&gt;</a>&nbsp;&nbsp;&nbsp;singlestep
</UL>
<BR>[Called By]<UL><LI><a href="#[1c5]">&gt;&gt;</a>&nbsp;&nbsp;&nbsp;luaC_fullgc
</UL>

<P><STRONG><a name="[11b]"></a>luaC_step</STRONG> (Thumb, 106 bytes, Stack size 24 bytes, lgc.o(i.luaC_step))
<BR><BR>[Stack]<UL><LI>Max Depth = 56 + In Cycle
<LI>Call Chain = luaC_step &rArr;  singlestep (Cycle)
</UL>
<BR>[Calls]<UL><LI><a href="#[1ca]">&gt;&gt;</a>&nbsp;&nbsp;&nbsp;luaE_setdebt
<LI><a href="#[1c8]">&gt;&gt;</a>&nbsp;&nbsp;&nbsp;singlestep
<LI><a href="#[1c7]">&gt;&gt;</a>&nbsp;&nbsp;&nbsp;setpause
<LI><a href="#[1cb]">&gt;&gt;</a>&nbsp;&nbsp;&nbsp;runafewfinalizers
<LI><a href="#[1c9]">&gt;&gt;</a>&nbsp;&nbsp;&nbsp;getdebt
</UL>
<BR>[Called By]<UL><LI><a href="#[22a]">&gt;&gt;</a>&nbsp;&nbsp;&nbsp;lua_pushcclosure
<LI><a href="#[22c]">&gt;&gt;</a>&nbsp;&nbsp;&nbsp;lua_tolstring
<LI><a href="#[1d0]">&gt;&gt;</a>&nbsp;&nbsp;&nbsp;luaV_execute
<LI><a href="#[1cf]">&gt;&gt;</a>&nbsp;&nbsp;&nbsp;luaD_precall
<LI><a href="#[1c2]">&gt;&gt;</a>&nbsp;&nbsp;&nbsp;luaX_newstring
<LI><a href="#[f8]">&gt;&gt;</a>&nbsp;&nbsp;&nbsp;close_func
</UL>

<P><STRONG><a name="[1cc]"></a>luaC_upvalbarrier_</STRONG> (Thumb, 42 bytes, Stack size 24 bytes, lgc.o(i.luaC_upvalbarrier_))
<BR><BR>[Stack]<UL><LI>Max Depth = 56<LI>Call Chain = luaC_upvalbarrier_ &rArr; reallymarkobject &rArr;  reallymarkobject (Cycle)
</UL>
<BR>[Calls]<UL><LI><a href="#[df]">&gt;&gt;</a>&nbsp;&nbsp;&nbsp;reallymarkobject
</UL>
<BR>[Called By]<UL><LI><a href="#[206]">&gt;&gt;</a>&nbsp;&nbsp;&nbsp;lua_load
<LI><a href="#[1d0]">&gt;&gt;</a>&nbsp;&nbsp;&nbsp;luaV_execute
<LI><a href="#[11d]">&gt;&gt;</a>&nbsp;&nbsp;&nbsp;luaF_close
</UL>

<P><STRONG><a name="[184]"></a>luaC_upvdeccount</STRONG> (Thumb, 40 bytes, Stack size 16 bytes, lgc.o(i.luaC_upvdeccount))
<BR><BR>[Stack]<UL><LI>Max Depth = 1784<LI>Call Chain = luaC_upvdeccount &rArr; luaM_realloc_ &rArr; luaC_fullgc &rArr; luaC_runtilstate &rArr; singlestep &rArr; runafewfinalizers &rArr; GCTM &rArr; luaD_pcall &rArr; seterrorobj &rArr; luaS_newlstr &rArr; internshrstr &rArr; luaS_resize &rArr;  luaM_realloc_ (Cycle)
</UL>
<BR>[Calls]<UL><LI><a href="#[a4]">&gt;&gt;</a>&nbsp;&nbsp;&nbsp;luaM_realloc_
</UL>
<BR>[Called By]<UL><LI><a href="#[183]">&gt;&gt;</a>&nbsp;&nbsp;&nbsp;freeLclosure
</UL>

<P><STRONG><a name="[1cd]"></a>luaD_call</STRONG> (Thumb, 60 bytes, Stack size 16 bytes, ldo.o(i.luaD_call))
<BR><BR>[Stack]<UL><LI>Max Depth = 1128<LI>Call Chain = luaD_call &rArr; luaV_execute &rArr;  luaV_concat (Cycle)
</UL>
<BR>[Calls]<UL><LI><a href="#[1ce]">&gt;&gt;</a>&nbsp;&nbsp;&nbsp;stackerror
<LI><a href="#[1d0]">&gt;&gt;</a>&nbsp;&nbsp;&nbsp;luaV_execute
<LI><a href="#[1cf]">&gt;&gt;</a>&nbsp;&nbsp;&nbsp;luaD_precall
</UL>
<BR>[Called By]<UL><LI><a href="#[228]">&gt;&gt;</a>&nbsp;&nbsp;&nbsp;lua_pcallk
<LI><a href="#[156]">&gt;&gt;</a>&nbsp;&nbsp;&nbsp;luaD_callnoyield
<LI><a href="#[1d0]">&gt;&gt;</a>&nbsp;&nbsp;&nbsp;luaV_execute
<LI><a href="#[216]">&gt;&gt;</a>&nbsp;&nbsp;&nbsp;luaT_callTM
</UL>

<P><STRONG><a name="[156]"></a>luaD_callnoyield</STRONG> (Thumb, 40 bytes, Stack size 16 bytes, ldo.o(i.luaD_callnoyield))
<BR><BR>[Stack]<UL><LI>Max Depth = 1144<LI>Call Chain = luaD_callnoyield &rArr; luaD_call &rArr; luaV_execute &rArr;  luaV_concat (Cycle)
</UL>
<BR>[Calls]<UL><LI><a href="#[1cd]">&gt;&gt;</a>&nbsp;&nbsp;&nbsp;luaD_call
</UL>
<BR>[Called By]<UL><LI><a href="#[1e9]">&gt;&gt;</a>&nbsp;&nbsp;&nbsp;luaG_errormsg
<LI><a href="#[67]">&gt;&gt;</a>&nbsp;&nbsp;&nbsp;f_call
<LI><a href="#[5f]">&gt;&gt;</a>&nbsp;&nbsp;&nbsp;dothecall
<LI><a href="#[216]">&gt;&gt;</a>&nbsp;&nbsp;&nbsp;luaT_callTM
</UL>

<P><STRONG><a name="[1d1]"></a>luaD_growstack</STRONG> (Thumb, 96 bytes, Stack size 24 bytes, ldo.o(i.luaD_growstack))
<BR><BR>[Stack]<UL><LI>Max Depth = 60 + In Cycle
<LI>Call Chain = luaD_growstack &rArr;  luaG_runerror (Cycle)
</UL>
<BR>[Calls]<UL><LI><a href="#[91]">&gt;&gt;</a>&nbsp;&nbsp;&nbsp;luaD_throw
<LI><a href="#[1d3]">&gt;&gt;</a>&nbsp;&nbsp;&nbsp;luaG_runerror
<LI><a href="#[1d2]">&gt;&gt;</a>&nbsp;&nbsp;&nbsp;luaD_reallocstack
</UL>
<BR>[Called By]<UL><LI><a href="#[1ed]">&gt;&gt;</a>&nbsp;&nbsp;&nbsp;luaO_pushvfstring
<LI><a href="#[ff]">&gt;&gt;</a>&nbsp;&nbsp;&nbsp;luaD_hook
<LI><a href="#[1d0]">&gt;&gt;</a>&nbsp;&nbsp;&nbsp;luaV_execute
<LI><a href="#[1cf]">&gt;&gt;</a>&nbsp;&nbsp;&nbsp;luaD_precall
<LI><a href="#[1d4]">&gt;&gt;</a>&nbsp;&nbsp;&nbsp;luaD_inctop
</UL>

<P><STRONG><a name="[ff]"></a>luaD_hook</STRONG> (Thumb, 138 bytes, Stack size 136 bytes, ldo.o(i.luaD_hook))
<BR><BR>[Stack]<UL><LI>Max Depth = 196<LI>Call Chain = luaD_hook &rArr; luaD_growstack &rArr;  luaG_runerror (Cycle)
</UL>
<BR>[Calls]<UL><LI><a href="#[1d1]">&gt;&gt;</a>&nbsp;&nbsp;&nbsp;luaD_growstack
</UL>
<BR>[Called By]<UL><LI><a href="#[fe]">&gt;&gt;</a>&nbsp;&nbsp;&nbsp;callhook
<LI><a href="#[1f0]">&gt;&gt;</a>&nbsp;&nbsp;&nbsp;luaG_traceexec
<LI><a href="#[1cf]">&gt;&gt;</a>&nbsp;&nbsp;&nbsp;luaD_precall
<LI><a href="#[1d8]">&gt;&gt;</a>&nbsp;&nbsp;&nbsp;luaD_poscall
</UL>

<P><STRONG><a name="[1d4]"></a>luaD_inctop</STRONG> (Thumb, 36 bytes, Stack size 8 bytes, ldo.o(i.luaD_inctop))
<BR><BR>[Stack]<UL><LI>Max Depth = 68<LI>Call Chain = luaD_inctop &rArr; luaD_growstack &rArr;  luaG_runerror (Cycle)
</UL>
<BR>[Calls]<UL><LI><a href="#[1d1]">&gt;&gt;</a>&nbsp;&nbsp;&nbsp;luaD_growstack
</UL>
<BR>[Called By]<UL><LI><a href="#[1ed]">&gt;&gt;</a>&nbsp;&nbsp;&nbsp;luaO_pushvfstring
<LI><a href="#[16a]">&gt;&gt;</a>&nbsp;&nbsp;&nbsp;luaY_parser
<LI><a href="#[169]">&gt;&gt;</a>&nbsp;&nbsp;&nbsp;luaU_undump
<LI><a href="#[20c]">&gt;&gt;</a>&nbsp;&nbsp;&nbsp;pushstr
</UL>

<P><STRONG><a name="[8f]"></a>luaD_pcall</STRONG> (Thumb, 108 bytes, Stack size 64 bytes, ldo.o(i.luaD_pcall))
<BR><BR>[Stack]<UL><LI>Max Depth = 1608<LI>Call Chain = luaD_pcall &rArr; seterrorobj &rArr; luaS_newlstr &rArr; internshrstr &rArr; luaS_resize &rArr;  luaM_realloc_ (Cycle)
</UL>
<BR>[Calls]<UL><LI><a href="#[1d5]">&gt;&gt;</a>&nbsp;&nbsp;&nbsp;luaD_rawrunprotected
<LI><a href="#[1d6]">&gt;&gt;</a>&nbsp;&nbsp;&nbsp;seterrorobj
<LI><a href="#[11d]">&gt;&gt;</a>&nbsp;&nbsp;&nbsp;luaF_close
<LI><a href="#[1d7]">&gt;&gt;</a>&nbsp;&nbsp;&nbsp;luaD_shrinkstack
</UL>
<BR>[Called By]<UL><LI><a href="#[228]">&gt;&gt;</a>&nbsp;&nbsp;&nbsp;lua_pcallk
<LI><a href="#[1dd]">&gt;&gt;</a>&nbsp;&nbsp;&nbsp;luaD_protectedparser
<LI><a href="#[8c]">&gt;&gt;</a>&nbsp;&nbsp;&nbsp;GCTM
</UL>

<P><STRONG><a name="[1d8]"></a>luaD_poscall</STRONG> (Thumb, 94 bytes, Stack size 40 bytes, ldo.o(i.luaD_poscall))
<BR><BR>[Stack]<UL><LI>Max Depth = 236<LI>Call Chain = luaD_poscall &rArr; luaD_hook &rArr; luaD_growstack &rArr;  luaG_runerror (Cycle)
</UL>
<BR>[Calls]<UL><LI><a href="#[1d9]">&gt;&gt;</a>&nbsp;&nbsp;&nbsp;moveresults
<LI><a href="#[ff]">&gt;&gt;</a>&nbsp;&nbsp;&nbsp;luaD_hook
</UL>
<BR>[Called By]<UL><LI><a href="#[1d0]">&gt;&gt;</a>&nbsp;&nbsp;&nbsp;luaV_execute
<LI><a href="#[1cf]">&gt;&gt;</a>&nbsp;&nbsp;&nbsp;luaD_precall
</UL>

<P><STRONG><a name="[1cf]"></a>luaD_precall</STRONG> (Thumb, 456 bytes, Stack size 48 bytes, ldo.o(i.luaD_precall))
<BR><BR>[Stack]<UL><LI>Max Depth = 284 + In Cycle
<LI>Call Chain = luaD_precall &rArr;  luaD_precall (Cycle)
</UL>
<BR>[Calls]<UL><LI><a href="#[1d1]">&gt;&gt;</a>&nbsp;&nbsp;&nbsp;luaD_growstack
<LI><a href="#[11b]">&gt;&gt;</a>&nbsp;&nbsp;&nbsp;luaC_step
<LI><a href="#[1dc]">&gt;&gt;</a>&nbsp;&nbsp;&nbsp;tryfuncTM
<LI><a href="#[fe]">&gt;&gt;</a>&nbsp;&nbsp;&nbsp;callhook
<LI><a href="#[1db]">&gt;&gt;</a>&nbsp;&nbsp;&nbsp;adjust_varargs
<LI><a href="#[ff]">&gt;&gt;</a>&nbsp;&nbsp;&nbsp;luaD_hook
<LI><a href="#[1da]">&gt;&gt;</a>&nbsp;&nbsp;&nbsp;luaE_extendCI
<LI><a href="#[1cf]">&gt;&gt;</a>&nbsp;&nbsp;&nbsp;luaD_precall
<LI><a href="#[1d8]">&gt;&gt;</a>&nbsp;&nbsp;&nbsp;luaD_poscall
</UL>
<BR>[Called By]<UL><LI><a href="#[1cd]">&gt;&gt;</a>&nbsp;&nbsp;&nbsp;luaD_call
<LI><a href="#[1d0]">&gt;&gt;</a>&nbsp;&nbsp;&nbsp;luaV_execute
<LI><a href="#[1cf]">&gt;&gt;</a>&nbsp;&nbsp;&nbsp;luaD_precall
</UL>

<P><STRONG><a name="[1dd]"></a>luaD_protectedparser</STRONG> (Thumb, 150 bytes, Stack size 88 bytes, ldo.o(i.luaD_protectedparser))
[...]
</UL>
<BR>[Called By]<UL><LI><a href="#[1f4]">&gt;&gt;</a>&nbsp;&nbsp;&nbsp;luaH_getn
</UL>

<P><STRONG><a name="[9d]"></a>LoadBlock</STRONG> (Thumb, 30 bytes, Stack size 16 bytes, lundump.o(i.LoadBlock))
<BR><BR>[Stack]<UL><LI>Max Depth = 64<LI>Call Chain = LoadBlock &rArr; luaZ_read &rArr; luaZ_fill
</UL>
<BR>[Calls]<UL><LI><a href="#[9e]">&gt;&gt;</a>&nbsp;&nbsp;&nbsp;luaZ_read
<LI><a href="#[9f]">&gt;&gt;</a>&nbsp;&nbsp;&nbsp;error
</UL>
<BR>[Called By]<UL><LI><a href="#[103]">&gt;&gt;</a>&nbsp;&nbsp;&nbsp;checkliteral
<LI><a href="#[a8]">&gt;&gt;</a>&nbsp;&nbsp;&nbsp;LoadString
<LI><a href="#[a6]">&gt;&gt;</a>&nbsp;&nbsp;&nbsp;LoadNumber
<LI><a href="#[a7]">&gt;&gt;</a>&nbsp;&nbsp;&nbsp;LoadInteger
<LI><a href="#[a2]">&gt;&gt;</a>&nbsp;&nbsp;&nbsp;LoadInt
<LI><a href="#[a9]">&gt;&gt;</a>&nbsp;&nbsp;&nbsp;LoadDebug
<LI><a href="#[a1]">&gt;&gt;</a>&nbsp;&nbsp;&nbsp;LoadCode
<LI><a href="#[a0]">&gt;&gt;</a>&nbsp;&nbsp;&nbsp;LoadByte
</UL>

<P><STRONG><a name="[a0]"></a>LoadByte</STRONG> (Thumb, 20 bytes, Stack size 16 bytes, lundump.o(i.LoadByte))
<BR><BR>[Stack]<UL><LI>Max Depth = 80<LI>Call Chain = LoadByte &rArr; LoadBlock &rArr; luaZ_read &rArr; luaZ_fill
</UL>
<BR>[Calls]<UL><LI><a href="#[9d]">&gt;&gt;</a>&nbsp;&nbsp;&nbsp;LoadBlock
</UL>
<BR>[Called By]<UL><LI><a href="#[169]">&gt;&gt;</a>&nbsp;&nbsp;&nbsp;luaU_undump
<LI><a href="#[104]">&gt;&gt;</a>&nbsp;&nbsp;&nbsp;fchecksize
<LI><a href="#[102]">&gt;&gt;</a>&nbsp;&nbsp;&nbsp;checkHeader
<LI><a href="#[ab]">&gt;&gt;</a>&nbsp;&nbsp;&nbsp;LoadUpvalues
<LI><a href="#[a8]">&gt;&gt;</a>&nbsp;&nbsp;&nbsp;LoadString
<LI><a href="#[aa]">&gt;&gt;</a>&nbsp;&nbsp;&nbsp;LoadFunction
<LI><a href="#[a5]">&gt;&gt;</a>&nbsp;&nbsp;&nbsp;LoadConstants
</UL>

<P><STRONG><a name="[a1]"></a>LoadCode</STRONG> (Thumb, 60 bytes, Stack size 16 bytes, lundump.o(i.LoadCode))
<BR><BR>[Stack]<UL><LI>Max Depth = 1784<LI>Call Chain = LoadCode &rArr; luaM_realloc_ &rArr; luaC_fullgc &rArr; luaC_runtilstate &rArr; singlestep &rArr; runafewfinalizers &rArr; GCTM &rArr; luaD_pcall &rArr; seterrorobj &rArr; luaS_newlstr &rArr; internshrstr &rArr; luaS_resize &rArr;  luaM_realloc_ (Cycle)
</UL>
<BR>[Calls]<UL><LI><a href="#[a3]">&gt;&gt;</a>&nbsp;&nbsp;&nbsp;luaM_toobig
<LI><a href="#[a4]">&gt;&gt;</a>&nbsp;&nbsp;&nbsp;luaM_realloc_
<LI><a href="#[a2]">&gt;&gt;</a>&nbsp;&nbsp;&nbsp;LoadInt
<LI><a href="#[9d]">&gt;&gt;</a>&nbsp;&nbsp;&nbsp;LoadBlock
</UL>
<BR>[Called By]<UL><LI><a href="#[aa]">&gt;&gt;</a>&nbsp;&nbsp;&nbsp;LoadFunction
</UL>

<P><STRONG><a name="[a5]"></a>LoadConstants</STRONG> (Thumb, 244 bytes, Stack size 40 bytes, lundump.o(i.LoadConstants))
<BR><BR>[Stack]<UL><LI>Max Depth = 1808<LI>Call Chain = LoadConstants &rArr; luaM_realloc_ &rArr; luaC_fullgc &rArr; luaC_runtilstate &rArr; singlestep &rArr; runafewfinalizers &rArr; GCTM &rArr; luaD_pcall &rArr; seterrorobj &rArr; luaS_newlstr &rArr; internshrstr &rArr; luaS_resize &rArr;  luaM_realloc_ (Cycle)
</UL>
<BR>[Calls]<UL><LI><a href="#[a3]">&gt;&gt;</a>&nbsp;&nbsp;&nbsp;luaM_toobig
<LI><a href="#[a4]">&gt;&gt;</a>&nbsp;&nbsp;&nbsp;luaM_realloc_
<LI><a href="#[a8]">&gt;&gt;</a>&nbsp;&nbsp;&nbsp;LoadString
<LI><a href="#[a6]">&gt;&gt;</a>&nbsp;&nbsp;&nbsp;LoadNumber
<LI><a href="#[a7]">&gt;&gt;</a>&nbsp;&nbsp;&nbsp;LoadInteger
<LI><a href="#[a2]">&gt;&gt;</a>&nbsp;&nbsp;&nbsp;LoadInt
<LI><a href="#[a0]">&gt;&gt;</a>&nbsp;&nbsp;&nbsp;LoadByte
</UL>
<BR>[Called By]<UL><LI><a href="#[aa]">&gt;&gt;</a>&nbsp;&nbsp;&nbsp;LoadFunction
</UL>

<P><STRONG><a name="[a9]"></a>LoadDebug</STRONG> (Thumb, 224 bytes, Stack size 24 bytes, lundump.o(i.LoadDebug))
<BR><BR>[Stack]<UL><LI>Max Depth = 1792<LI>Call Chain = LoadDebug &rArr; luaM_realloc_ &rArr; luaC_fullgc &rArr; luaC_runtilstate &rArr; singlestep &rArr; runafewfinalizers &rArr; GCTM &rArr; luaD_pcall &rArr; seterrorobj &rArr; luaS_newlstr &rArr; internshrstr &rArr; luaS_resize &rArr;  luaM_realloc_ (Cycle)
</UL>
<BR>[Calls]<UL><LI><a href="#[a3]">&gt;&gt;</a>&nbsp;&nbsp;&nbsp;luaM_toobig
<LI><a href="#[a4]">&gt;&gt;</a>&nbsp;&nbsp;&nbsp;luaM_realloc_
<LI><a href="#[a8]">&gt;&gt;</a>&nbsp;&nbsp;&nbsp;LoadString
<LI><a href="#[a2]">&gt;&gt;</a>&nbsp;&nbsp;&nbsp;LoadInt
<LI><a href="#[9d]">&gt;&gt;</a>&nbsp;&nbsp;&nbsp;LoadBlock
</UL>
<BR>[Called By]<UL><LI><a href="#[aa]">&gt;&gt;</a>&nbsp;&nbsp;&nbsp;LoadFunction
</UL>

<P><STRONG><a name="[aa]"></a>LoadFunction</STRONG> (Thumb, 104 bytes, Stack size 16 bytes, lundump.o(i.LoadFunction))
<BR><BR>[Stack]<UL><LI>Max Depth = 1824<LI>Call Chain = LoadFunction &rArr; LoadConstants &rArr; luaM_realloc_ &rArr; luaC_fullgc &rArr; luaC_runtilstate &rArr; singlestep &rArr; runafewfinalizers &rArr; GCTM &rArr; luaD_pcall &rArr; seterrorobj &rArr; luaS_newlstr &rArr; internshrstr &rArr; luaS_resize &rArr;  luaM_realloc_ (Cycle)
</UL>
<BR>[Calls]<UL><LI><a href="#[ab]">&gt;&gt;</a>&nbsp;&nbsp;&nbsp;LoadUpvalues
<LI><a href="#[a8]">&gt;&gt;</a>&nbsp;&nbsp;&nbsp;LoadString
<LI><a href="#[ac]">&gt;&gt;</a>&nbsp;&nbsp;&nbsp;LoadProtos
<LI><a href="#[a2]">&gt;&gt;</a>&nbsp;&nbsp;&nbsp;LoadInt
<LI><a href="#[a9]">&gt;&gt;</a>&nbsp;&nbsp;&nbsp;LoadDebug
<LI><a href="#[a5]">&gt;&gt;</a>&nbsp;&nbsp;&nbsp;LoadConstants
<LI><a href="#[a1]">&gt;&gt;</a>&nbsp;&nbsp;&nbsp;LoadCode
<LI><a href="#[a0]">&gt;&gt;</a>&nbsp;&nbsp;&nbsp;LoadByte
</UL>
<BR>[Called By]<UL><LI><a href="#[169]">&gt;&gt;</a>&nbsp;&nbsp;&nbsp;luaU_undump
<LI><a href="#[ac]">&gt;&gt;</a>&nbsp;&nbsp;&nbsp;LoadProtos
</UL>

<P><STRONG><a name="[a2]"></a>LoadInt</STRONG> (Thumb, 18 bytes, Stack size 16 bytes, lundump.o(i.LoadInt))
<BR><BR>[Stack]<UL><LI>Max Depth = 80<LI>Call Chain = LoadInt &rArr; LoadBlock &rArr; luaZ_read &rArr; luaZ_fill
</UL>
<BR>[Calls]<UL><LI><a href="#[9d]">&gt;&gt;</a>&nbsp;&nbsp;&nbsp;LoadBlock
</UL>
<BR>[Called By]<UL><LI><a href="#[ab]">&gt;&gt;</a>&nbsp;&nbsp;&nbsp;LoadUpvalues
<LI><a href="#[ac]">&gt;&gt;</a>&nbsp;&nbsp;&nbsp;LoadProtos
<LI><a href="#[aa]">&gt;&gt;</a>&nbsp;&nbsp;&nbsp;LoadFunction
<LI><a href="#[a9]">&gt;&gt;</a>&nbsp;&nbsp;&nbsp;LoadDebug
<LI><a href="#[a5]">&gt;&gt;</a>&nbsp;&nbsp;&nbsp;LoadConstants
<LI><a href="#[a1]">&gt;&gt;</a>&nbsp;&nbsp;&nbsp;LoadCode
</UL>

<P><STRONG><a name="[a7]"></a>LoadInteger</STRONG> (Thumb, 20 bytes, Stack size 16 bytes, lundump.o(i.LoadInteger))
<BR><BR>[Stack]<UL><LI>Max Depth = 80<LI>Call Chain = LoadInteger &rArr; LoadBlock &rArr; luaZ_read &rArr; luaZ_fill
</UL>
<BR>[Calls]<UL><LI><a href="#[9d]">&gt;&gt;</a>&nbsp;&nbsp;&nbsp;LoadBlock
</UL>
<BR>[Called By]<UL><LI><a href="#[102]">&gt;&gt;</a>&nbsp;&nbsp;&nbsp;checkHeader
<LI><a href="#[a5]">&gt;&gt;</a>&nbsp;&nbsp;&nbsp;LoadConstants
</UL>

<P><STRONG><a name="[a6]"></a>LoadNumber</STRONG> (Thumb, 20 bytes, Stack size 16 bytes, lundump.o(i.LoadNumber))
<BR><BR>[Stack]<UL><LI>Max Depth = 80<LI>Call Chain = LoadNumber &rArr; LoadBlock &rArr; luaZ_read &rArr; luaZ_fill
</UL>
<BR>[Calls]<UL><LI><a href="#[9d]">&gt;&gt;</a>&nbsp;&nbsp;&nbsp;LoadBlock
</UL>
<BR>[Called By]<UL><LI><a href="#[102]">&gt;&gt;</a>&nbsp;&nbsp;&nbsp;checkHeader
<LI><a href="#[a5]">&gt;&gt;</a>&nbsp;&nbsp;&nbsp;LoadConstants
</UL>

<P><STRONG><a name="[ac]"></a>LoadProtos</STRONG> (Thumb, 108 bytes, Stack size 24 bytes, lundump.o(i.LoadProtos))
<BR><BR>[Stack]<UL><LI>Max Depth = 1792 + In Cycle
<LI>Call Chain = LoadProtos &rArr;  LoadFunction (Cycle)
</UL>
<BR>[Calls]<UL><LI><a href="#[ad]">&gt;&gt;</a>&nbsp;&nbsp;&nbsp;luaF_newproto
<LI><a href="#[a3]">&gt;&gt;</a>&nbsp;&nbsp;&nbsp;luaM_toobig
<LI><a href="#[a4]">&gt;&gt;</a>&nbsp;&nbsp;&nbsp;luaM_realloc_
<LI><a href="#[a2]">&gt;&gt;</a>&nbsp;&nbsp;&nbsp;LoadInt
<LI><a href="#[aa]">&gt;&gt;</a>&nbsp;&nbsp;&nbsp;LoadFunction
</UL>
<BR>[Called By]<UL><LI><a href="#[aa]">&gt;&gt;</a>&nbsp;&nbsp;&nbsp;LoadFunction
</UL>

<P><STRONG><a name="[a8]"></a>LoadString</STRONG> (Thumb, 98 bytes, Stack size 56 bytes, lundump.o(i.LoadString))
<BR><BR>[Stack]<UL><LI>Max Depth = 1576<LI>Call Chain = LoadString &rArr; luaS_newlstr &rArr; internshrstr &rArr; luaS_resize &rArr;  luaM_realloc_ (Cycle)
</UL>
<BR>[Calls]<UL><LI><a href="#[ae]">&gt;&gt;</a>&nbsp;&nbsp;&nbsp;luaS_newlstr
<LI><a href="#[af]">&gt;&gt;</a>&nbsp;&nbsp;&nbsp;luaS_createlngstrobj
<LI><a href="#[a0]">&gt;&gt;</a>&nbsp;&nbsp;&nbsp;LoadByte
<LI><a href="#[9d]">&gt;&gt;</a>&nbsp;&nbsp;&nbsp;LoadBlock
</UL>
<BR>[Called By]<UL><LI><a href="#[aa]">&gt;&gt;</a>&nbsp;&nbsp;&nbsp;LoadFunction
<LI><a href="#[a9]">&gt;&gt;</a>&nbsp;&nbsp;&nbsp;LoadDebug
<LI><a href="#[a5]">&gt;&gt;</a>&nbsp;&nbsp;&nbsp;LoadConstants
</UL>

<P><STRONG><a name="[ab]"></a>LoadUpvalues</STRONG> (Thumb, 110 bytes, Stack size 24 bytes, lundump.o(i.LoadUpvalues))
<BR><BR>[Stack]<UL><LI>Max Depth = 1792<LI>Call Chain = LoadUpvalues &rArr; luaM_realloc_ &rArr; luaC_fullgc &rArr; luaC_runtilstate &rArr; singlestep &rArr; runafewfinalizers &rArr; GCTM &rArr; luaD_pcall &rArr; seterrorobj &rArr; luaS_newlstr &rArr; internshrstr &rArr; luaS_resize &rArr;  luaM_realloc_ (Cycle)
</UL>
<BR>[Calls]<UL><LI><a href="#[a3]">&gt;&gt;</a>&nbsp;&nbsp;&nbsp;luaM_toobig
<LI><a href="#[a4]">&gt;&gt;</a>&nbsp;&nbsp;&nbsp;luaM_realloc_
<LI><a href="#[a2]">&gt;&gt;</a>&nbsp;&nbsp;&nbsp;LoadInt
<LI><a href="#[a0]">&gt;&gt;</a>&nbsp;&nbsp;&nbsp;LoadByte
</UL>
<BR>[Called By]<UL><LI><a href="#[aa]">&gt;&gt;</a>&nbsp;&nbsp;&nbsp;LoadFunction
</UL>

<P><STRONG><a name="[102]"></a>checkHeader</STRONG> (Thumb, 180 bytes, Stack size 16 bytes, lundump.o(i.checkHeader))
<BR><BR>[Stack]<UL><LI>Max Depth = 120<LI>Call Chain = checkHeader &rArr; fchecksize &rArr; LoadByte &rArr; LoadBlock &rArr; luaZ_read &rArr; luaZ_fill
</UL>
<BR>[Calls]<UL><LI><a href="#[9a]">&gt;&gt;</a>&nbsp;&nbsp;&nbsp;__aeabi_cdcmpeq
<LI><a href="#[104]">&gt;&gt;</a>&nbsp;&nbsp;&nbsp;fchecksize
<LI><a href="#[9f]">&gt;&gt;</a>&nbsp;&nbsp;&nbsp;error
<LI><a href="#[103]">&gt;&gt;</a>&nbsp;&nbsp;&nbsp;checkliteral
<LI><a href="#[a6]">&gt;&gt;</a>&nbsp;&nbsp;&nbsp;LoadNumber
<LI><a href="#[a7]">&gt;&gt;</a>&nbsp;&nbsp;&nbsp;LoadInteger
<LI><a href="#[a0]">&gt;&gt;</a>&nbsp;&nbsp;&nbsp;LoadByte
</UL>
<BR>[Called By]<UL><LI><a href="#[169]">&gt;&gt;</a>&nbsp;&nbsp;&nbsp;luaU_undump
</UL>

<P><STRONG><a name="[103]"></a>checkliteral</STRONG> (Thumb, 48 bytes, Stack size 32 bytes, lundump.o(i.checkliteral))
<BR><BR>[Stack]<UL><LI>Max Depth = 96<LI>Call Chain = checkliteral &rArr; LoadBlock &rArr; luaZ_read &rArr; luaZ_fill
</UL>
<BR>[Calls]<UL><LI><a href="#[9f]">&gt;&gt;</a>&nbsp;&nbsp;&nbsp;error
<LI><a href="#[9d]">&gt;&gt;</a>&nbsp;&nbsp;&nbsp;LoadBlock
<LI><a href="#[10f]">&gt;&gt;</a>&nbsp;&nbsp;&nbsp;memcmp
<LI><a href="#[10e]">&gt;&gt;</a>&nbsp;&nbsp;&nbsp;strlen
</UL>
<BR>[Called By]<UL><LI><a href="#[102]">&gt;&gt;</a>&nbsp;&nbsp;&nbsp;checkHeader
</UL>

<P><STRONG><a name="[9f]"></a>error</STRONG> (Thumb, 28 bytes, Stack size 16 bytes, lundump.o(i.error))
<BR><BR>[Stack]<UL><LI>Max Depth = 48<LI>Call Chain = error &rArr; luaO_pushfstring &rArr;  luaO_pushvfstring (Cycle)
</UL>
<BR>[Calls]<UL><LI><a href="#[90]">&gt;&gt;</a>&nbsp;&nbsp;&nbsp;luaO_pushfstring
<LI><a href="#[91]">&gt;&gt;</a>&nbsp;&nbsp;&nbsp;luaD_throw
</UL>
<BR>[Called By]<UL><LI><a href="#[104]">&gt;&gt;</a>&nbsp;&nbsp;&nbsp;fchecksize
<LI><a href="#[103]">&gt;&gt;</a>&nbsp;&nbsp;&nbsp;checkliteral
<LI><a href="#[102]">&gt;&gt;</a>&nbsp;&nbsp;&nbsp;checkHeader
<LI><a href="#[9d]">&gt;&gt;</a>&nbsp;&nbsp;&nbsp;LoadBlock
</UL>

<P><STRONG><a name="[104]"></a>fchecksize</STRONG> (Thumb, 44 bytes, Stack size 24 bytes, lundump.o(i.fchecksize))
<BR><BR>[Stack]<UL><LI>Max Depth = 104<LI>Call Chain = fchecksize &rArr; LoadByte &rArr; LoadBlock &rArr; luaZ_read &rArr; luaZ_fill
</UL>
<BR>[Calls]<UL><LI><a href="#[90]">&gt;&gt;</a>&nbsp;&nbsp;&nbsp;luaO_pushfstring
<LI><a href="#[9f]">&gt;&gt;</a>&nbsp;&nbsp;&nbsp;error
<LI><a href="#[a0]">&gt;&gt;</a>&nbsp;&nbsp;&nbsp;LoadByte
</UL>
<BR>[Called By]<UL><LI><a href="#[102]">&gt;&gt;</a>&nbsp;&nbsp;&nbsp;checkHeader
</UL>

<P><STRONG><a name="[96]"></a>LEintfloat</STRONG> (Thumb, 120 bytes, Stack size 32 bytes, lvm.o(i.LEintfloat))
<BR><BR>[Stack]<UL><LI>Max Depth = 96<LI>Call Chain = LEintfloat &rArr; __aeabi_l2d &rArr; _double_epilogue &rArr; _double_round
</UL>
<BR>[Calls]<UL><LI><a href="#[7c]">&gt;&gt;</a>&nbsp;&nbsp;&nbsp;__aeabi_l2d
<LI><a href="#[7d]">&gt;&gt;</a>&nbsp;&nbsp;&nbsp;__aeabi_d2lz
<LI><a href="#[97]">&gt;&gt;</a>&nbsp;&nbsp;&nbsp;__aeabi_cdrcmple
<LI><a href="#[98]">&gt;&gt;</a>&nbsp;&nbsp;&nbsp;__aeabi_cdcmple
</UL>
<BR>[Called By]<UL><LI><a href="#[9c]">&gt;&gt;</a>&nbsp;&nbsp;&nbsp;LTnum
<LI><a href="#[99]">&gt;&gt;</a>&nbsp;&nbsp;&nbsp;LEnum
</UL>

<P><STRONG><a name="[99]"></a>LEnum</STRONG> (Thumb, 138 bytes, Stack size 32 bytes, lvm.o(i.LEnum))
<BR><BR>[Stack]<UL><LI>Max Depth = 128<LI>Call Chain = LEnum &rArr; LTintfloat &rArr; __aeabi_l2d &rArr; _double_epilogue &rArr; _double_round
</UL>
<BR>[Calls]<UL><LI><a href="#[9a]">&gt;&gt;</a>&nbsp;&nbsp;&nbsp;__aeabi_cdcmpeq
<LI><a href="#[98]">&gt;&gt;</a>&nbsp;&nbsp;&nbsp;__aeabi_cdcmple
<LI><a href="#[9b]">&gt;&gt;</a>&nbsp;&nbsp;&nbsp;LTintfloat
<LI><a href="#[96]">&gt;&gt;</a>&nbsp;&nbsp;&nbsp;LEintfloat
</UL>
<BR>[Called By]<UL><LI><a href="#[21f]">&gt;&gt;</a>&nbsp;&nbsp;&nbsp;luaV_lessequal
</UL>

<P><STRONG><a name="[9b]"></a>LTintfloat</STRONG> (Thumb, 122 bytes, Stack size 32 bytes, lvm.o(i.LTintfloat))
<BR><BR>[Stack]<UL><LI>Max Depth = 96<LI>Call Chain = LTintfloat &rArr; __aeabi_l2d &rArr; _double_epilogue &rArr; _double_round
</UL>
<BR>[Calls]<UL><LI><a href="#[7c]">&gt;&gt;</a>&nbsp;&nbsp;&nbsp;__aeabi_l2d
<LI><a href="#[7d]">&gt;&gt;</a>&nbsp;&nbsp;&nbsp;__aeabi_d2lz
<LI><a href="#[97]">&gt;&gt;</a>&nbsp;&nbsp;&nbsp;__aeabi_cdrcmple
<LI><a href="#[98]">&gt;&gt;</a>&nbsp;&nbsp;&nbsp;__aeabi_cdcmple
</UL>
<BR>[Called By]<UL><LI><a href="#[9c]">&gt;&gt;</a>&nbsp;&nbsp;&nbsp;LTnum
<LI><a href="#[99]">&gt;&gt;</a>&nbsp;&nbsp;&nbsp;LEnum
</UL>

<P><STRONG><a name="[9c]"></a>LTnum</STRONG> (Thumb, 140 bytes, Stack size 32 bytes, lvm.o(i.LTnum))
<BR><BR>[Stack]<UL><LI>Max Depth = 128<LI>Call Chain = LTnum &rArr; LTintfloat &rArr; __aeabi_l2d &rArr; _double_epilogue &rArr; _double_round
</UL>
<BR>[Calls]<UL><LI><a href="#[9a]">&gt;&gt;</a>&nbsp;&nbsp;&nbsp;__aeabi_cdcmpeq
<LI><a href="#[98]">&gt;&gt;</a>&nbsp;&nbsp;&nbsp;__aeabi_cdcmple
<LI><a href="#[9b]">&gt;&gt;</a>&nbsp;&nbsp;&nbsp;LTintfloat
<LI><a href="#[96]">&gt;&gt;</a>&nbsp;&nbsp;&nbsp;LEintfloat
</UL>
<BR>[Called By]<UL><LI><a href="#[21e]">&gt;&gt;</a>&nbsp;&nbsp;&nbsp;luaV_lessthan
</UL>

<P><STRONG><a name="[145]"></a>copy2buff</STRONG> (Thumb, 80 bytes, Stack size 24 bytes, lvm.o(i.copy2buff))
<BR><BR>[Stack]<UL><LI>Max Depth = 24<LI>Call Chain = copy2buff
</UL>
<BR>[Calls]<UL><LI><a href="#[146]">&gt;&gt;</a>&nbsp;&nbsp;&nbsp;__aeabi_memcpy
</UL>
<BR>[Called By]<UL><LI><a href="#[210]">&gt;&gt;</a>&nbsp;&nbsp;&nbsp;luaV_concat
</UL>

<P><STRONG><a name="[17b]"></a>forlimit</STRONG> (Thumb, 162 bytes, Stack size 32 bytes, lvm.o(i.forlimit))
<BR><BR>[Stack]<UL><LI>Max Depth = 584<LI>Call Chain = forlimit &rArr; luaV_tointeger &rArr; luaO_str2num &rArr; l_str2d &rArr; l_str2dloc &rArr; strtod &rArr; __strtod_int &rArr; _local_sscanf &rArr; _scanf_real
</UL>
<BR>[Calls]<UL><LI><a href="#[17d]">&gt;&gt;</a>&nbsp;&nbsp;&nbsp;luaV_tonumber_
<LI><a href="#[17c]">&gt;&gt;</a>&nbsp;&nbsp;&nbsp;luaV_tointeger
<LI><a href="#[98]">&gt;&gt;</a>&nbsp;&nbsp;&nbsp;__aeabi_cdcmple
</UL>
<BR>[Called By]<UL><LI><a href="#[1d0]">&gt;&gt;</a>&nbsp;&nbsp;&nbsp;luaV_execute
</UL>

<P><STRONG><a name="[220]"></a>getcached</STRONG> (Thumb, 84 bytes, Stack size 20 bytes, lvm.o(i.getcached))
<BR><BR>[Stack]<UL><LI>Max Depth = 20<LI>Call Chain = getcached
</UL>
<BR>[Called By]<UL><LI><a href="#[1d0]">&gt;&gt;</a>&nbsp;&nbsp;&nbsp;luaV_execute
</UL>

<P><STRONG><a name="[1b3]"></a>l_strcmp</STRONG> (Thumb, 118 bytes, Stack size 40 bytes, lvm.o(i.l_strcmp))
<BR><BR>[Stack]<UL><LI>Max Depth = 48<LI>Call Chain = l_strcmp &rArr; strcoll &rArr; strcmp
</UL>
<BR>[Calls]<UL><LI><a href="#[70]">&gt;&gt;</a>&nbsp;&nbsp;&nbsp;strcoll
<LI><a href="#[10e]">&gt;&gt;</a>&nbsp;&nbsp;&nbsp;strlen
</UL>
<BR>[Called By]<UL><LI><a href="#[21e]">&gt;&gt;</a>&nbsp;&nbsp;&nbsp;luaV_lessthan
<LI><a href="#[21f]">&gt;&gt;</a>&nbsp;&nbsp;&nbsp;luaV_lessequal
</UL>

<P><STRONG><a name="[221]"></a>pushclosure</STRONG> (Thumb, 140 bytes, Stack size 56 bytes, lvm.o(i.pushclosure))
<BR><BR>[Stack]<UL><LI>Max Depth = 104<LI>Call Chain = pushclosure &rArr; luaF_newLclosure &rArr; luaC_newobj &rArr;  luaM_realloc_ (Cycle)
</UL>
<BR>[Calls]<UL><LI><a href="#[1e5]">&gt;&gt;</a>&nbsp;&nbsp;&nbsp;luaF_newLclosure
<LI><a href="#[1e3]">&gt;&gt;</a>&nbsp;&nbsp;&nbsp;luaF_findupval
</UL>
<BR>[Called By]<UL><LI><a href="#[1d0]">&gt;&gt;</a>&nbsp;&nbsp;&nbsp;luaV_execute
</UL>

<P><STRONG><a name="[c2]"></a>_fp_digits</STRONG> (Thumb, 334 bytes, Stack size 56 bytes, printfa.o(i._fp_digits), UNUSED)
<BR><BR>[Calls]<UL><LI><a href="#[7a]">&gt;&gt;</a>&nbsp;&nbsp;&nbsp;__aeabi_ddiv
<LI><a href="#[72]">&gt;&gt;</a>&nbsp;&nbsp;&nbsp;__aeabi_dadd
<LI><a href="#[79]">&gt;&gt;</a>&nbsp;&nbsp;&nbsp;__aeabi_dmul
<LI><a href="#[97]">&gt;&gt;</a>&nbsp;&nbsp;&nbsp;__aeabi_cdrcmple
<LI><a href="#[86]">&gt;&gt;</a>&nbsp;&nbsp;&nbsp;__aeabi_d2ulz
<LI><a href="#[6e]">&gt;&gt;</a>&nbsp;&nbsp;&nbsp;__aeabi_uldivmod
</UL>
<BR>[Called By]<UL><LI><a href="#[b7]">&gt;&gt;</a>&nbsp;&nbsp;&nbsp;_printf_core
</UL>

<P><STRONG><a name="[b7]"></a>_printf_core</STRONG> (Thumb, 1744 bytes, Stack size 136 bytes, printfa.o(i._printf_core), UNUSED)
<BR><BR>[Calls]<UL><LI><a href="#[c3]">&gt;&gt;</a>&nbsp;&nbsp;&nbsp;_printf_pre_padding
<LI><a href="#[c4]">&gt;&gt;</a>&nbsp;&nbsp;&nbsp;_printf_post_padding
<LI><a href="#[c2]">&gt;&gt;</a>&nbsp;&nbsp;&nbsp;_fp_digits
<LI><a href="#[6e]">&gt;&gt;</a>&nbsp;&nbsp;&nbsp;__aeabi_uldivmod
<LI><a href="#[c5]">&gt;&gt;</a>&nbsp;&nbsp;&nbsp;__aeabi_uidivmod
</UL>
<BR>[Called By]<UL><LI><a href="#[b8]">&gt;&gt;</a>&nbsp;&nbsp;&nbsp;__0snprintf
<LI><a href="#[b6]">&gt;&gt;</a>&nbsp;&nbsp;&nbsp;__0fprintf
</UL>

<P><STRONG><a name="[c4]"></a>_printf_post_padding</STRONG> (Thumb, 36 bytes, Stack size 24 bytes, printfa.o(i._printf_post_padding), UNUSED)
<BR><BR>[Called By]<UL><LI><a href="#[b7]">&gt;&gt;</a>&nbsp;&nbsp;&nbsp;_printf_core
</UL>

<P><STRONG><a name="[c3]"></a>_printf_pre_padding</STRONG> (Thumb, 46 bytes, Stack size 24 bytes, printfa.o(i._printf_pre_padding), UNUSED)
<BR><BR>[Called By]<UL><LI><a href="#[b7]">&gt;&gt;</a>&nbsp;&nbsp;&nbsp;_printf_core
</UL>

<P><STRONG><a name="[61]"></a>_snputc</STRONG> (Thumb, 22 bytes, Stack size 0 bytes, printfa.o(i._snputc))
<BR>[Address Reference Count : 1]<UL><LI> printfa.o(i.__0snprintf)
</UL>
<P><STRONG><a name="[bb]"></a>internal_alloc</STRONG> (Thumb, 76 bytes, Stack size 24 bytes, mallocr.o(i.internal_alloc))
<BR><BR>[Stack]<UL><LI>Max Depth = 24<LI>Call Chain = internal_alloc
</UL>
<BR>[Calls]<UL><LI><a href="#[146]">&gt;&gt;</a>&nbsp;&nbsp;&nbsp;__aeabi_memcpy
</UL>
<BR>[Called By]<UL><LI><a href="#[1a9]">&gt;&gt;</a>&nbsp;&nbsp;&nbsp;realloc
<LI><a href="#[ba]">&gt;&gt;</a>&nbsp;&nbsp;&nbsp;__malloc$realloc
</UL>

<P><STRONG><a name="[81]"></a>_local_sscanf</STRONG> (Thumb, 54 bytes, Stack size 56 bytes, strtod.o(.text))
<BR><BR>[Stack]<UL><LI>Max Depth = 160<LI>Call Chain = _local_sscanf &rArr; _scanf_real
</UL>
<BR>[Calls]<UL><LI><a href="#[82]">&gt;&gt;</a>&nbsp;&nbsp;&nbsp;_scanf_real
</UL>
<BR>[Called By]<UL><LI><a href="#[83]">&gt;&gt;</a>&nbsp;&nbsp;&nbsp;__strtod_int
</UL>

<P><STRONG><a name="[88]"></a>_fp_value</STRONG> (Thumb, 256 bytes, Stack size 56 bytes, scanf_fp.o(.text), UNUSED)
<BR><BR>[Calls]<UL><LI><a href="#[7a]">&gt;&gt;</a>&nbsp;&nbsp;&nbsp;__aeabi_ddiv
<LI><a href="#[79]">&gt;&gt;</a>&nbsp;&nbsp;&nbsp;__aeabi_dmul
<LI><a href="#[89]">&gt;&gt;</a>&nbsp;&nbsp;&nbsp;__aeabi_ul2d
</UL>
<BR>[Called By]<UL><LI><a href="#[8a]">&gt;&gt;</a>&nbsp;&nbsp;&nbsp;_scanf_really_real
</UL>
<P>
<H3>
Undefined Global Symbols
</H3><HR></body></html>
